Component: ARM Compiler 5.06 update 1 (build 61) Tool: armlink [4d35a8]

==============================================================================

Section Cross References

    startup_stm32f103xe.o(RESET) refers to startup_stm32f103xe.o(STACK) for __initial_sp
    startup_stm32f103xe.o(RESET) refers to startup_stm32f103xe.o(.text) for Reset_Handler
    startup_stm32f103xe.o(RESET) refers to stm32f1xx_it.o(i.NMI_Handler) for NMI_Handler
    startup_stm32f103xe.o(RESET) refers to stm32f1xx_it.o(i.HardFault_Handler) for HardFault_Handler
    startup_stm32f103xe.o(RESET) refers to stm32f1xx_it.o(i.MemManage_Handler) for MemManage_Handler
    startup_stm32f103xe.o(RESET) refers to stm32f1xx_it.o(i.BusFault_Handler) for BusFault_Handler
    startup_stm32f103xe.o(RESET) refers to stm32f1xx_it.o(i.UsageFault_Handler) for UsageFault_Handler
    startup_stm32f103xe.o(RESET) refers to stm32f1xx_it.o(i.SVC_Handler) for SVC_Handler
    startup_stm32f103xe.o(RESET) refers to stm32f1xx_it.o(i.DebugMon_Handler) for DebugMon_Handler
    startup_stm32f103xe.o(RESET) refers to stm32f1xx_it.o(i.PendSV_Handler) for PendSV_Handler
    startup_stm32f103xe.o(RESET) refers to stm32f1xx_it.o(i.SysTick_Handler) for SysTick_Handler
    startup_stm32f103xe.o(RESET) refers to stm32f1xx_it.o(i.TIM1_UP_IRQHandler) for TIM1_UP_IRQHandler
    startup_stm32f103xe.o(RESET) refers to stm32f1xx_it.o(i.TIM2_IRQHandler) for TIM2_IRQHandler
    startup_stm32f103xe.o(RESET) refers to stm32f1xx_it.o(i.TIM4_IRQHandler) for TIM4_IRQHandler
    startup_stm32f103xe.o(RESET) refers to stm32f1xx_it.o(i.USART1_IRQHandler) for USART1_IRQHandler
    startup_stm32f103xe.o(RESET) refers to stm32f1xx_it.o(i.USART2_IRQHandler) for USART2_IRQHandler
    startup_stm32f103xe.o(.text) refers to system_stm32f1xx.o(i.SystemInit) for SystemInit
    startup_stm32f103xe.o(.text) refers to entry.o(.ARM.Collect$$$$00000000) for __main
    24c16.o(i.Delay_ms) refers to stm32f1xx_hal_rcc.o(i.HAL_RCC_GetHCLKFreq) for HAL_RCC_GetHCLKFreq
    24c16.o(i.Delay_ms) refers to 24c16.o(i.SysTick_Config) for SysTick_Config
    24c16.o(i.Delay_ms) refers to 24c16.o(.data) for time_delay
    24c16.o(i.Delay_us) refers to stm32f1xx_hal_rcc.o(i.HAL_RCC_GetHCLKFreq) for HAL_RCC_GetHCLKFreq
    24c16.o(i.Delay_us) refers to 24c16.o(i.SysTick_Config) for SysTick_Config
    24c16.o(i.Delay_us) refers to 24c16.o(.data) for time_delay
    24c16.o(i.at24c16_read) refers to 24c16.o(i.at24c16_start) for at24c16_start
    24c16.o(i.at24c16_read) refers to 24c16.o(i.write_1byte) for write_1byte
    24c16.o(i.at24c16_read) refers to 24c16.o(i.clock) for clock
    24c16.o(i.at24c16_read) refers to 24c16.o(i.read_1byte) for read_1byte
    24c16.o(i.at24c16_read) refers to 24c16.o(i.at24c16_stop) for at24c16_stop
    24c16.o(i.at24c16_start) refers to stm32f1xx_hal_gpio.o(i.HAL_GPIO_WritePin) for HAL_GPIO_WritePin
    24c16.o(i.at24c16_start) refers to 24c16.o(i.Delay_us) for Delay_us
    24c16.o(i.at24c16_stop) refers to stm32f1xx_hal_gpio.o(i.HAL_GPIO_WritePin) for HAL_GPIO_WritePin
    24c16.o(i.at24c16_stop) refers to 24c16.o(i.Delay_us) for Delay_us
    24c16.o(i.at24c16_write) refers to 24c16.o(i.at24c16_start) for at24c16_start
    24c16.o(i.at24c16_write) refers to 24c16.o(i.write_1byte) for write_1byte
    24c16.o(i.at24c16_write) refers to 24c16.o(i.clock) for clock
    24c16.o(i.at24c16_write) refers to 24c16.o(i.at24c16_stop) for at24c16_stop
    24c16.o(i.at24c16_write) refers to 24c16.o(i.Delay_ms) for Delay_ms
    24c16.o(i.clock) refers to stm32f1xx_hal_gpio.o(i.HAL_GPIO_WritePin) for HAL_GPIO_WritePin
    24c16.o(i.clock) refers to 24c16.o(i.Delay_us) for Delay_us
    24c16.o(i.clock) refers to stm32f1xx_hal_gpio.o(i.HAL_GPIO_ReadPin) for HAL_GPIO_ReadPin
    24c16.o(i.eep_block_write) refers to 24c16.o(i.at24c16_write) for at24c16_write
    24c16.o(i.erase_eeprom) refers to 24c16.o(i.at24c16_write) for at24c16_write
    24c16.o(i.read_1byte) refers to stm32f1xx_hal_gpio.o(i.HAL_GPIO_WritePin) for HAL_GPIO_WritePin
    24c16.o(i.read_1byte) refers to 24c16.o(i.Delay_us) for Delay_us
    24c16.o(i.read_1byte) refers to stm32f1xx_hal_gpio.o(i.HAL_GPIO_ReadPin) for HAL_GPIO_ReadPin
    24c16.o(i.write_1byte) refers to stm32f1xx_hal_gpio.o(i.HAL_GPIO_WritePin) for HAL_GPIO_WritePin
    24c16.o(i.write_1byte) refers to 24c16.o(i.Delay_us) for Delay_us
    main.o(i.Auto_CleanOut) refers to stm32f1xx_hal_gpio.o(i.HAL_GPIO_ReadPin) for HAL_GPIO_ReadPin
    main.o(i.Auto_CleanOut) refers to printf1.o(i.__0printf$1) for __2printf
    main.o(i.Auto_CleanOut) refers to stm32f1xx_hal_gpio.o(i.HAL_GPIO_WritePin) for HAL_GPIO_WritePin
    main.o(i.Auto_CleanOut) refers to 24c16.o(i.Delay_ms) for Delay_ms
    main.o(i.Auto_CleanOut) refers to main.o(.data) for driver
    main.o(i.Auto_CleanOut) refers to main.o(.bss) for t2_count_ms
    main.o(i.Auto_CleanOut) refers to main.o(.conststring) for .conststring
    main.o(i.Auto_CleanOut) refers to 24c16.o(i.at24c16_write) for at24c16_write
[...]
    Removing stm32f1xx_hal_uart.o(i.HAL_UART_Abort), (166 bytes).
    Removing stm32f1xx_hal_uart.o(i.HAL_UART_AbortCpltCallback), (2 bytes).
    Removing stm32f1xx_hal_uart.o(i.HAL_UART_AbortReceive), (100 bytes).
    Removing stm32f1xx_hal_uart.o(i.HAL_UART_AbortReceiveCpltCallback), (2 bytes).
    Removing stm32f1xx_hal_uart.o(i.HAL_UART_AbortReceive_IT), (120 bytes).
    Removing stm32f1xx_hal_uart.o(i.HAL_UART_AbortTransmit), (88 bytes).
    Removing stm32f1xx_hal_uart.o(i.HAL_UART_AbortTransmitCpltCallback), (2 bytes).
    Removing stm32f1xx_hal_uart.o(i.HAL_UART_AbortTransmit_IT), (108 bytes).
    Removing stm32f1xx_hal_uart.o(i.HAL_UART_Abort_IT), (216 bytes).
    Removing stm32f1xx_hal_uart.o(i.HAL_UART_DMAPause), (124 bytes).
    Removing stm32f1xx_hal_uart.o(i.HAL_UART_DMAResume), (126 bytes).
    Removing stm32f1xx_hal_uart.o(i.HAL_UART_DMAStop), (102 bytes).
    Removing stm32f1xx_hal_uart.o(i.HAL_UART_DeInit), (58 bytes).
    Removing stm32f1xx_hal_uart.o(i.HAL_UART_GetError), (6 bytes).
    Removing stm32f1xx_hal_uart.o(i.HAL_UART_GetState), (20 bytes).
    Removing stm32f1xx_hal_uart.o(i.HAL_UART_MspDeInit), (2 bytes).
    Removing stm32f1xx_hal_uart.o(i.HAL_UART_MspInit), (2 bytes).
    Removing stm32f1xx_hal_uart.o(i.HAL_UART_Receive), (222 bytes).
    Removing stm32f1xx_hal_uart.o(i.HAL_UART_Receive_DMA), (196 bytes).
    Removing stm32f1xx_hal_uart.o(i.HAL_UART_RxCpltCallback), (2 bytes).
    Removing stm32f1xx_hal_uart.o(i.HAL_UART_RxHalfCpltCallback), (2 bytes).
    Removing stm32f1xx_hal_uart.o(i.HAL_UART_Transmit_DMA), (156 bytes).
    Removing stm32f1xx_hal_uart.o(i.HAL_UART_Transmit_IT), (88 bytes).
    Removing stm32f1xx_hal_uart.o(i.HAL_UART_TxHalfCpltCallback), (2 bytes).
    Removing stm32f1xx_hal_uart.o(i.UART_DMAError), (80 bytes).
    Removing stm32f1xx_hal_uart.o(i.UART_DMAReceiveCplt), (70 bytes).
    Removing stm32f1xx_hal_uart.o(i.UART_DMARxAbortCallback), (52 bytes).
    Removing stm32f1xx_hal_uart.o(i.UART_DMARxHalfCplt), (14 bytes).
    Removing stm32f1xx_hal_uart.o(i.UART_DMARxOnlyAbortCallback), (24 bytes).
    Removing stm32f1xx_hal_uart.o(i.UART_DMATransmitCplt), (54 bytes).
    Removing stm32f1xx_hal_uart.o(i.UART_DMATxAbortCallback), (52 bytes).
    Removing stm32f1xx_hal_uart.o(i.UART_DMATxHalfCplt), (14 bytes).
    Removing stm32f1xx_hal_uart.o(i.UART_DMATxOnlyAbortCallback), (24 bytes).
    Removing stm32f1xx_hal_uart.o(i.UART_EndTxTransfer), (20 bytes).
    Removing stm32f1xx_hal.o(.rev16_text), (4 bytes).
    Removing stm32f1xx_hal.o(.revsh_text), (4 bytes).
    Removing stm32f1xx_hal.o(.rrx_text), (6 bytes).
    Removing stm32f1xx_hal.o(i.HAL_DBGMCU_DisableDBGSleepMode), (20 bytes).
    Removing stm32f1xx_hal.o(i.HAL_DBGMCU_DisableDBGStandbyMode), (20 bytes).
    Removing stm32f1xx_hal.o(i.HAL_DBGMCU_DisableDBGStopMode), (20 bytes).
    Removing stm32f1xx_hal.o(i.HAL_DBGMCU_EnableDBGSleepMode), (20 bytes).
    Removing stm32f1xx_hal.o(i.HAL_DBGMCU_EnableDBGStandbyMode), (20 bytes).
    Removing stm32f1xx_hal.o(i.HAL_DBGMCU_EnableDBGStopMode), (20 bytes).
    Removing stm32f1xx_hal.o(i.HAL_DeInit), (36 bytes).
    Removing stm32f1xx_hal.o(i.HAL_Delay), (40 bytes).
    Removing stm32f1xx_hal.o(i.HAL_GetDEVID), (16 bytes).
    Removing stm32f1xx_hal.o(i.HAL_GetHalVersion), (8 bytes).
    Removing stm32f1xx_hal.o(i.HAL_GetREVID), (12 bytes).
    Removing stm32f1xx_hal.o(i.HAL_GetTickFreq), (12 bytes).
    Removing stm32f1xx_hal.o(i.HAL_GetTickPrio), (12 bytes).
    Removing stm32f1xx_hal.o(i.HAL_IncTick), (24 bytes).
    Removing stm32f1xx_hal.o(i.HAL_MspDeInit), (2 bytes).
    Removing stm32f1xx_hal.o(i.HAL_MspInit), (2 bytes).
    Removing stm32f1xx_hal.o(i.HAL_ResumeTick), (18 bytes).
    Removing stm32f1xx_hal.o(i.HAL_SetTickFreq), (44 bytes).
    Removing stm32f1xx_hal.o(i.HAL_SuspendTick), (18 bytes).
    Removing stm32f1xx_hal_rcc.o(.rev16_text), (4 bytes).
    Removing stm32f1xx_hal_rcc.o(.revsh_text), (4 bytes).
    Removing stm32f1xx_hal_rcc.o(.rrx_text), (6 bytes).
    Removing stm32f1xx_hal_rcc.o(i.HAL_RCC_CSSCallback), (2 bytes).
    Removing stm32f1xx_hal_rcc.o(i.HAL_RCC_DeInit), (272 bytes).
    Removing stm32f1xx_hal_rcc.o(i.HAL_RCC_DisableCSS), (12 bytes).
    Removing stm32f1xx_hal_rcc.o(i.HAL_RCC_EnableCSS), (12 bytes).
    Removing stm32f1xx_hal_rcc.o(i.HAL_RCC_GetClockConfig), (68 bytes).
    Removing stm32f1xx_hal_rcc.o(i.HAL_RCC_GetOscConfig), (200 bytes).
    Removing stm32f1xx_hal_rcc.o(i.HAL_RCC_MCOConfig), (100 bytes).
    Removing stm32f1xx_hal_rcc.o(i.HAL_RCC_NMI_IRQHandler), (32 bytes).
    Removing stm32f1xx_hal_rcc_ex.o(.rev16_text), (4 bytes).
    Removing stm32f1xx_hal_rcc_ex.o(.revsh_text), (4 bytes).
    Removing stm32f1xx_hal_rcc_ex.o(.rrx_text), (6 bytes).
    Removing stm32f1xx_hal_rcc_ex.o(i.HAL_RCCEx_GetPeriphCLKConfig), (84 bytes).
    Removing stm32f1xx_hal_rcc_ex.o(i.HAL_RCCEx_GetPeriphCLKFreq), (308 bytes).
    Removing stm32f1xx_hal_gpio.o(.rev16_text), (4 bytes).
    Removing stm32f1xx_hal_gpio.o(.revsh_text), (4 bytes).
    Removing stm32f1xx_hal_gpio.o(.rrx_text), (6 bytes).
    Removing stm32f1xx_hal_gpio.o(i.HAL_GPIO_DeInit), (340 bytes).
    Removing stm32f1xx_hal_gpio.o(i.HAL_GPIO_EXTI_Callback), (2 bytes).
    Removing stm32f1xx_hal_gpio.o(i.HAL_GPIO_EXTI_IRQHandler), (28 bytes).
    Removing stm32f1xx_hal_gpio.o(i.HAL_GPIO_LockPin), (46 bytes).
    Removing stm32f1xx_hal_gpio.o(i.HAL_GPIO_TogglePin), (14 bytes).
    Removing stm32f1xx_hal_dma.o(.rev16_text), (4 bytes).
    Removing stm32f1xx_hal_dma.o(.revsh_text), (4 bytes).
    Removing stm32f1xx_hal_dma.o(.rrx_text), (6 bytes).
    Removing stm32f1xx_hal_dma.o(i.DMA_SetConfig), (44 bytes).
    Removing stm32f1xx_hal_dma.o(i.HAL_DMA_Abort), (86 bytes).
    Removing stm32f1xx_hal_dma.o(i.HAL_DMA_DeInit), (140 bytes).
    Removing stm32f1xx_hal_dma.o(i.HAL_DMA_GetError), (6 bytes).
    Removing stm32f1xx_hal_dma.o(i.HAL_DMA_GetState), (8 bytes).
    Removing stm32f1xx_hal_dma.o(i.HAL_DMA_IRQHandler), (920 bytes).
    Removing stm32f1xx_hal_dma.o(i.HAL_DMA_Init), (140 bytes).
    Removing stm32f1xx_hal_dma.o(i.HAL_DMA_PollForTransfer), (1620 bytes).
    Removing stm32f1xx_hal_dma.o(i.HAL_DMA_RegisterCallback), (90 bytes).
    Removing stm32f1xx_hal_dma.o(i.HAL_DMA_Start), (114 bytes).
    Removing stm32f1xx_hal_dma.o(i.HAL_DMA_Start_IT), (156 bytes).
    Removing stm32f1xx_hal_dma.o(i.HAL_DMA_UnRegisterCallback), (106 bytes).
    Removing stm32f1xx_hal_cortex.o(.rev16_text), (4 bytes).
    Removing stm32f1xx_hal_cortex.o(.revsh_text), (4 bytes).
    Removing stm32f1xx_hal_cortex.o(.rrx_text), (6 bytes).
    Removing stm32f1xx_hal_cortex.o(i.HAL_NVIC_ClearPendingIRQ), (36 bytes).
    Removing stm32f1xx_hal_cortex.o(i.HAL_NVIC_DisableIRQ), (68 bytes).
    Removing stm32f1xx_hal_cortex.o(i.HAL_NVIC_GetActive), (48 bytes).
    Removing stm32f1xx_hal_cortex.o(i.HAL_NVIC_GetPendingIRQ), (48 bytes).
    Removing stm32f1xx_hal_cortex.o(i.HAL_NVIC_GetPriority), (148 bytes).
    Removing stm32f1xx_hal_cortex.o(i.HAL_NVIC_GetPriorityGrouping), (8 bytes).
    Removing stm32f1xx_hal_cortex.o(i.HAL_NVIC_SetPendingIRQ), (36 bytes).
    Removing stm32f1xx_hal_cortex.o(i.HAL_NVIC_SystemReset), (68 bytes).
    Removing stm32f1xx_hal_cortex.o(i.HAL_SYSTICK_CLKSourceConfig), (40 bytes).
    Removing stm32f1xx_hal_cortex.o(i.HAL_SYSTICK_Callback), (2 bytes).
    Removing stm32f1xx_hal_cortex.o(i.HAL_SYSTICK_IRQHandler), (8 bytes).
    Removing stm32f1xx_hal_pwr.o(.rev16_text), (4 bytes).
    Removing stm32f1xx_hal_pwr.o(.revsh_text), (4 bytes).
    Removing stm32f1xx_hal_pwr.o(.rrx_text), (6 bytes).
    Removing stm32f1xx_hal_pwr.o(i.HAL_PWR_ConfigPVD), (180 bytes).
    Removing stm32f1xx_hal_pwr.o(i.HAL_PWR_DeInit), (28 bytes).
    Removing stm32f1xx_hal_pwr.o(i.HAL_PWR_DisableBkUpAccess), (12 bytes).
    Removing stm32f1xx_hal_pwr.o(i.HAL_PWR_DisablePVD), (12 bytes).
    Removing stm32f1xx_hal_pwr.o(i.HAL_PWR_DisableSEVOnPend), (20 bytes).
    Removing stm32f1xx_hal_pwr.o(i.HAL_PWR_DisableSleepOnExit), (20 bytes).
    Removing stm32f1xx_hal_pwr.o(i.HAL_PWR_DisableWakeUpPin), (28 bytes).
    Removing stm32f1xx_hal_pwr.o(i.HAL_PWR_EnableBkUpAccess), (12 bytes).
    Removing stm32f1xx_hal_pwr.o(i.HAL_PWR_EnablePVD), (12 bytes).
    Removing stm32f1xx_hal_pwr.o(i.HAL_PWR_EnableSEVOnPend), (20 bytes).
    Removing stm32f1xx_hal_pwr.o(i.HAL_PWR_EnableSleepOnExit), (20 bytes).
    Removing stm32f1xx_hal_pwr.o(i.HAL_PWR_EnableWakeUpPin), (28 bytes).
    Removing stm32f1xx_hal_pwr.o(i.HAL_PWR_EnterSLEEPMode), (32 bytes).
    Removing stm32f1xx_hal_pwr.o(i.HAL_PWR_EnterSTANDBYMode), (40 bytes).
    Removing stm32f1xx_hal_pwr.o(i.HAL_PWR_EnterSTOPMode), (84 bytes).
    Removing stm32f1xx_hal_pwr.o(i.HAL_PWR_PVDCallback), (2 bytes).
    Removing stm32f1xx_hal_pwr.o(i.HAL_PWR_PVD_IRQHandler), (32 bytes).
    Removing stm32f1xx_hal_pwr.o(i.PWR_OverloadWfe), (6 bytes).
    Removing stm32f1xx_hal_flash.o(.rev16_text), (4 bytes).
    Removing stm32f1xx_hal_flash.o(.revsh_text), (4 bytes).
    Removing stm32f1xx_hal_flash.o(.rrx_text), (6 bytes).
    Removing stm32f1xx_hal_flash.o(i.FLASH_Program_HalfWord), (32 bytes).
    Removing stm32f1xx_hal_flash.o(i.FLASH_SetErrorCode), (132 bytes).
    Removing stm32f1xx_hal_flash.o(i.FLASH_WaitForLastOperation), (112 bytes).
    Removing stm32f1xx_hal_flash.o(i.HAL_FLASH_EndOfOperationCallback), (2 bytes).
    Removing stm32f1xx_hal_flash.o(i.HAL_FLASH_GetError), (12 bytes).
    Removing stm32f1xx_hal_flash.o(i.HAL_FLASH_IRQHandler), (384 bytes).
    Removing stm32f1xx_hal_flash.o(i.HAL_FLASH_Lock), (20 bytes).
    Removing stm32f1xx_hal_flash.o(i.HAL_FLASH_OB_Launch), (8 bytes).
    Removing stm32f1xx_hal_flash.o(i.HAL_FLASH_OB_Lock), (20 bytes).
    Removing stm32f1xx_hal_flash.o(i.HAL_FLASH_OB_Unlock), (44 bytes).
    Removing stm32f1xx_hal_flash.o(i.HAL_FLASH_OperationErrorCallback), (2 bytes).
    Removing stm32f1xx_hal_flash.o(i.HAL_FLASH_Program), (176 bytes).
    Removing stm32f1xx_hal_flash.o(i.HAL_FLASH_Program_IT), (124 bytes).
    Removing stm32f1xx_hal_flash.o(i.HAL_FLASH_Unlock), (48 bytes).
    Removing stm32f1xx_hal_flash.o(.bss), (32 bytes).
    Removing stm32f1xx_hal_flash_ex.o(.rev16_text), (4 bytes).
    Removing stm32f1xx_hal_flash_ex.o(.revsh_text), (4 bytes).
    Removing stm32f1xx_hal_flash_ex.o(.rrx_text), (6 bytes).
    Removing stm32f1xx_hal_flash_ex.o(i.FLASH_MassErase), (40 bytes).
    Removing stm32f1xx_hal_flash_ex.o(i.FLASH_OB_DisableWRP), (232 bytes).
    Removing stm32f1xx_hal_flash_ex.o(i.FLASH_OB_EnableWRP), (236 bytes).
    Removing stm32f1xx_hal_flash_ex.o(i.FLASH_OB_GetRDP), (28 bytes).
    Removing stm32f1xx_hal_flash_ex.o(i.FLASH_OB_GetUser), (16 bytes).
    Removing stm32f1xx_hal_flash_ex.o(i.FLASH_OB_GetWRP), (12 bytes).
    Removing stm32f1xx_hal_flash_ex.o(i.FLASH_OB_ProgramData), (76 bytes).
    Removing stm32f1xx_hal_flash_ex.o(i.FLASH_OB_RDP_LevelConfig), (124 bytes).
    Removing stm32f1xx_hal_flash_ex.o(i.FLASH_OB_UserConfig), (84 bytes).
    Removing stm32f1xx_hal_flash_ex.o(i.FLASH_PageErase), (40 bytes).
    Removing stm32f1xx_hal_flash_ex.o(i.HAL_FLASHEx_Erase), (176 bytes).
    Removing stm32f1xx_hal_flash_ex.o(i.HAL_FLASHEx_Erase_IT), (100 bytes).
    Removing stm32f1xx_hal_flash_ex.o(i.HAL_FLASHEx_OBErase), (96 bytes).
    Removing stm32f1xx_hal_flash_ex.o(i.HAL_FLASHEx_OBGetConfig), (28 bytes).
    Removing stm32f1xx_hal_flash_ex.o(i.HAL_FLASHEx_OBGetUserData), (40 bytes).
    Removing stm32f1xx_hal_flash_ex.o(i.HAL_FLASHEx_OBProgram), (200 bytes).
    Removing stm32f1xx_hal_exti.o(.rev16_text), (4 bytes).
    Removing stm32f1xx_hal_exti.o(.revsh_text), (4 bytes).
    Removing stm32f1xx_hal_exti.o(.rrx_text), (6 bytes).
    Removing stm32f1xx_hal_exti.o(i.HAL_EXTI_ClearConfigLine), (120 bytes).
    Removing stm32f1xx_hal_exti.o(i.HAL_EXTI_ClearPending), (28 bytes).
    Removing stm32f1xx_hal_exti.o(i.HAL_EXTI_GenerateSWI), (24 bytes).
    Removing stm32f1xx_hal_exti.o(i.HAL_EXTI_GetConfigLine), (176 bytes).
    Removing stm32f1xx_hal_exti.o(i.HAL_EXTI_GetHandle), (14 bytes).
    Removing stm32f1xx_hal_exti.o(i.HAL_EXTI_GetPending), (36 bytes).
    Removing stm32f1xx_hal_exti.o(i.HAL_EXTI_IRQHandler), (44 bytes).
    Removing stm32f1xx_hal_exti.o(i.HAL_EXTI_RegisterCallback), (20 bytes).
    Removing stm32f1xx_hal_exti.o(i.HAL_EXTI_SetConfigLine), (240 bytes).
    Removing system_stm32f1xx.o(.rev16_text), (4 bytes).
    Removing system_stm32f1xx.o(.revsh_text), (4 bytes).
    Removing system_stm32f1xx.o(.rrx_text), (6 bytes).
    Removing system_stm32f1xx.o(i.SystemCoreClockUpdate), (164 bytes).
    Removing dadd.o(.text), (334 bytes).
    Removing dmul.o(.text), (228 bytes).
    Removing ddiv.o(.text), (222 bytes).
    Removing dfixul.o(.text), (48 bytes).
    Removing cdrcmple.o(.text), (48 bytes).
    Removing depilogue.o(.text), (186 bytes).

413 unused section(s) (total 33392 bytes) removed from the image.

==============================================================================

Image Symbol Table

    Local Symbols

    Symbol Name                              Value     Ov Type        Size  Object(Section)

    ../Drivers/STM32F1xx_HAL_Driver/Src/stm32f1xx_hal.c 0x00000000   Number         0  stm32f1xx_hal.o ABSOLUTE
    ../Drivers/STM32F1xx_HAL_Driver/Src/stm32f1xx_hal_adc.c 0x00000000   Number         0  stm32f1xx_hal_adc.o ABSOLUTE
    ../Drivers/STM32F1xx_HAL_Driver/Src/stm32f1xx_hal_adc_ex.c 0x00000000   Number         0  stm32f1xx_hal_adc_ex.o ABSOLUTE
    ../Drivers/STM32F1xx_HAL_Driver/Src/stm32f1xx_hal_cortex.c 0x00000000   Number         0  stm32f1xx_hal_cortex.o ABSOLUTE
    ../Drivers/STM32F1xx_HAL_Driver/Src/stm32f1xx_hal_dma.c 0x00000000   Number         0  stm32f1xx_hal_dma.o ABSOLUTE
    ../Drivers/STM32F1xx_HAL_Driver/Src/stm32f1xx_hal_exti.c 0x00000000   Number         0  stm32f1xx_hal_exti.o ABSOLUTE
    ../Drivers/STM32F1xx_HAL_Driver/Src/stm32f1xx_hal_flash.c 0x00000000   Number         0  stm32f1xx_hal_flash.o ABSOLUTE
    ../Drivers/STM32F1xx_HAL_Driver/Src/stm32f1xx_hal_flash_ex.c 0x00000000   Number         0  stm32f1xx_hal_flash_ex.o ABSOLUTE
    ../Drivers/STM32F1xx_HAL_Driver/Src/stm32f1xx_hal_gpio.c 0x00000000   Number         0  stm32f1xx_hal_gpio.o ABSOLUTE
    ../Drivers/STM32F1xx_HAL_Driver/Src/stm32f1xx_hal_gpio_ex.c 0x00000000   Number         0  stm32f1xx_hal_gpio_ex.o ABSOLUTE
    ../Drivers/STM32F1xx_HAL_Driver/Src/stm32f1xx_hal_pwr.c 0x00000000   Number         0  stm32f1xx_hal_pwr.o ABSOLUTE
    ../Drivers/STM32F1xx_HAL_Driver/Src/stm32f1xx_hal_rcc.c 0x00000000   Number         0  stm32f1xx_hal_rcc.o ABSOLUTE
    ../Drivers/STM32F1xx_HAL_Driver/Src/stm32f1xx_hal_rcc_ex.c 0x00000000   Number         0  stm32f1xx_hal_rcc_ex.o ABSOLUTE
    ../Drivers/STM32F1xx_HAL_Driver/Src/stm32f1xx_hal_tim.c 0x00000000   Number         0  stm32f1xx_hal_tim.o ABSOLUTE
    ../Drivers/STM32F1xx_HAL_Driver/Src/stm32f1xx_hal_tim_ex.c 0x00000000   Number         0  stm32f1xx_hal_tim_ex.o ABSOLUTE
    ../Drivers/STM32F1xx_HAL_Driver/Src/stm32f1xx_hal_uart.c 0x00000000   Number         0  stm32f1xx_hal_uart.o ABSOLUTE
    ../Src/adc.c                             0x00000000   Number         0  adc.o ABSOLUTE
    ../Src/gpio.c                            0x00000000   Number         0  gpio.o ABSOLUTE
    ../Src/main.c                            0x00000000   Number         0  main.o ABSOLUTE
    ../Src/stm32f1xx_hal_msp.c               0x00000000   Number         0  stm32f1xx_hal_msp.o ABSOLUTE
    ../Src/stm32f1xx_it.c                    0x00000000   Number         0  stm32f1xx_it.o ABSOLUTE
    ../Src/system_stm32f1xx.c                0x00000000   Number         0  system_stm32f1xx.o ABSOLUTE
    ../Src/tim.c                             0x00000000   Number         0  tim.o ABSOLUTE
    ../Src/usart.c                           0x00000000   Number         0  usart.o ABSOLUTE
    ../clib/microlib/division.c              0x00000000   Number         0  uidiv.o ABSOLUTE
    ../clib/microlib/division.c              0x00000000   Number         0  uldiv.o ABSOLUTE
    ../clib/microlib/init/entry.s            0x00000000   Number         0  entry11b.o ABSOLUTE
    ../clib/microlib/init/entry.s            0x00000000   Number         0  entry11a.o ABSOLUTE
    ../clib/microlib/init/entry.s            0x00000000   Number         0  entry10b.o ABSOLUTE
    ../clib/microlib/init/entry.s            0x00000000   Number         0  entry9b.o ABSOLUTE
    ../clib/microlib/init/entry.s            0x00000000   Number         0  entry5.o ABSOLUTE
    ../clib/microlib/init/entry.s            0x00000000   Number         0  entry7a.o ABSOLUTE
    ../clib/microlib/init/entry.s            0x00000000   Number         0  entry.o ABSOLUTE
    ../clib/microlib/init/entry.s            0x00000000   Number         0  entry2.o ABSOLUTE
    ../clib/microlib/init/entry.s            0x00000000   Number         0  entry7b.o ABSOLUTE
    ../clib/microlib/init/entry.s            0x00000000   Number         0  entry10a.o ABSOLUTE
    ../clib/microlib/init/entry.s            0x00000000   Number         0  entry8a.o ABSOLUTE
    ../clib/microlib/init/entry.s            0x00000000   Number         0  entry8b.o ABSOLUTE
    ../clib/microlib/init/entry.s            0x00000000   Number         0  entry9a.o ABSOLUTE
    ../clib/microlib/longlong.c              0x00000000   Number         0  llushr.o ABSOLUTE
    ../clib/microlib/longlong.c              0x00000000   Number         0  llshl.o ABSOLUTE
    ../clib/microlib/longlong.c              0x00000000   Number         0  llsshr.o ABSOLUTE
    ../clib/microlib/printf/printf.c         0x00000000   Number         0  printfb.o ABSOLUTE
    ../clib/microlib/printf/printf.c         0x00000000   Number         0  printf0.o ABSOLUTE
    ../clib/microlib/printf/printf.c         0x00000000   Number         0  printf1.o ABSOLUTE
    ../clib/microlib/printf/printf.c         0x00000000   Number         0  printf2.o ABSOLUTE
    ../clib/microlib/printf/printf.c         0x00000000   Number         0  printf3.o ABSOLUTE
    ../clib/microlib/printf/printf.c         0x00000000   Number         0  printf4.o ABSOLUTE
    ../clib/microlib/printf/printf.c         0x00000000   Number         0  printf5.o ABSOLUTE
    ../clib/microlib/printf/printf.c         0x00000000   Number         0  printf6.o ABSOLUTE
    ../clib/microlib/printf/printf.c         0x00000000   Number         0  printfa.o ABSOLUTE
    ../clib/microlib/printf/printf.c         0x00000000   Number         0  printf7.o ABSOLUTE
    ../clib/microlib/printf/printf.c         0x00000000   Number         0  printf8.o ABSOLUTE
    ../clib/microlib/printf/stubs.s          0x00000000   Number         0  stubs.o ABSOLUTE
    ../clib/microlib/stdio/streams.c         0x00000000   Number         0  stdout.o ABSOLUTE
    ../clib/microlib/string/memset.c         0x00000000   Number         0  memseta.o ABSOLUTE
    ../clib/microlib/string/strlen.c         0x00000000   Number         0  strlen.o ABSOLUTE
    ../clib/microlib/stubs.s                 0x00000000   Number         0  iusefp.o ABSOLUTE
    ../fplib/microlib/fpadd.c                0x00000000   Number         0  dadd.o ABSOLUTE
    ../fplib/microlib/fpdiv.c                0x00000000   Number         0  ddiv.o ABSOLUTE
    ../fplib/microlib/fpepilogue.c           0x00000000   Number         0  depilogue.o ABSOLUTE
    ../fplib/microlib/fpfix.c                0x00000000   Number         0  dfixul.o ABSOLUTE
    ../fplib/microlib/fpmul.c                0x00000000   Number         0  dmul.o ABSOLUTE
    ..\Drivers\STM32F1xx_HAL_Driver\Src\stm32f1xx_hal.c 0x00000000   Number         0  stm32f1xx_hal.o ABSOLUTE
    ..\Drivers\STM32F1xx_HAL_Driver\Src\stm32f1xx_hal_adc.c 0x00000000   Number         0  stm32f1xx_hal_adc.o ABSOLUTE
    ..\Drivers\STM32F1xx_HAL_Driver\Src\stm32f1xx_hal_adc_ex.c 0x00000000   Number         0  stm32f1xx_hal_adc_ex.o ABSOLUTE
    ..\Drivers\STM32F1xx_HAL_Driver\Src\stm32f1xx_hal_cortex.c 0x00000000   Number         0  stm32f1xx_hal_cortex.o ABSOLUTE
    ..\Drivers\STM32F1xx_HAL_Driver\Src\stm32f1xx_hal_dma.c 0x00000000   Number         0  stm32f1xx_hal_dma.o ABSOLUTE
    ..\Drivers\STM32F1xx_HAL_Driver\Src\stm32f1xx_hal_exti.c 0x00000000   Number         0  stm32f1xx_hal_exti.o ABSOLUTE
    ..\Drivers\STM32F1xx_HAL_Driver\Src\stm32f1xx_hal_flash.c 0x00000000   Number         0  stm32f1xx_hal_flash.o ABSOLUTE
    ..\Drivers\STM32F1xx_HAL_Driver\Src\stm32f1xx_hal_flash_ex.c 0x00000000   Number         0  stm32f1xx_hal_flash_ex.o ABSOLUTE
    ..\Drivers\STM32F1xx_HAL_Driver\Src\stm32f1xx_hal_gpio.c 0x00000000   Number         0  stm32f1xx_hal_gpio.o ABSOLUTE
    ..\Drivers\STM32F1xx_HAL_Driver\Src\stm32f1xx_hal_gpio_ex.c 0x00000000   Number         0  stm32f1xx_hal_gpio_ex.o ABSOLUTE
    ..\Drivers\STM32F1xx_HAL_Driver\Src\stm32f1xx_hal_pwr.c 0x00000000   Number         0  stm32f1xx_hal_pwr.o ABSOLUTE
    ..\Drivers\STM32F1xx_HAL_Driver\Src\stm32f1xx_hal_rcc.c 0x00000000   Number         0  stm32f1xx_hal_rcc.o ABSOLUTE
    ..\Drivers\STM32F1xx_HAL_Driver\Src\stm32f1xx_hal_rcc_ex.c 0x00000000   Number         0  stm32f1xx_hal_rcc_ex.o ABSOLUTE
    ..\Drivers\STM32F1xx_HAL_Driver\Src\stm32f1xx_hal_tim.c 0x00000000   Number         0  stm32f1xx_hal_tim.o ABSOLUTE
    ..\Drivers\STM32F1xx_HAL_Driver\Src\stm32f1xx_hal_tim_ex.c 0x00000000   Number         0  stm32f1xx_hal_tim_ex.o ABSOLUTE
    ..\Drivers\STM32F1xx_HAL_Driver\Src\stm32f1xx_hal_uart.c 0x00000000   Number         0  stm32f1xx_hal_uart.o ABSOLUTE
    ..\Src\24c16.c                           0x00000000   Number         0  24c16.o ABSOLUTE
    ..\Src\adc.c                             0x00000000   Number         0  adc.o ABSOLUTE
    ..\Src\gpio.c                            0x00000000   Number         0  gpio.o ABSOLUTE
    ..\Src\main.c                            0x00000000   Number         0  main.o ABSOLUTE
    ..\Src\stm32f1xx_hal_msp.c               0x00000000   Number         0  stm32f1xx_hal_msp.o ABSOLUTE
    ..\Src\stm32f1xx_it.c                    0x00000000   Number         0  stm32f1xx_it.o ABSOLUTE
    ..\Src\system_stm32f1xx.c                0x00000000   Number         0  system_stm32f1xx.o ABSOLUTE
    ..\Src\tim.c                             0x00000000   Number         0  tim.o ABSOLUTE
    ..\Src\usart.c                           0x00000000   Number         0  usart.o ABSOLUTE
    ..\\Src\\24c16.c                         0x00000000   Number         0  24c16.o ABSOLUTE
    cdrcmple.s                               0x00000000   Number         0  cdrcmple.o ABSOLUTE
    dc.s                                     0x00000000   Number         0  dc.o ABSOLUTE
    handlers.s                               0x00000000   Number         0  handlers.o ABSOLUTE
    init.s                                   0x00000000   Number         0  init.o ABSOLUTE
    startup_stm32f103xe.s                    0x00000000   Number         0  startup_stm32f103xe.o ABSOLUTE
    RESET                                    0x08000000   Section      304  startup_stm32f103xe.o(RESET)
    .ARM.Collect$$$$00000000                 0x08000130   Section        0  entry.o(.ARM.Collect$$$$00000000)
    .ARM.Collect$$$$00000001                 0x08000130   Section        4  entry2.o(.ARM.Collect$$$$00000001)
    .ARM.Collect$$$$00000004                 0x08000134   Section        4  entry5.o(.ARM.Collect$$$$00000004)
    .ARM.Collect$$$$00000008                 0x08000138   Section        0  entry7b.o(.ARM.Collect$$$$00000008)
    .ARM.Collect$$$$0000000A                 0x08000138   Section        0  entry8b.o(.ARM.Collect$$$$0000000A)
    .ARM.Collect$$$$0000000B                 0x08000138   Section        8  entry9a.o(.ARM.Collect$$$$0000000B)
    .ARM.Collect$$$$0000000D                 0x08000140   Section        0  entry10a.o(.ARM.Collect$$$$0000000D)
    .ARM.Collect$$$$0000000F                 0x08000140   Section        0  entry11a.o(.ARM.Collect$$$$0000000F)
    .ARM.Collect$$$$00002712                 0x08000140   Section        4  entry2.o(.ARM.Collect$$$$00002712)
    __lit__00000000                          0x08000140   Data           4  entry2.o(.ARM.Collect$$$$00002712)
    .text                                    0x08000144   Section       36  startup_stm32f103xe.o(.text)
    .text                                    0x08000168   Section        0  memseta.o(.text)
    .text                                    0x0800018c   Section        0  strlen.o(.text)
    .text                                    0x0800019a   Section        0  uidiv.o(.text)
    .text                                    0x080001c8   Section       36  init.o(.text)
    i.ADC_ConversionStop_Disable             0x080001ec   Section        0  stm32f1xx_hal_adc.o(i.ADC_ConversionStop_Disable)
    i.Auto_CleanOut                          0x08000240   Section        0  main.o(i.Auto_CleanOut)
    i.BusFault_Handler                       0x08000b80   Section        0  stm32f1xx_it.o(i.BusFault_Handler)
    i.C322_CONFIG_Init                       0x08000b84   Section        0  main.o(i.C322_CONFIG_Init)
    i.CHECK_STATUS                           0x08000c94   Section        0  main.o(i.CHECK_STATUS)
    i.Config_usr322                          0x08000edc   Section        0  main.o(i.Config_usr322)
    i.DebugMon_Handler                       0x08001128   Section        0  stm32f1xx_it.o(i.DebugMon_Handler)
    i.Delay_ms                               0x0800112c   Section        0  24c16.o(i.Delay_ms)
    i.Delay_us                               0x08001164   Section        0  24c16.o(i.Delay_us)
    i.Error_Handler                          0x080011a0   Section        0  main.o(i.Error_Handler)
    i.GetLockCode                            0x080011a4   Section        0  main.o(i.GetLockCode)
    i.HAL_ADC_ConfigChannel                  0x08001220   Section        0  stm32f1xx_hal_adc.o(i.HAL_ADC_ConfigChannel)
    i.HAL_ADC_Init                           0x08001380   Section        0  stm32f1xx_hal_adc.o(i.HAL_ADC_Init)
    i.HAL_ADC_MspInit                        0x080014e0   Section        0  adc.o(i.HAL_ADC_MspInit)
    i.HAL_DMA_Abort_IT                       0x08001550   Section        0  stm32f1xx_hal_dma.o(i.HAL_DMA_Abort_IT)
    i.HAL_GPIO_Init                          0x080016f8   Section        0  stm32f1xx_hal_gpio.o(i.HAL_GPIO_Init)
    i.HAL_GPIO_ReadPin                       0x08001a38   Section        0  stm32f1xx_hal_gpio.o(i.HAL_GPIO_ReadPin)
    i.HAL_GPIO_WritePin                      0x08001a48   Section        0  stm32f1xx_hal_gpio.o(i.HAL_GPIO_WritePin)
    i.HAL_GetTick                            0x08001a54   Section        0  stm32f1xx_hal.o(i.HAL_GetTick)
    i.HAL_GetUIDw0                           0x08001a60   Section        0  stm32f1xx_hal.o(i.HAL_GetUIDw0)
    i.HAL_GetUIDw1                           0x08001a6c   Section        0  stm32f1xx_hal.o(i.HAL_GetUIDw1)
    i.HAL_GetUIDw2                           0x08001a78   Section        0  stm32f1xx_hal.o(i.HAL_GetUIDw2)
    i.HAL_IncTick                            0x08001a84   Section        0  main.o(i.HAL_IncTick)
    i.HAL_Init                               0x08001a9c   Section        0  stm32f1xx_hal.o(i.HAL_Init)
    i.HAL_InitTick                           0x08001ac4   Section        0  stm32f1xx_hal.o(i.HAL_InitTick)
    i.HAL_MspInit                            0x08001b10   Section        0  stm32f1xx_hal_msp.o(i.HAL_MspInit)
    i.HAL_NVIC_EnableIRQ                     0x08001b64   Section        0  stm32f1xx_hal_cortex.o(i.HAL_NVIC_EnableIRQ)
    i.HAL_NVIC_SetPriority                   0x08001b84   Section        0  stm32f1xx_hal_cortex.o(i.HAL_NVIC_SetPriority)
    i.HAL_NVIC_SetPriorityGrouping           0x08001c00   Section        0  stm32f1xx_hal_cortex.o(i.HAL_NVIC_SetPriorityGrouping)
    i.HAL_RCCEx_PeriphCLKConfig              0x08001c28   Section        0  stm32f1xx_hal_rcc_ex.o(i.HAL_RCCEx_PeriphCLKConfig)
    i.HAL_RCC_ClockConfig                    0x08001d58   Section        0  stm32f1xx_hal_rcc.o(i.HAL_RCC_ClockConfig)
    i.HAL_RCC_GetHCLKFreq                    0x08001ee4   Section        0  stm32f1xx_hal_rcc.o(i.HAL_RCC_GetHCLKFreq)
    i.HAL_RCC_GetPCLK1Freq                   0x08001ef0   Section        0  stm32f1xx_hal_rcc.o(i.HAL_RCC_GetPCLK1Freq)
    i.HAL_RCC_GetPCLK2Freq                   0x08001f10   Section        0  stm32f1xx_hal_rcc.o(i.HAL_RCC_GetPCLK2Freq)
    i.HAL_RCC_GetSysClockFreq                0x08001f30   Section        0  stm32f1xx_hal_rcc.o(i.HAL_RCC_GetSysClockFreq)
    i.HAL_RCC_OscConfig                      0x08001fc4   Section        0  stm32f1xx_hal_rcc.o(i.HAL_RCC_OscConfig)
    i.HAL_SYSTICK_Config                     0x08002428   Section        0  stm32f1xx_hal_cortex.o(i.HAL_SYSTICK_Config)
    i.HAL_TIMEx_BreakCallback                0x0800245c   Section        0  stm32f1xx_hal_tim_ex.o(i.HAL_TIMEx_BreakCallback)
    i.HAL_TIMEx_CommutCallback               0x0800245e   Section        0  stm32f1xx_hal_tim_ex.o(i.HAL_TIMEx_CommutCallback)
    i.HAL_TIMEx_MasterConfigSynchronization  0x08002460   Section        0  stm32f1xx_hal_tim_ex.o(i.HAL_TIMEx_MasterConfigSynchronization)
    i.HAL_TIM_Base_Init                      0x080024b4   Section        0  stm32f1xx_hal_tim.o(i.HAL_TIM_Base_Init)
    i.HAL_TIM_Base_MspInit                   0x080024e8   Section        0  tim.o(i.HAL_TIM_Base_MspInit)
    i.HAL_TIM_Base_Start_IT                  0x0800259c   Section        0  stm32f1xx_hal_tim.o(i.HAL_TIM_Base_Start_IT)
    i.HAL_TIM_ConfigClockSource              0x080025c6   Section        0  stm32f1xx_hal_tim.o(i.HAL_TIM_ConfigClockSource)
    i.HAL_TIM_IC_CaptureCallback             0x080026ce   Section        0  stm32f1xx_hal_tim.o(i.HAL_TIM_IC_CaptureCallback)
    i.HAL_TIM_IRQHandler                     0x080026d0   Section        0  stm32f1xx_hal_tim.o(i.HAL_TIM_IRQHandler)
    i.HAL_TIM_MspPostInit                    0x08002868   Section        0  tim.o(i.HAL_TIM_MspPostInit)
    i.HAL_TIM_OC_DelayElapsedCallback        0x080028c0   Section        0  stm32f1xx_hal_tim.o(i.HAL_TIM_OC_DelayElapsedCallback)
    i.HAL_TIM_PWM_ConfigChannel              0x080028c2   Section        0  stm32f1xx_hal_tim.o(i.HAL_TIM_PWM_ConfigChannel)
    i.HAL_TIM_PWM_Init                       0x080029ca   Section        0  stm32f1xx_hal_tim.o(i.HAL_TIM_PWM_Init)
    i.HAL_TIM_PWM_MspInit                    0x080029fe   Section        0  stm32f1xx_hal_tim.o(i.HAL_TIM_PWM_MspInit)
    i.HAL_TIM_PWM_PulseFinishedCallback      0x08002a00   Section        0  stm32f1xx_hal_tim.o(i.HAL_TIM_PWM_PulseFinishedCallback)
    i.HAL_TIM_PWM_Start                      0x08002a04   Section        0  stm32f1xx_hal_tim.o(i.HAL_TIM_PWM_Start)
    i.HAL_TIM_PWM_Stop                       0x08002a5c   Section        0  stm32f1xx_hal_tim.o(i.HAL_TIM_PWM_Stop)
    i.HAL_TIM_PeriodElapsedCallback          0x08002ae4   Section        0  main.o(i.HAL_TIM_PeriodElapsedCallback)
    i.HAL_TIM_TriggerCallback                0x08002b40   Section        0  stm32f1xx_hal_tim.o(i.HAL_TIM_TriggerCallback)
    i.HAL_UART_ErrorCallback                 0x08002b42   Section        0  stm32f1xx_hal_uart.o(i.HAL_UART_ErrorCallback)
    i.HAL_UART_IRQHandler                    0x08002b44   Section        0  stm32f1xx_hal_uart.o(i.HAL_UART_IRQHandler)
    i.HAL_UART_Init                          0x08002c90   Section        0  stm32f1xx_hal_uart.o(i.HAL_UART_Init)
    i.HAL_UART_MspInit                       0x08002d04   Section        0  usart.o(i.HAL_UART_MspInit)
    i.HAL_UART_Receive_IT                    0x08002ef4   Section        0  stm32f1xx_hal_uart.o(i.HAL_UART_Receive_IT)
    i.HAL_UART_RxCpltCallback                0x08002f64   Section        0  main.o(i.HAL_UART_RxCpltCallback)
    i.HAL_UART_Transmit                      0x080034c0   Section        0  stm32f1xx_hal_uart.o(i.HAL_UART_Transmit)
    i.HAL_UART_TxCpltCallback                0x08003596   Section        0  stm32f1xx_hal_uart.o(i.HAL_UART_TxCpltCallback)
    i.HC_SR505_Status                        0x08003598   Section        0  main.o(i.HC_SR505_Status)
    i.HardFault_Handler                      0x08003874   Section        0  stm32f1xx_it.o(i.HardFault_Handler)
    i.Heart_Beat                             0x08003878   Section        0  main.o(i.Heart_Beat)
    i.MEEP_SET                               0x08003914   Section        0  main.o(i.MEEP_SET)
    i.MX_ADC1_Init                           0x0800396c   Section        0  adc.o(i.MX_ADC1_Init)
    i.MX_GPIO_Init                           0x080039c8   Section        0  gpio.o(i.MX_GPIO_Init)
    i.MX_TIM1_Init                           0x08003b80   Section        0  tim.o(i.MX_TIM1_Init)
    i.MX_TIM2_Init                           0x08003bf0   Section        0  tim.o(i.MX_TIM2_Init)
    i.MX_TIM4_Init                           0x08003c5c   Section        0  tim.o(i.MX_TIM4_Init)
    i.MX_UART4_Init                          0x08003d00   Section        0  usart.o(i.MX_UART4_Init)
    i.MX_USART1_UART_Init                    0x08003d38   Section        0  usart.o(i.MX_USART1_UART_Init)
    i.MX_USART2_UART_Init                    0x08003d70   Section        0  usart.o(i.MX_USART2_UART_Init)
    i.MX_USART3_UART_Init                    0x08003da8   Section        0  usart.o(i.MX_USART3_UART_Init)
    i.MemManage_Handler                      0x08003de0   Section        0  stm32f1xx_it.o(i.MemManage_Handler)
    i.ModbusCrc16_Receive                    0x08003de4   Section        0  main.o(i.ModbusCrc16_Receive)
    i.ModbusCrc16_Send                       0x08003e38   Section        0  main.o(i.ModbusCrc16_Send)
    i.NMI_Handler                            0x08003e80   Section        0  stm32f1xx_it.o(i.NMI_Handler)
    i.Noise_Status                           0x08003e84   Section        0  main.o(i.Noise_Status)
    i.OPEN_DOOR                              0x08003f7c   Section        0  main.o(i.OPEN_DOOR)
    i.PendSV_Handler                         0x08003fc0   Section        0  stm32f1xx_it.o(i.PendSV_Handler)
    i.RCC_Delay                              0x08003fc4   Section        0  stm32f1xx_hal_rcc.o(i.RCC_Delay)
    RCC_Delay                                0x08003fc5   Thumb Code    36  stm32f1xx_hal_rcc.o(i.RCC_Delay)
    i.READ_WORKSTATUS                        0x08003fec   Section        0  main.o(i.READ_WORKSTATUS)
    i.SVC_Handler                            0x080042ac   Section        0  stm32f1xx_it.o(i.SVC_Handler)
    i.SoftReset                              0x080042b0   Section        0  main.o(i.SoftReset)
    i.SysTick_Config                         0x080042fc   Section        0  24c16.o(i.SysTick_Config)
    SysTick_Config                           0x080042fd   Thumb Code    74  24c16.o(i.SysTick_Config)
    i.SysTick_Handler                        0x08004350   Section        0  stm32f1xx_it.o(i.SysTick_Handler)
    i.SystemClock_Config                     0x08004358   Section        0  main.o(i.SystemClock_Config)
    i.SystemInit                             0x080043dc   Section        0  system_stm32f1xx.o(i.SystemInit)
    i.TIM1_UP_IRQHandler                     0x08004434   Section        0  stm32f1xx_it.o(i.TIM1_UP_IRQHandler)
    i.TIM2_IRQHandler                        0x08004444   Section        0  stm32f1xx_it.o(i.TIM2_IRQHandler)
    i.TIM4_IRQHandler                        0x08004454   Section        0  stm32f1xx_it.o(i.TIM4_IRQHandler)
    i.TIM_Base_SetConfig                     0x08004464   Section        0  stm32f1xx_hal_tim.o(i.TIM_Base_SetConfig)
    i.TIM_CCxChannelCmd                      0x08004500   Section        0  stm32f1xx_hal_tim.o(i.TIM_CCxChannelCmd)
    i.TIM_ETR_SetConfig                      0x08004522   Section        0  stm32f1xx_hal_tim.o(i.TIM_ETR_SetConfig)
    i.TIM_ITRx_SetConfig                     0x08004538   Section        0  stm32f1xx_hal_tim.o(i.TIM_ITRx_SetConfig)
    TIM_ITRx_SetConfig                       0x08004539   Thumb Code    18  stm32f1xx_hal_tim.o(i.TIM_ITRx_SetConfig)
    i.TIM_OC1_SetConfig                      0x0800454c   Section        0  stm32f1xx_hal_tim.o(i.TIM_OC1_SetConfig)
    TIM_OC1_SetConfig                        0x0800454d   Thumb Code   104  stm32f1xx_hal_tim.o(i.TIM_OC1_SetConfig)
    i.TIM_OC2_SetConfig                      0x080045bc   Section        0  stm32f1xx_hal_tim.o(i.TIM_OC2_SetConfig)
    i.TIM_OC3_SetConfig                      0x08004638   Section        0  stm32f1xx_hal_tim.o(i.TIM_OC3_SetConfig)
    TIM_OC3_SetConfig                        0x08004639   Thumb Code   112  stm32f1xx_hal_tim.o(i.TIM_OC3_SetConfig)
    i.TIM_OC4_SetConfig                      0x080046b0   Section        0  stm32f1xx_hal_tim.o(i.TIM_OC4_SetConfig)
    TIM_OC4_SetConfig                        0x080046b1   Thumb Code    74  stm32f1xx_hal_tim.o(i.TIM_OC4_SetConfig)
    i.TIM_TI1_ConfigInputStage               0x08004704   Section        0  stm32f1xx_hal_tim.o(i.TIM_TI1_ConfigInputStage)
    TIM_TI1_ConfigInputStage                 0x08004705   Thumb Code    38  stm32f1xx_hal_tim.o(i.TIM_TI1_ConfigInputStage)
    i.TIM_TI2_ConfigInputStage               0x0800472a   Section        0  stm32f1xx_hal_tim.o(i.TIM_TI2_ConfigInputStage)
    TIM_TI2_ConfigInputStage                 0x0800472b   Thumb Code    40  stm32f1xx_hal_tim.o(i.TIM_TI2_ConfigInputStage)
    i.UART_DMAAbortOnError                   0x08004752   Section        0  stm32f1xx_hal_uart.o(i.UART_DMAAbortOnError)
    UART_DMAAbortOnError                     0x08004753   Thumb Code    20  stm32f1xx_hal_uart.o(i.UART_DMAAbortOnError)
    i.UART_EndRxTransfer                     0x08004766   Section        0  stm32f1xx_hal_uart.o(i.UART_EndRxTransfer)
    UART_EndRxTransfer                       0x08004767   Thumb Code    32  stm32f1xx_hal_uart.o(i.UART_EndRxTransfer)
    i.UART_EndTransmit_IT                    0x08004786   Section        0  stm32f1xx_hal_uart.o(i.UART_EndTransmit_IT)
    UART_EndTransmit_IT                      0x08004787   Thumb Code    32  stm32f1xx_hal_uart.o(i.UART_EndTransmit_IT)
    i.UART_Receive_IT                        0x080047a6   Section        0  stm32f1xx_hal_uart.o(i.UART_Receive_IT)
    UART_Receive_IT                          0x080047a7   Thumb Code   166  stm32f1xx_hal_uart.o(i.UART_Receive_IT)
    i.UART_SetConfig                         0x0800484c   Section        0  stm32f1xx_hal_uart.o(i.UART_SetConfig)
    UART_SetConfig                           0x0800484d   Thumb Code   412  stm32f1xx_hal_uart.o(i.UART_SetConfig)
    i.UART_Transmit_IT                       0x080049ec   Section        0  stm32f1xx_hal_uart.o(i.UART_Transmit_IT)
    UART_Transmit_IT                         0x080049ed   Thumb Code   104  stm32f1xx_hal_uart.o(i.UART_Transmit_IT)
    i.UART_WaitOnFlagUntilTimeout            0x08004a54   Section        0  stm32f1xx_hal_uart.o(i.UART_WaitOnFlagUntilTimeout)
    UART_WaitOnFlagUntilTimeout              0x08004a55   Thumb Code   108  stm32f1xx_hal_uart.o(i.UART_WaitOnFlagUntilTimeout)
    i.USART1_IRQHandler                      0x08004ac0   Section        0  stm32f1xx_it.o(i.USART1_IRQHandler)
    i.USART2_IRQHandler                      0x08004ad0   Section        0  stm32f1xx_it.o(i.USART2_IRQHandler)
    i.USR_C322_ACTION                        0x08004ae0   Section        0  main.o(i.USR_C322_ACTION)
    i.UsageFault_Handler                     0x08005b30   Section        0  stm32f1xx_it.o(i.UsageFault_Handler)
    i.WORK_DOOR                              0x08005b34   Section        0  main.o(i.WORK_DOOR)
    i.WORK_LED                               0x08005b70   Section        0  main.o(i.WORK_LED)
    i.__0printf$1                            0x08005c50   Section        0  printf1.o(i.__0printf$1)
    i.__NVIC_GetPriorityGrouping             0x08005c70   Section        0  stm32f1xx_hal_cortex.o(i.__NVIC_GetPriorityGrouping)
    __NVIC_GetPriorityGrouping               0x08005c71   Thumb Code    10  stm32f1xx_hal_cortex.o(i.__NVIC_GetPriorityGrouping)
    i.__NVIC_SetPriority                     0x08005c80   Section        0  stm32f1xx_hal_cortex.o(i.__NVIC_SetPriority)
    __NVIC_SetPriority                       0x08005c81   Thumb Code    32  stm32f1xx_hal_cortex.o(i.__NVIC_SetPriority)
    i.__scatterload_copy                     0x08005ca8   Section       14  handlers.o(i.__scatterload_copy)
    i.__scatterload_null                     0x08005cb6   Section        2  handlers.o(i.__scatterload_null)
    i.__scatterload_zeroinit                 0x08005cb8   Section       14  handlers.o(i.__scatterload_zeroinit)
    i._printf_core                           0x08005cc8   Section        0  printf1.o(i._printf_core)
    _printf_core                             0x08005cc9   Thumb Code   336  printf1.o(i._printf_core)
    i.at24c16_read                           0x08005e1c   Section        0  24c16.o(i.at24c16_read)
    i.at24c16_start                          0x08005e60   Section        0  24c16.o(i.at24c16_start)
    i.at24c16_stop                           0x08005e9c   Section        0  24c16.o(i.at24c16_stop)
    i.at24c16_write                          0x08005ecc   Section        0  24c16.o(i.at24c16_write)
    i.clock                                  0x08005f18   Section        0  24c16.o(i.clock)
    i.fputc                                  0x08005f5c   Section        0  main.o(i.fputc)
    i.main                                   0x08005f78   Section        0  main.o(i.main)
    i.read_1byte                             0x0800602c   Section        0  24c16.o(i.read_1byte)
    i.write_1byte                            0x080060a4   Section        0  24c16.o(i.write_1byte)
    .constdata                               0x0800612c   Section       24  system_stm32f1xx.o(.constdata)
    .conststring                             0x08006144   Section      262  main.o(.conststring)
    .data                                    0x20000000   Section        4  24c16.o(.data)
    .data                                    0x20000004   Section      122  main.o(.data)
    para                                     0x20000004   Data          40  main.o(.data)
    .data                                    0x20000080   Section        9  stm32f1xx_hal.o(.data)
    .data                                    0x2000008c   Section        4  system_stm32f1xx.o(.data)
    .data                                    0x20000090   Section        4  stdout.o(.data)
    .bss                                     0x20000094   Section      636  main.o(.bss)
    .bss                                     0x20000310   Section       48  adc.o(.bss)
    .bss                                     0x20000340   Section      192  tim.o(.bss)
    .bss                                     0x20000400   Section      256  usart.o(.bss)
    STACK                                    0x20000500   Section     1024  startup_stm32f103xe.o(STACK)

    Global Symbols

    Symbol Name                              Value     Ov Type        Size  Object(Section)

    BuildAttributes$$THM_ISAv4$P$D$K$B$S$PE$A:L22UL41UL21$X:L11$S22US41US21$IEEE1$IW$USESV6$~STKCKD$USESV7$~SHL$OSPACE$ROPI$EBA8$MICROLIB$REQ8$PRES8$EABIv2 0x00000000   Number         0  anon$$obj.o ABSOLUTE
    __ARM_use_no_argv                        0x00000000   Number         0  main.o ABSOLUTE
    _printf_a                                0x00000000   Number         0  stubs.o ABSOLUTE
    _printf_c                                0x00000000   Number         0  stubs.o ABSOLUTE
    _printf_charcount                        0x00000000   Number         0  stubs.o ABSOLUTE
    _printf_d                                0x00000000   Number         0  stubs.o ABSOLUTE
    _printf_e                                0x00000000   Number         0  stubs.o ABSOLUTE
    _printf_f                                0x00000000   Number         0  stubs.o ABSOLUTE
    _printf_flags                            0x00000000   Number         0  stubs.o ABSOLUTE
    _printf_fp_dec                           0x00000000   Number         0  stubs.o ABSOLUTE
    _printf_fp_hex                           0x00000000   Number         0  stubs.o ABSOLUTE
    _printf_g                                0x00000000   Number         0  stubs.o ABSOLUTE
    _printf_i                                0x00000000   Number         0  stubs.o ABSOLUTE
    _printf_int_dec                          0x00000000   Number         0  stubs.o ABSOLUTE
    _printf_l                                0x00000000   Number         0  stubs.o ABSOLUTE
    _printf_lc                               0x00000000   Number         0  stubs.o ABSOLUTE
    _printf_ll                               0x00000000   Number         0  stubs.o ABSOLUTE
    _printf_lld                              0x00000000   Number         0  stubs.o ABSOLUTE
    _printf_lli                              0x00000000   Number         0  stubs.o ABSOLUTE
    _printf_llo                              0x00000000   Number         0  stubs.o ABSOLUTE
    _printf_llu                              0x00000000   Number         0  stubs.o ABSOLUTE
    _printf_llx                              0x00000000   Number         0  stubs.o ABSOLUTE
    _printf_longlong_dec                     0x00000000   Number         0  stubs.o ABSOLUTE
    _printf_longlong_hex                     0x00000000   Number         0  stubs.o ABSOLUTE
    _printf_longlong_oct                     0x00000000   Number         0  stubs.o ABSOLUTE
    _printf_ls                               0x00000000   Number         0  stubs.o ABSOLUTE
    _printf_mbtowc                           0x00000000   Number         0  stubs.o ABSOLUTE
    _printf_n                                0x00000000   Number         0  stubs.o ABSOLUTE
    _printf_o                                0x00000000   Number         0  stubs.o ABSOLUTE
    _printf_p                                0x00000000   Number         0  stubs.o ABSOLUTE
    _printf_percent                          0x00000000   Number         0  stubs.o ABSOLUTE
    _printf_pre_padding                      0x00000000   Number         0  stubs.o ABSOLUTE
    _printf_return_value                     0x00000000   Number         0  stubs.o ABSOLUTE
    _printf_s                                0x00000000   Number         0  stubs.o ABSOLUTE
    _printf_sizespec                         0x00000000   Number         0  stubs.o ABSOLUTE
    _printf_str                              0x00000000   Number         0  stubs.o ABSOLUTE
    _printf_truncate_signed                  0x00000000   Number         0  stubs.o ABSOLUTE
    _printf_truncate_unsigned                0x00000000   Number         0  stubs.o ABSOLUTE
    _printf_u                                0x00000000   Number         0  stubs.o ABSOLUTE
    _printf_wc                               0x00000000   Number         0  stubs.o ABSOLUTE
    _printf_wctomb                           0x00000000   Number         0  stubs.o ABSOLUTE
    _printf_widthprec                        0x00000000   Number         0  stubs.o ABSOLUTE
    _printf_x                                0x00000000   Number         0  stubs.o ABSOLUTE
    __cpp_initialize__aeabi_                  - Undefined Weak Reference
    __cxa_finalize                            - Undefined Weak Reference
    __decompress                              - Undefined Weak Reference
    _clock_init                               - Undefined Weak Reference
    _microlib_exit                            - Undefined Weak Reference
    __Vectors_Size                           0x00000130   Number         0  startup_stm32f103xe.o ABSOLUTE
    __Vectors                                0x08000000   Data           4  startup_stm32f103xe.o(RESET)
    __Vectors_End                            0x08000130   Data           0  startup_stm32f103xe.o(RESET)
    __main                                   0x08000131   Thumb Code     0  entry.o(.ARM.Collect$$$$00000000)
    _main_stk                                0x08000131   Thumb Code     0  entry2.o(.ARM.Collect$$$$00000001)
    _main_scatterload                        0x08000135   Thumb Code     0  entry5.o(.ARM.Collect$$$$00000004)
    __main_after_scatterload                 0x08000139   Thumb Code     0  entry5.o(.ARM.Collect$$$$00000004)
    _main_clock                              0x08000139   Thumb Code     0  entry7b.o(.ARM.Collect$$$$00000008)
    _main_cpp_init                           0x08000139   Thumb Code     0  entry8b.o(.ARM.Collect$$$$0000000A)
    _main_init                               0x08000139   Thumb Code     0  entry9a.o(.ARM.Collect$$$$0000000B)
    __rt_final_cpp                           0x08000141   Thumb Code     0  entry10a.o(.ARM.Collect$$$$0000000D)
    __rt_final_exit                          0x08000141   Thumb Code     0  entry11a.o(.ARM.Collect$$$$0000000F)
    Reset_Handler                            0x08000145   Thumb Code     8  startup_stm32f103xe.o(.text)
    ADC1_2_IRQHandler                        0x0800015f   Thumb Code     0  startup_stm32f103xe.o(.text)
    ADC3_IRQHandler                          0x0800015f   Thumb Code     0  startup_stm32f103xe.o(.text)
    CAN1_RX1_IRQHandler                      0x0800015f   Thumb Code     0  startup_stm32f103xe.o(.text)
    CAN1_SCE_IRQHandler                      0x0800015f   Thumb Code     0  startup_stm32f103xe.o(.text)
    DMA1_Channel1_IRQHandler                 0x0800015f   Thumb Code     0  startup_stm32f103xe.o(.text)
    DMA1_Channel2_IRQHandler                 0x0800015f   Thumb Code     0  startup_stm32f103xe.o(.text)
    DMA1_Channel3_IRQHandler                 0x0800015f   Thumb Code     0  startup_stm32f103xe.o(.text)
    DMA1_Channel4_IRQHandler                 0x0800015f   Thumb Code     0  startup_stm32f103xe.o(.text)
    DMA1_Channel5_IRQHandler                 0x0800015f   Thumb Code     0  startup_stm32f103xe.o(.text)
    DMA1_Channel6_IRQHandler                 0x0800015f   Thumb Code     0  startup_stm32f103xe.o(.text)
    DMA1_Channel7_IRQHandler                 0x0800015f   Thumb Code     0  startup_stm32f103xe.o(.text)
    DMA2_Channel1_IRQHandler                 0x0800015f   Thumb Code     0  startup_stm32f103xe.o(.text)
    DMA2_Channel2_IRQHandler                 0x0800015f   Thumb Code     0  startup_stm32f103xe.o(.text)
    DMA2_Channel3_IRQHandler                 0x0800015f   Thumb Code     0  startup_stm32f103xe.o(.text)
    DMA2_Channel4_5_IRQHandler               0x0800015f   Thumb Code     0  startup_stm32f103xe.o(.text)
    EXTI0_IRQHandler                         0x0800015f   Thumb Code     0  startup_stm32f103xe.o(.text)
    EXTI15_10_IRQHandler                     0x0800015f   Thumb Code     0  startup_stm32f103xe.o(.text)
    EXTI1_IRQHandler                         0x0800015f   Thumb Code     0  startup_stm32f103xe.o(.text)
    EXTI2_IRQHandler                         0x0800015f   Thumb Code     0  startup_stm32f103xe.o(.text)
    EXTI3_IRQHandler                         0x0800015f   Thumb Code     0  startup_stm32f103xe.o(.text)
    EXTI4_IRQHandler                         0x0800015f   Thumb Code     0  startup_stm32f103xe.o(.text)
    EXTI9_5_IRQHandler                       0x0800015f   Thumb Code     0  startup_stm32f103xe.o(.text)
    FLASH_IRQHandler                         0x0800015f   Thumb Code     0  startup_stm32f103xe.o(.text)
    FSMC_IRQHandler                          0x0800015f   Thumb Code     0  startup_stm32f103xe.o(.text)
    I2C1_ER_IRQHandler                       0x0800015f   Thumb Code     0  startup_stm32f103xe.o(.text)
    I2C1_EV_IRQHandler                       0x0800015f   Thumb Code     0  startup_stm32f103xe.o(.text)
    I2C2_ER_IRQHandler                       0x0800015f   Thumb Code     0  startup_stm32f103xe.o(.text)
    I2C2_EV_IRQHandler                       0x0800015f   Thumb Code     0  startup_stm32f103xe.o(.text)
    PVD_IRQHandler                           0x0800015f   Thumb Code     0  startup_stm32f103xe.o(.text)
    RCC_IRQHandler                           0x0800015f   Thumb Code     0  startup_stm32f103xe.o(.text)
    RTC_Alarm_IRQHandler                     0x0800015f   Thumb Code     0  startup_stm32f103xe.o(.text)
    RTC_IRQHandler                           0x0800015f   Thumb Code     0  startup_stm32f103xe.o(.text)
    SDIO_IRQHandler                          0x0800015f   Thumb Code     0  startup_stm32f103xe.o(.text)
    SPI1_IRQHandler                          0x0800015f   Thumb Code     0  startup_stm32f103xe.o(.text)
    SPI2_IRQHandler                          0x0800015f   Thumb Code     0  startup_stm32f103xe.o(.text)
    SPI3_IRQHandler                          0x0800015f   Thumb Code     0  startup_stm32f103xe.o(.text)
    TAMPER_IRQHandler                        0x0800015f   Thumb Code     0  startup_stm32f103xe.o(.text)
    TIM1_BRK_IRQHandler                      0x0800015f   Thumb Code     0  startup_stm32f103xe.o(.text)
    TIM1_CC_IRQHandler                       0x0800015f   Thumb Code     0  startup_stm32f103xe.o(.text)
    TIM1_TRG_COM_IRQHandler                  0x0800015f   Thumb Code     0  startup_stm32f103xe.o(.text)
    TIM3_IRQHandler                          0x0800015f   Thumb Code     0  startup_stm32f103xe.o(.text)
    TIM5_IRQHandler                          0x0800015f   Thumb Code     0  startup_stm32f103xe.o(.text)
    TIM6_IRQHandler                          0x0800015f   Thumb Code     0  startup_stm32f103xe.o(.text)
    TIM7_IRQHandler                          0x0800015f   Thumb Code     0  startup_stm32f103xe.o(.text)
    TIM8_BRK_IRQHandler                      0x0800015f   Thumb Code     0  startup_stm32f103xe.o(.text)
    TIM8_CC_IRQHandler                       0x0800015f   Thumb Code     0  startup_stm32f103xe.o(.text)
    TIM8_TRG_COM_IRQHandler                  0x0800015f   Thumb Code     0  startup_stm32f103xe.o(.text)
    TIM8_UP_IRQHandler                       0x0800015f   Thumb Code     0  startup_stm32f103xe.o(.text)
    UART4_IRQHandler                         0x0800015f   Thumb Code     0  startup_stm32f103xe.o(.text)
    UART5_IRQHandler                         0x0800015f   Thumb Code     0  startup_stm32f103xe.o(.text)
    USART3_IRQHandler                        0x0800015f   Thumb Code     0  startup_stm32f103xe.o(.text)
    USBWakeUp_IRQHandler                     0x0800015f   Thumb Code     0  startup_stm32f103xe.o(.text)
    USB_HP_CAN1_TX_IRQHandler                0x0800015f   Thumb Code     0  startup_stm32f103xe.o(.text)
    USB_LP_CAN1_RX0_IRQHandler               0x0800015f   Thumb Code     0  startup_stm32f103xe.o(.text)
    WWDG_IRQHandler                          0x0800015f   Thumb Code     0  startup_stm32f103xe.o(.text)
    __aeabi_memset                           0x08000169   Thumb Code    14  memseta.o(.text)
    __aeabi_memset4                          0x08000169   Thumb Code     0  memseta.o(.text)
    __aeabi_memset8                          0x08000169   Thumb Code     0  memseta.o(.text)
    __aeabi_memclr                           0x08000177   Thumb Code     4  memseta.o(.text)
    __aeabi_memclr4                          0x08000177   Thumb Code     0  memseta.o(.text)
    __aeabi_memclr8                          0x08000177   Thumb Code     0  memseta.o(.text)
    _memset$wrapper                          0x0800017b   Thumb Code    18  memseta.o(.text)
    strlen                                   0x0800018d   Thumb Code    14  strlen.o(.text)
    __aeabi_uidiv                            0x0800019b   Thumb Code     0  uidiv.o(.text)
    __aeabi_uidivmod                         0x0800019b   Thumb Code    44  uidiv.o(.text)
    __scatterload                            0x080001c9   Thumb Code    28  init.o(.text)
    __scatterload_rt2                        0x080001c9   Thumb Code     0  init.o(.text)
    ADC_ConversionStop_Disable               0x080001ed   Thumb Code    82  stm32f1xx_hal_adc.o(i.ADC_ConversionStop_Disable)
    Auto_CleanOut                            0x08000241   Thumb Code  2038  main.o(i.Auto_CleanOut)
    BusFault_Handler                         0x08000b81   Thumb Code     4  stm32f1xx_it.o(i.BusFault_Handler)
    C322_CONFIG_Init                         0x08000b85   Thumb Code   166  main.o(i.C322_CONFIG_Init)
    CHECK_STATUS                             0x08000c95   Thumb Code   442  main.o(i.CHECK_STATUS)
    Config_usr322                            0x08000edd   Thumb Code   540  main.o(i.Config_usr322)
    DebugMon_Handler                         0x08001129   Thumb Code     2  stm32f1xx_it.o(i.DebugMon_Handler)
    Delay_ms                                 0x0800112d   Thumb Code    52  24c16.o(i.Delay_ms)
    Delay_us                                 0x08001165   Thumb Code    50  24c16.o(i.Delay_us)
    Error_Handler                            0x080011a1   Thumb Code     2  main.o(i.Error_Handler)
    GetLockCode                              0x080011a5   Thumb Code    94  main.o(i.GetLockCode)
    HAL_ADC_ConfigChannel                    0x08001221   Thumb Code   338  stm32f1xx_hal_adc.o(i.HAL_ADC_ConfigChannel)
    HAL_ADC_Init                             0x08001381   Thumb Code   340  stm32f1xx_hal_adc.o(i.HAL_ADC_Init)
    HAL_ADC_MspInit                          0x080014e1   Thumb Code    98  adc.o(i.HAL_ADC_MspInit)
    HAL_DMA_Abort_IT                         0x08001551   Thumb Code   414  stm32f1xx_hal_dma.o(i.HAL_DMA_Abort_IT)
    HAL_GPIO_Init                            0x080016f9   Thumb Code   792  stm32f1xx_hal_gpio.o(i.HAL_GPIO_Init)
    HAL_GPIO_ReadPin                         0x08001a39   Thumb Code    16  stm32f1xx_hal_gpio.o(i.HAL_GPIO_ReadPin)
    HAL_GPIO_WritePin                        0x08001a49   Thumb Code    12  stm32f1xx_hal_gpio.o(i.HAL_GPIO_WritePin)
    HAL_GetTick                              0x08001a55   Thumb Code     6  stm32f1xx_hal.o(i.HAL_GetTick)
    HAL_GetUIDw0                             0x08001a61   Thumb Code     6  stm32f1xx_hal.o(i.HAL_GetUIDw0)
    HAL_GetUIDw1                             0x08001a6d   Thumb Code     6  stm32f1xx_hal.o(i.HAL_GetUIDw1)
    HAL_GetUIDw2                             0x08001a79   Thumb Code     6  stm32f1xx_hal.o(i.HAL_GetUIDw2)
    HAL_IncTick                              0x08001a85   Thumb Code    18  main.o(i.HAL_IncTick)
    HAL_Init                                 0x08001a9d   Thumb Code    34  stm32f1xx_hal.o(i.HAL_Init)
    HAL_InitTick                             0x08001ac5   Thumb Code    64  stm32f1xx_hal.o(i.HAL_InitTick)
    HAL_MspInit                              0x08001b11   Thumb Code    76  stm32f1xx_hal_msp.o(i.HAL_MspInit)
    HAL_NVIC_EnableIRQ                       0x08001b65   Thumb Code    32  stm32f1xx_hal_cortex.o(i.HAL_NVIC_EnableIRQ)
    HAL_NVIC_SetPriority                     0x08001b85   Thumb Code   124  stm32f1xx_hal_cortex.o(i.HAL_NVIC_SetPriority)
    HAL_NVIC_SetPriorityGrouping             0x08001c01   Thumb Code    32  stm32f1xx_hal_cortex.o(i.HAL_NVIC_SetPriorityGrouping)
    HAL_RCCEx_PeriphCLKConfig                0x08001c29   Thumb Code   290  stm32f1xx_hal_rcc_ex.o(i.HAL_RCCEx_PeriphCLKConfig)
    HAL_RCC_ClockConfig                      0x08001d59   Thumb Code   376  stm32f1xx_hal_rcc.o(i.HAL_RCC_ClockConfig)
    HAL_RCC_GetHCLKFreq                      0x08001ee5   Thumb Code     6  stm32f1xx_hal_rcc.o(i.HAL_RCC_GetHCLKFreq)
    HAL_RCC_GetPCLK1Freq                     0x08001ef1   Thumb Code    22  stm32f1xx_hal_rcc.o(i.HAL_RCC_GetPCLK1Freq)
    HAL_RCC_GetPCLK2Freq                     0x08001f11   Thumb Code    22  stm32f1xx_hal_rcc.o(i.HAL_RCC_GetPCLK2Freq)
    HAL_RCC_GetSysClockFreq                  0x08001f31   Thumb Code   116  stm32f1xx_hal_rcc.o(i.HAL_RCC_GetSysClockFreq)
    HAL_RCC_OscConfig                        0x08001fc5   Thumb Code  1114  stm32f1xx_hal_rcc.o(i.HAL_RCC_OscConfig)
    HAL_SYSTICK_Config                       0x08002429   Thumb Code    52  stm32f1xx_hal_cortex.o(i.HAL_SYSTICK_Config)
    HAL_TIMEx_BreakCallback                  0x0800245d   Thumb Code     2  stm32f1xx_hal_tim_ex.o(i.HAL_TIMEx_BreakCallback)
    HAL_TIMEx_CommutCallback                 0x0800245f   Thumb Code     2  stm32f1xx_hal_tim_ex.o(i.HAL_TIMEx_CommutCallback)
    HAL_TIMEx_MasterConfigSynchronization    0x08002461   Thumb Code    84  stm32f1xx_hal_tim_ex.o(i.HAL_TIMEx_MasterConfigSynchronization)
    HAL_TIM_Base_Init                        0x080024b5   Thumb Code    52  stm32f1xx_hal_tim.o(i.HAL_TIM_Base_Init)
    HAL_TIM_Base_MspInit                     0x080024e9   Thumb Code   166  tim.o(i.HAL_TIM_Base_MspInit)
    HAL_TIM_Base_Start_IT                    0x0800259d   Thumb Code    42  stm32f1xx_hal_tim.o(i.HAL_TIM_Base_Start_IT)
    HAL_TIM_ConfigClockSource                0x080025c7   Thumb Code   264  stm32f1xx_hal_tim.o(i.HAL_TIM_ConfigClockSource)
    HAL_TIM_IC_CaptureCallback               0x080026cf   Thumb Code     2  stm32f1xx_hal_tim.o(i.HAL_TIM_IC_CaptureCallback)
    HAL_TIM_IRQHandler                       0x080026d1   Thumb Code   406  stm32f1xx_hal_tim.o(i.HAL_TIM_IRQHandler)
    HAL_TIM_MspPostInit                      0x08002869   Thumb Code    74  tim.o(i.HAL_TIM_MspPostInit)
    HAL_TIM_OC_DelayElapsedCallback          0x080028c1   Thumb Code     2  stm32f1xx_hal_tim.o(i.HAL_TIM_OC_DelayElapsedCallback)
    HAL_TIM_PWM_ConfigChannel                0x080028c3   Thumb Code   264  stm32f1xx_hal_tim.o(i.HAL_TIM_PWM_ConfigChannel)
    HAL_TIM_PWM_Init                         0x080029cb   Thumb Code    52  stm32f1xx_hal_tim.o(i.HAL_TIM_PWM_Init)
    HAL_TIM_PWM_MspInit                      0x080029ff   Thumb Code     2  stm32f1xx_hal_tim.o(i.HAL_TIM_PWM_MspInit)
    HAL_TIM_PWM_PulseFinishedCallback        0x08002a01   Thumb Code     2  stm32f1xx_hal_tim.o(i.HAL_TIM_PWM_PulseFinishedCallback)
    HAL_TIM_PWM_Start                        0x08002a05   Thumb Code    80  stm32f1xx_hal_tim.o(i.HAL_TIM_PWM_Start)
    HAL_TIM_PWM_Stop                         0x08002a5d   Thumb Code   126  stm32f1xx_hal_tim.o(i.HAL_TIM_PWM_Stop)
    HAL_TIM_PeriodElapsedCallback            0x08002ae5   Thumb Code    74  main.o(i.HAL_TIM_PeriodElapsedCallback)
    HAL_TIM_TriggerCallback                  0x08002b41   Thumb Code     2  stm32f1xx_hal_tim.o(i.HAL_TIM_TriggerCallback)
    HAL_UART_ErrorCallback                   0x08002b43   Thumb Code     2  stm32f1xx_hal_uart.o(i.HAL_UART_ErrorCallback)
    HAL_UART_IRQHandler                      0x08002b45   Thumb Code   326  stm32f1xx_hal_uart.o(i.HAL_UART_IRQHandler)
    HAL_UART_Init                            0x08002c91   Thumb Code   114  stm32f1xx_hal_uart.o(i.HAL_UART_Init)
    HAL_UART_MspInit                         0x08002d05   Thumb Code   464  usart.o(i.HAL_UART_MspInit)
    HAL_UART_Receive_IT                      0x08002ef5   Thumb Code   112  stm32f1xx_hal_uart.o(i.HAL_UART_Receive_IT)
    HAL_UART_RxCpltCallback                  0x08002f65   Thumb Code  1342  main.o(i.HAL_UART_RxCpltCallback)
    HAL_UART_Transmit                        0x080034c1   Thumb Code   214  stm32f1xx_hal_uart.o(i.HAL_UART_Transmit)
    HAL_UART_TxCpltCallback                  0x08003597   Thumb Code     2  stm32f1xx_hal_uart.o(i.HAL_UART_TxCpltCallback)
    HC_SR505_Status                          0x08003599   Thumb Code   448  main.o(i.HC_SR505_Status)
    HardFault_Handler                        0x08003875   Thumb Code     4  stm32f1xx_it.o(i.HardFault_Handler)
    Heart_Beat                               0x08003879   Thumb Code   110  main.o(i.Heart_Beat)
    MEEP_SET                                 0x08003915   Thumb Code    76  main.o(i.MEEP_SET)
    MX_ADC1_Init                             0x0800396d   Thumb Code    82  adc.o(i.MX_ADC1_Init)
    MX_GPIO_Init                             0x080039c9   Thumb Code   418  gpio.o(i.MX_GPIO_Init)
    MX_TIM1_Init                             0x08003b81   Thumb Code   102  tim.o(i.MX_TIM1_Init)
    MX_TIM2_Init                             0x08003bf1   Thumb Code   102  tim.o(i.MX_TIM2_Init)
    MX_TIM4_Init                             0x08003c5d   Thumb Code   156  tim.o(i.MX_TIM4_Init)
    MX_UART4_Init                            0x08003d01   Thumb Code    46  usart.o(i.MX_UART4_Init)
    MX_USART1_UART_Init                      0x08003d39   Thumb Code    46  usart.o(i.MX_USART1_UART_Init)
    MX_USART2_UART_Init                      0x08003d71   Thumb Code    46  usart.o(i.MX_USART2_UART_Init)
    MX_USART3_UART_Init                      0x08003da9   Thumb Code    46  usart.o(i.MX_USART3_UART_Init)
    MemManage_Handler                        0x08003de1   Thumb Code     4  stm32f1xx_it.o(i.MemManage_Handler)
    ModbusCrc16_Receive                      0x08003de5   Thumb Code    84  main.o(i.ModbusCrc16_Receive)
    ModbusCrc16_Send                         0x08003e39   Thumb Code    72  main.o(i.ModbusCrc16_Send)
    NMI_Handler                              0x08003e81   Thumb Code     2  stm32f1xx_it.o(i.NMI_Handler)
    Noise_Status                             0x08003e85   Thumb Code   192  main.o(i.Noise_Status)
    OPEN_DOOR                                0x08003f7d   Thumb Code    54  main.o(i.OPEN_DOOR)
    PendSV_Handler                           0x08003fc1   Thumb Code     2  stm32f1xx_it.o(i.PendSV_Handler)
    READ_WORKSTATUS                          0x08003fed   Thumb Code   384  main.o(i.READ_WORKSTATUS)
    SVC_Handler                              0x080042ad   Thumb Code     2  stm32f1xx_it.o(i.SVC_Handler)
    SoftReset                                0x080042b1   Thumb Code    68  main.o(i.SoftReset)
    SysTick_Handler                          0x08004351   Thumb Code     8  stm32f1xx_it.o(i.SysTick_Handler)
    SystemClock_Config                       0x08004359   Thumb Code   130  main.o(i.SystemClock_Config)
    SystemInit                               0x080043dd   Thumb Code    70  system_stm32f1xx.o(i.SystemInit)
    TIM1_UP_IRQHandler                       0x08004435   Thumb Code    10  stm32f1xx_it.o(i.TIM1_UP_IRQHandler)
    TIM2_IRQHandler                          0x08004445   Thumb Code    10  stm32f1xx_it.o(i.TIM2_IRQHandler)
    TIM4_IRQHandler                          0x08004455   Thumb Code    10  stm32f1xx_it.o(i.TIM4_IRQHandler)
    TIM_Base_SetConfig                       0x08004465   Thumb Code   134  stm32f1xx_hal_tim.o(i.TIM_Base_SetConfig)
    TIM_CCxChannelCmd                        0x08004501   Thumb Code    34  stm32f1xx_hal_tim.o(i.TIM_CCxChannelCmd)
    TIM_ETR_SetConfig                        0x08004523   Thumb Code    22  stm32f1xx_hal_tim.o(i.TIM_ETR_SetConfig)
    TIM_OC2_SetConfig                        0x080045bd   Thumb Code   114  stm32f1xx_hal_tim.o(i.TIM_OC2_SetConfig)
    USART1_IRQHandler                        0x08004ac1   Thumb Code    10  stm32f1xx_it.o(i.USART1_IRQHandler)
    USART2_IRQHandler                        0x08004ad1   Thumb Code    10  stm32f1xx_it.o(i.USART2_IRQHandler)
    USR_C322_ACTION                          0x08004ae1   Thumb Code  3898  main.o(i.USR_C322_ACTION)
    UsageFault_Handler                       0x08005b31   Thumb Code     4  stm32f1xx_it.o(i.UsageFault_Handler)
    WORK_DOOR                                0x08005b35   Thumb Code    56  main.o(i.WORK_DOOR)
    WORK_LED                                 0x08005b71   Thumb Code   210  main.o(i.WORK_LED)
    __0printf$1                              0x08005c51   Thumb Code    22  printf1.o(i.__0printf$1)
    __1printf$1                              0x08005c51   Thumb Code     0  printf1.o(i.__0printf$1)
    __2printf                                0x08005c51   Thumb Code     0  printf1.o(i.__0printf$1)
    __scatterload_copy                       0x08005ca9   Thumb Code    14  handlers.o(i.__scatterload_copy)
    __scatterload_null                       0x08005cb7   Thumb Code     2  handlers.o(i.__scatterload_null)
    __scatterload_zeroinit                   0x08005cb9   Thumb Code    14  handlers.o(i.__scatterload_zeroinit)
    at24c16_read                             0x08005e1d   Thumb Code    66  24c16.o(i.at24c16_read)
    at24c16_start                            0x08005e61   Thumb Code    54  24c16.o(i.at24c16_start)
    at24c16_stop                             0x08005e9d   Thumb Code    42  24c16.o(i.at24c16_stop)
    at24c16_write                            0x08005ecd   Thumb Code    76  24c16.o(i.at24c16_write)
    clock                                    0x08005f19   Thumb Code    64  24c16.o(i.clock)
    fputc                                    0x08005f5d   Thumb Code    22  main.o(i.fputc)
    main                                     0x08005f79   Thumb Code   144  main.o(i.main)
    read_1byte                               0x0800602d   Thumb Code   114  24c16.o(i.read_1byte)
    write_1byte                              0x080060a5   Thumb Code   130  24c16.o(i.write_1byte)
    AHBPrescTable                            0x0800612c   Data          16  system_stm32f1xx.o(.constdata)
    APBPrescTable                            0x0800613c   Data           8  system_stm32f1xx.o(.constdata)
    Region$$Table$$Base                      0x0800624c   Number         0  anon$$obj.o(Region$$Table)
    Region$$Table$$Limit                     0x0800626c   Number         0  anon$$obj.o(Region$$Table)
    time_delay                               0x20000000   Data           4  24c16.o(.data)
    driver                                   0x2000002c   Data           3  main.o(.data)
    test_value                               0x2000002f   Data           1  main.o(.data)
    test_c322_value                          0x20000030   Data           1  main.o(.data)
    C322_Config_Success                      0x20000031   Data           1  main.o(.data)
    usr_c322                                 0x20000032   Data           1  main.o(.data)
    Noise_SendData                           0x20000033   Data           8  main.o(.data)
    Heart_beat                               0x2000003b   Data          10  main.o(.data)
    Alarm_Data                               0x20000045   Data          10  main.o(.data)
    Heart_Rev                                0x2000004f   Data          10  main.o(.data)
    work_status                              0x20000059   Data           1  main.o(.data)
    id_name                                  0x2000005a   Data           4  main.o(.data)
    work_fault                               0x2000005e   Data           1  main.o(.data)
    noise_num                                0x2000005f   Data           1  main.o(.data)
    alarm_start                              0x20000060   Data           1  main.o(.data)
    net_work                                 0x20000061   Data           1  main.o(.data)
    alarm_times                              0x20000062   Data           1  main.o(.data)
    auto_fooh                                0x20000063   Data           1  main.o(.data)
    net_check                                0x20000064   Data           1  main.o(.data)
    heart_check                              0x20000065   Data           1  main.o(.data)
    meep_status                              0x20000066   Data           1  main.o(.data)
    led_status                               0x20000067   Data           1  main.o(.data)
    led_set_work                             0x20000068   Data           1  main.o(.data)
    door_status                              0x20000069   Data           1  main.o(.data)
    Lock_Code                                0x2000006c   Data           4  main.o(.data)
    Buff_test                                0x20000070   Data           4  main.o(.data)
    Noise_db                                 0x20000074   Data           2  main.o(.data)
    auto_clean                               0x20000076   Data           1  main.o(.data)
    auto_clean_step                          0x20000077   Data           1  main.o(.data)
    t1_count_ms                              0x20000078   Data           4  main.o(.data)
    aa                                       0x2000007c   Data           1  main.o(.data)
    bb                                       0x2000007d   Data           1  main.o(.data)
    uwTick                                   0x20000080   Data           4  stm32f1xx_hal.o(.data)
    uwTickPrio                               0x20000084   Data           4  stm32f1xx_hal.o(.data)
    uwTickFreq                               0x20000088   Data           1  stm32f1xx_hal.o(.data)
    SystemCoreClock                          0x2000008c   Data           4  system_stm32f1xx.o(.data)
    __stdout                                 0x20000090   Data           4  stdout.o(.data)
    Uart1                                    0x20000094   Data         279  main.o(.bss)
    Uart2                                    0x200001ab   Data         279  main.o(.bss)
    CpuID                                    0x200002c4   Data          12  main.o(.bss)
    t2_count_ms                              0x200002d0   Data          64  main.o(.bss)
    hadc1                                    0x20000310   Data          48  adc.o(.bss)
    htim1                                    0x20000340   Data          64  tim.o(.bss)
    htim2                                    0x20000380   Data          64  tim.o(.bss)
    htim4                                    0x200003c0   Data          64  tim.o(.bss)
    huart4                                   0x20000400   Data          64  usart.o(.bss)
    huart1                                   0x20000440   Data          64  usart.o(.bss)
    huart2                                   0x20000480   Data          64  usart.o(.bss)
    huart3                                   0x200004c0   Data          64  usart.o(.bss)
    __initial_sp                             0x20000900   Data           0  startup_stm32f103xe.o(STACK)



==============================================================================

Memory Map of the image

  Image Entry point : 0x08000131

  Load Region LR_IROM1 (Base: 0x08000000, Size: 0x00006300, Max: 0x00040000, ABSOLUTE)

    Execution Region ER_IROM1 (Base: 0x08000000, Size: 0x0000626c, Max: 0x00040000, ABSOLUTE)

    Base Addr    Size         Type   Attr      Idx    E Section Name        Object

    0x08000000   0x00000130   Data   RO            3    RESET               startup_stm32f103xe.o
    0x08000130   0x00000000   Code   RO         3354  * .ARM.Collect$$$$00000000  mc_w.l(entry.o)
    0x08000130   0x00000004   Code   RO         3624    .ARM.Collect$$$$00000001  mc_w.l(entry2.o)
    0x08000134   0x00000004   Code   RO         3627    .ARM.Collect$$$$00000004  mc_w.l(entry5.o)
    0x08000138   0x00000000   Code   RO         3629    .ARM.Collect$$$$00000008  mc_w.l(entry7b.o)
    0x08000138   0x00000000   Code   RO         3631    .ARM.Collect$$$$0000000A  mc_w.l(entry8b.o)
    0x08000138   0x00000008   Code   RO         3632    .ARM.Collect$$$$0000000B  mc_w.l(entry9a.o)
    0x08000140   0x00000000   Code   RO         3634    .ARM.Collect$$$$0000000D  mc_w.l(entry10a.o)
    0x08000140   0x00000000   Code   RO         3636    .ARM.Collect$$$$0000000F  mc_w.l(entry11a.o)
    0x08000140   0x00000004   Code   RO         3625    .ARM.Collect$$$$00002712  mc_w.l(entry2.o)
    0x08000144   0x00000024   Code   RO            4    .text               startup_stm32f103xe.o
    0x08000168   0x00000024   Code   RO         3359    .text               mc_w.l(memseta.o)
    0x0800018c   0x0000000e   Code   RO         3361    .text               mc_w.l(strlen.o)
    0x0800019a   0x0000002c   Code   RO         3639    .text               mc_w.l(uidiv.o)
    0x080001c6   0x00000002   PAD
    0x080001c8   0x00000024   Code   RO         3654    .text               mc_w.l(init.o)
    0x080001ec   0x00000052   Code   RO          768    i.ADC_ConversionStop_Disable  stm32f1xx_hal_adc.o
    0x0800023e   0x00000002   PAD
    0x08000240   0x00000940   Code   RO          203    i.Auto_CleanOut     main.o
    0x08000b80   0x00000004   Code   RO          602    i.BusFault_Handler  stm32f1xx_it.o
    0x08000b84   0x00000110   Code   RO          204    i.C322_CONFIG_Init  main.o
    0x08000c94   0x00000248   Code   RO          205    i.CHECK_STATUS      main.o
    0x08000edc   0x0000024c   Code   RO          206    i.Config_usr322     main.o
    0x08001128   0x00000002   Code   RO          603    i.DebugMon_Handler  stm32f1xx_it.o
    0x0800112a   0x00000002   PAD
    0x0800112c   0x00000038   Code   RO           13    i.Delay_ms          24c16.o
    0x08001164   0x0000003c   Code   RO           14    i.Delay_us          24c16.o
    0x080011a0   0x00000002   Code   RO          207    i.Error_Handler     main.o
    0x080011a2   0x00000002   PAD
    0x080011a4   0x0000007c   Code   RO          208    i.GetLockCode       main.o
    0x08001220   0x00000160   Code   RO          774    i.HAL_ADC_ConfigChannel  stm32f1xx_hal_adc.o
    0x08001380   0x00000160   Code   RO          783    i.HAL_ADC_Init      stm32f1xx_hal_adc.o
    0x080014e0   0x00000070   Code   RO          441    i.HAL_ADC_MspInit   adc.o
    0x08001550   0x000001a8   Code   RO         2699    i.HAL_DMA_Abort_IT  stm32f1xx_hal_dma.o
    0x080016f8   0x00000340   Code   RO         2634    i.HAL_GPIO_Init     stm32f1xx_hal_gpio.o
    0x08001a38   0x00000010   Code   RO         2636    i.HAL_GPIO_ReadPin  stm32f1xx_hal_gpio.o
    0x08001a48   0x0000000c   Code   RO         2638    i.HAL_GPIO_WritePin  stm32f1xx_hal_gpio.o
    0x08001a54   0x0000000c   Code   RO         2325    i.HAL_GetTick       stm32f1xx_hal.o
    0x08001a60   0x0000000c   Code   RO         2328    i.HAL_GetUIDw0      stm32f1xx_hal.o
    0x08001a6c   0x0000000c   Code   RO         2329    i.HAL_GetUIDw1      stm32f1xx_hal.o
    0x08001a78   0x0000000c   Code   RO         2330    i.HAL_GetUIDw2      stm32f1xx_hal.o
    0x08001a84   0x00000018   Code   RO          209    i.HAL_IncTick       main.o
    0x08001a9c   0x00000028   Code   RO         2332    i.HAL_Init          stm32f1xx_hal.o
    0x08001ac4   0x0000004c   Code   RO         2333    i.HAL_InitTick      stm32f1xx_hal.o
    0x08001b10   0x00000054   Code   RO          708    i.HAL_MspInit       stm32f1xx_hal_msp.o
    0x08001b64   0x00000020   Code   RO         2794    i.HAL_NVIC_EnableIRQ  stm32f1xx_hal_cortex.o
    0x08001b84   0x0000007c   Code   RO         2800    i.HAL_NVIC_SetPriority  stm32f1xx_hal_cortex.o
    0x08001c00   0x00000028   Code   RO         2801    i.HAL_NVIC_SetPriorityGrouping  stm32f1xx_hal_cortex.o
    0x08001c28   0x00000130   Code   RO         2597    i.HAL_RCCEx_PeriphCLKConfig  stm32f1xx_hal_rcc_ex.o
    0x08001d58   0x0000018c   Code   RO         2489    i.HAL_RCC_ClockConfig  stm32f1xx_hal_rcc.o
    0x08001ee4   0x0000000c   Code   RO         2494    i.HAL_RCC_GetHCLKFreq  stm32f1xx_hal_rcc.o
    0x08001ef0   0x00000020   Code   RO         2496    i.HAL_RCC_GetPCLK1Freq  stm32f1xx_hal_rcc.o
    0x08001f10   0x00000020   Code   RO         2497    i.HAL_RCC_GetPCLK2Freq  stm32f1xx_hal_rcc.o
    0x08001f30   0x00000094   Code   RO         2498    i.HAL_RCC_GetSysClockFreq  stm32f1xx_hal_rcc.o
    0x08001fc4   0x00000464   Code   RO         2501    i.HAL_RCC_OscConfig  stm32f1xx_hal_rcc.o
    0x08002428   0x00000034   Code   RO         2805    i.HAL_SYSTICK_Config  stm32f1xx_hal_cortex.o
    0x0800245c   0x00000002   Code   RO         1732    i.HAL_TIMEx_BreakCallback  stm32f1xx_hal_tim_ex.o
    0x0800245e   0x00000002   Code   RO         1733    i.HAL_TIMEx_CommutCallback  stm32f1xx_hal_tim_ex.o
    0x08002460   0x00000054   Code   RO         1750    i.HAL_TIMEx_MasterConfigSynchronization  stm32f1xx_hal_tim_ex.o
    0x080024b4   0x00000034   Code   RO         1046    i.HAL_TIM_Base_Init  stm32f1xx_hal_tim.o
    0x080024e8   0x000000b4   Code   RO          483    i.HAL_TIM_Base_MspInit  tim.o
    0x0800259c   0x0000002a   Code   RO         1051    i.HAL_TIM_Base_Start_IT  stm32f1xx_hal_tim.o
    0x080025c6   0x00000108   Code   RO         1055    i.HAL_TIM_ConfigClockSource  stm32f1xx_hal_tim.o
    0x080026ce   0x00000002   Code   RO         1075    i.HAL_TIM_IC_CaptureCallback  stm32f1xx_hal_tim.o
    0x080026d0   0x00000196   Code   RO         1089    i.HAL_TIM_IRQHandler  stm32f1xx_hal_tim.o
    0x08002866   0x00000002   PAD
    0x08002868   0x00000058   Code   RO          484    i.HAL_TIM_MspPostInit  tim.o
    0x080028c0   0x00000002   Code   RO         1092    i.HAL_TIM_OC_DelayElapsedCallback  stm32f1xx_hal_tim.o
    0x080028c2   0x00000108   Code   RO         1113    i.HAL_TIM_PWM_ConfigChannel  stm32f1xx_hal_tim.o
    0x080029ca   0x00000034   Code   RO         1116    i.HAL_TIM_PWM_Init  stm32f1xx_hal_tim.o
    0x080029fe   0x00000002   Code   RO         1118    i.HAL_TIM_PWM_MspInit  stm32f1xx_hal_tim.o
    0x08002a00   0x00000002   Code   RO         1119    i.HAL_TIM_PWM_PulseFinishedCallback  stm32f1xx_hal_tim.o
    0x08002a02   0x00000002   PAD
    0x08002a04   0x00000058   Code   RO         1121    i.HAL_TIM_PWM_Start  stm32f1xx_hal_tim.o
    0x08002a5c   0x00000088   Code   RO         1124    i.HAL_TIM_PWM_Stop  stm32f1xx_hal_tim.o
    0x08002ae4   0x0000005c   Code   RO          210    i.HAL_TIM_PeriodElapsedCallback  main.o
    0x08002b40   0x00000002   Code   RO         1132    i.HAL_TIM_TriggerCallback  stm32f1xx_hal_tim.o
    0x08002b42   0x00000002   Code   RO         2004    i.HAL_UART_ErrorCallback  stm32f1xx_hal_uart.o
    0x08002b44   0x0000014c   Code   RO         2007    i.HAL_UART_IRQHandler  stm32f1xx_hal_uart.o
    0x08002c90   0x00000072   Code   RO         2008    i.HAL_UART_Init     stm32f1xx_hal_uart.o
    0x08002d02   0x00000002   PAD
    0x08002d04   0x000001f0   Code   RO          543    i.HAL_UART_MspInit  usart.o
    0x08002ef4   0x00000070   Code   RO         2013    i.HAL_UART_Receive_IT  stm32f1xx_hal_uart.o
    0x08002f64   0x0000055c   Code   RO          211    i.HAL_UART_RxCpltCallback  main.o
    0x080034c0   0x000000d6   Code   RO         2016    i.HAL_UART_Transmit  stm32f1xx_hal_uart.o
    0x08003596   0x00000002   Code   RO         2019    i.HAL_UART_TxCpltCallback  stm32f1xx_hal_uart.o
    0x08003598   0x000002dc   Code   RO          212    i.HC_SR505_Status   main.o
    0x08003874   0x00000004   Code   RO          604    i.HardFault_Handler  stm32f1xx_it.o
    0x08003878   0x0000009c   Code   RO          213    i.Heart_Beat        main.o
    0x08003914   0x00000058   Code   RO          214    i.MEEP_SET          main.o
    0x0800396c   0x0000005c   Code   RO          442    i.MX_ADC1_Init      adc.o
    0x080039c8   0x000001b8   Code   RO          412    i.MX_GPIO_Init      gpio.o
    0x08003b80   0x00000070   Code   RO          485    i.MX_TIM1_Init      tim.o
    0x08003bf0   0x0000006c   Code   RO          486    i.MX_TIM2_Init      tim.o
    0x08003c5c   0x000000a4   Code   RO          487    i.MX_TIM4_Init      tim.o
    0x08003d00   0x00000038   Code   RO          544    i.MX_UART4_Init     usart.o
    0x08003d38   0x00000038   Code   RO          545    i.MX_USART1_UART_Init  usart.o
    0x08003d70   0x00000038   Code   RO          546    i.MX_USART2_UART_Init  usart.o
    0x08003da8   0x00000038   Code   RO          547    i.MX_USART3_UART_Init  usart.o
    0x08003de0   0x00000004   Code   RO          605    i.MemManage_Handler  stm32f1xx_it.o
    0x08003de4   0x00000054   Code   RO          215    i.ModbusCrc16_Receive  main.o
    0x08003e38   0x00000048   Code   RO          216    i.ModbusCrc16_Send  main.o
    0x08003e80   0x00000002   Code   RO          606    i.NMI_Handler       stm32f1xx_it.o
    0x08003e82   0x00000002   PAD
    0x08003e84   0x000000f8   Code   RO          217    i.Noise_Status      main.o
    0x08003f7c   0x00000044   Code   RO          218    i.OPEN_DOOR         main.o
    0x08003fc0   0x00000002   Code   RO          607    i.PendSV_Handler    stm32f1xx_it.o
    0x08003fc2   0x00000002   PAD
    0x08003fc4   0x00000028   Code   RO         2502    i.RCC_Delay         stm32f1xx_hal_rcc.o
    0x08003fec   0x000002c0   Code   RO          219    i.READ_WORKSTATUS   main.o
    0x080042ac   0x00000002   Code   RO          608    i.SVC_Handler       stm32f1xx_it.o
    0x080042ae   0x00000002   PAD
    0x080042b0   0x0000004c   Code   RO          220    i.SoftReset         main.o
    0x080042fc   0x00000054   Code   RO           15    i.SysTick_Config    24c16.o
    0x08004350   0x00000008   Code   RO          609    i.SysTick_Handler   stm32f1xx_it.o
    0x08004358   0x00000082   Code   RO          221    i.SystemClock_Config  main.o
    0x080043da   0x00000002   PAD
    0x080043dc   0x00000058   Code   RO         3321    i.SystemInit        system_stm32f1xx.o
    0x08004434   0x00000010   Code   RO          610    i.TIM1_UP_IRQHandler  stm32f1xx_it.o
    0x08004444   0x00000010   Code   RO          611    i.TIM2_IRQHandler   stm32f1xx_it.o
    0x08004454   0x00000010   Code   RO          612    i.TIM4_IRQHandler   stm32f1xx_it.o
    0x08004464   0x0000009c   Code   RO         1134    i.TIM_Base_SetConfig  stm32f1xx_hal_tim.o
    0x08004500   0x00000022   Code   RO         1135    i.TIM_CCxChannelCmd  stm32f1xx_hal_tim.o
    0x08004522   0x00000016   Code   RO         1145    i.TIM_ETR_SetConfig  stm32f1xx_hal_tim.o
    0x08004538   0x00000012   Code   RO         1146    i.TIM_ITRx_SetConfig  stm32f1xx_hal_tim.o
    0x0800454a   0x00000002   PAD
    0x0800454c   0x00000070   Code   RO         1147    i.TIM_OC1_SetConfig  stm32f1xx_hal_tim.o
    0x080045bc   0x0000007c   Code   RO         1148    i.TIM_OC2_SetConfig  stm32f1xx_hal_tim.o
    0x08004638   0x00000078   Code   RO         1149    i.TIM_OC3_SetConfig  stm32f1xx_hal_tim.o
    0x080046b0   0x00000054   Code   RO         1150    i.TIM_OC4_SetConfig  stm32f1xx_hal_tim.o
    0x08004704   0x00000026   Code   RO         1152    i.TIM_TI1_ConfigInputStage  stm32f1xx_hal_tim.o
    0x0800472a   0x00000028   Code   RO         1154    i.TIM_TI2_ConfigInputStage  stm32f1xx_hal_tim.o
    0x08004752   0x00000014   Code   RO         2021    i.UART_DMAAbortOnError  stm32f1xx_hal_uart.o
    0x08004766   0x00000020   Code   RO         2031    i.UART_EndRxTransfer  stm32f1xx_hal_uart.o
    0x08004786   0x00000020   Code   RO         2032    i.UART_EndTransmit_IT  stm32f1xx_hal_uart.o
    0x080047a6   0x000000a6   Code   RO         2034    i.UART_Receive_IT   stm32f1xx_hal_uart.o
    0x0800484c   0x000001a0   Code   RO         2035    i.UART_SetConfig    stm32f1xx_hal_uart.o
    0x080049ec   0x00000068   Code   RO         2036    i.UART_Transmit_IT  stm32f1xx_hal_uart.o
    0x08004a54   0x0000006c   Code   RO         2037    i.UART_WaitOnFlagUntilTimeout  stm32f1xx_hal_uart.o
    0x08004ac0   0x00000010   Code   RO          613    i.USART1_IRQHandler  stm32f1xx_it.o
    0x08004ad0   0x00000010   Code   RO          614    i.USART2_IRQHandler  stm32f1xx_it.o
    0x08004ae0   0x00001050   Code   RO          222    i.USR_C322_ACTION   main.o
    0x08005b30   0x00000004   Code   RO          615    i.UsageFault_Handler  stm32f1xx_it.o
    0x08005b34   0x0000003c   Code   RO          223    i.WORK_DOOR         main.o
    0x08005b70   0x000000e0   Code   RO          224    i.WORK_LED          main.o
    0x08005c50   0x00000020   Code   RO         3408    i.__0printf$1       mc_w.l(printf1.o)
    0x08005c70   0x00000010   Code   RO         2807    i.__NVIC_GetPriorityGrouping  stm32f1xx_hal_cortex.o
    0x08005c80   0x00000028   Code   RO         2808    i.__NVIC_SetPriority  stm32f1xx_hal_cortex.o
    0x08005ca8   0x0000000e   Code   RO         3664    i.__scatterload_copy  mc_w.l(handlers.o)
    0x08005cb6   0x00000002   Code   RO         3665    i.__scatterload_null  mc_w.l(handlers.o)
    0x08005cb8   0x0000000e   Code   RO         3666    i.__scatterload_zeroinit  mc_w.l(handlers.o)
    0x08005cc6   0x00000002   PAD
    0x08005cc8   0x00000154   Code   RO         3415    i._printf_core      mc_w.l(printf1.o)
    0x08005e1c   0x00000042   Code   RO           16    i.at24c16_read      24c16.o
    0x08005e5e   0x00000002   PAD
    0x08005e60   0x0000003c   Code   RO           17    i.at24c16_start     24c16.o
    0x08005e9c   0x00000030   Code   RO           18    i.at24c16_stop      24c16.o
    0x08005ecc   0x0000004c   Code   RO           19    i.at24c16_write     24c16.o
    0x08005f18   0x00000044   Code   RO           20    i.clock             24c16.o
    0x08005f5c   0x0000001c   Code   RO          225    i.fputc             main.o
    0x08005f78   0x000000b4   Code   RO          226    i.main              main.o
    0x0800602c   0x00000078   Code   RO           23    i.read_1byte        24c16.o
    0x080060a4   0x00000088   Code   RO           24    i.write_1byte       24c16.o
    0x0800612c   0x00000018   Data   RO         3322    .constdata          system_stm32f1xx.o
    0x08006144   0x00000106   Data   RO          229    .conststring        main.o
    0x0800624a   0x00000002   PAD
    0x0800624c   0x00000020   Data   RO         3662    Region$$Table       anon$$obj.o


    Execution Region RW_IRAM1 (Base: 0x20000000, Size: 0x00000900, Max: 0x0000c000, ABSOLUTE)

    Base Addr    Size         Type   Attr      Idx    E Section Name        Object

    0x20000000   0x00000004   Data   RW           25    .data               24c16.o
    0x20000004   0x0000007a   Data   RW          230    .data               main.o
    0x2000007e   0x00000002   PAD
    0x20000080   0x00000009   Data   RW         2339    .data               stm32f1xx_hal.o
    0x20000089   0x00000003   PAD
    0x2000008c   0x00000004   Data   RW         3323    .data               system_stm32f1xx.o
    0x20000090   0x00000004   Data   RW         3638    .data               mc_w.l(stdout.o)
    0x20000094   0x0000027c   Zero   RW          228    .bss                main.o
    0x20000310   0x00000030   Zero   RW          443    .bss                adc.o
    0x20000340   0x000000c0   Zero   RW          488    .bss                tim.o
    0x20000400   0x00000100   Zero   RW          548    .bss                usart.o
    0x20000500   0x00000400   Zero   RW            1    STACK               startup_stm32f103xe.o


==============================================================================

Image component sizes


      Code (inc. data)   RO Data    RW Data    ZI Data      Debug   Object Name

       774         52          0          4          0     531431   24c16.o
       204         24          0          0         48       1525   adc.o
       440         22          0          0          0       1047   gpio.o
     12452       3956        262        122        636      47734   main.o
        36          8        304          0       1024        780   startup_stm32f103xe.o
       164         42          0          9          0       6716   stm32f1xx_hal.o
       786         26          0          0          0       3044   stm32f1xx_hal_adc.o
       304         22          0          0          0      29263   stm32f1xx_hal_cortex.o
       424         10          0          0          0       1179   stm32f1xx_hal_dma.o
       860         40          0          0          0       3243   stm32f1xx_hal_gpio.o
        84          8          0          0          0        822   stm32f1xx_hal_msp.o
      1784        110          0          0          0       5828   stm32f1xx_hal_rcc.o
       304         14          0          0          0       1352   stm32f1xx_hal_rcc_ex.o
      2062         76          0          0          0      15463   stm32f1xx_hal_tim.o
        88          0          0          0          0       2269   stm32f1xx_hal_tim_ex.o
      1654         10          0          0          0       9159   stm32f1xx_hal_uart.o
       112         30          0          0          0       5787   stm32f1xx_it.o
        88         18         24          4          0       1091   system_stm32f1xx.o
       652         52          0          0        192       3458   tim.o
       720         72          0          0        256       3319   usart.o

    ----------------------------------------------------------------------
     24016       4592        624        144       2156     674510   Object Totals
         0          0         32          0          0          0   (incl. Generated)
        24          0          2          5          0          0   (incl. Padding)

    ----------------------------------------------------------------------

      Code (inc. data)   RO Data    RW Data    ZI Data      Debug   Library Member Name

         0          0          0          0          0          0   entry.o
         0          0          0          0          0          0   entry10a.o
         0          0          0          0          0          0   entry11a.o
         8          4          0          0          0          0   entry2.o
         4          0          0          0          0          0   entry5.o
         0          0          0          0          0          0   entry7b.o
         0          0          0          0          0          0   entry8b.o
         8          4          0          0          0          0   entry9a.o
        30          0          0          0          0          0   handlers.o
        36          8          0          0          0         68   init.o
        36          0          0          0          0        108   memseta.o
       372         14          0          0          0        184   printf1.o
         0          0          0          4          0          0   stdout.o
        14          0          0          0          0         68   strlen.o
        44          0          0          0          0         80   uidiv.o

    ----------------------------------------------------------------------
       556         30          0          4          0        508   Library Totals
         4          0          0          0          0          0   (incl. Padding)

    ----------------------------------------------------------------------

      Code (inc. data)   RO Data    RW Data    ZI Data      Debug   Library Name

       552         30          0          4          0        508   mc_w.l

    ----------------------------------------------------------------------
       556         30          0          4          0        508   Library Totals

    ----------------------------------------------------------------------

==============================================================================


      Code (inc. data)   RO Data    RW Data    ZI Data      Debug   

     24572       4622        624        148       2156     668618   Grand Totals
     24572       4622        624        148       2156     668618   ELF Image Totals
     24572       4622        624        148          0          0   ROM Totals

==============================================================================

    Total RO  Size (Code + RO Data)                25196 (  24.61kB)
    Total RW  Size (RW Data + ZI Data)              2304 (   2.25kB)
    Total ROM Size (Code + RO Data + RW Data)      25344 (  24.75kB)

==============================================================================

