Component: ARM Compiler 5.06 update 6 (build 750) Tool: armlink [4d35ed]

==============================================================================

Section Cross References

    startup_stm32f103xe.o(RESET) refers to startup_stm32f103xe.o(STACK) for __initial_sp
    startup_stm32f103xe.o(RESET) refers to startup_stm32f103xe.o(.text) for Reset_Handler
    startup_stm32f103xe.o(RESET) refers to stm32f1xx_it.o(i.NMI_Handler) for NMI_Handler
    startup_stm32f103xe.o(RESET) refers to stm32f1xx_it.o(i.HardFault_Handler) for HardFault_Handler
    startup_stm32f103xe.o(RESET) refers to stm32f1xx_it.o(i.MemManage_Handler) for MemManage_Handler
    startup_stm32f103xe.o(RESET) refers to stm32f1xx_it.o(i.BusFault_Handler) for BusFault_Handler
    startup_stm32f103xe.o(RESET) refers to stm32f1xx_it.o(i.UsageFault_Handler) for UsageFault_Handler
    startup_stm32f103xe.o(RESET) refers to stm32f1xx_it.o(i.SVC_Handler) for SVC_Handler
    startup_stm32f103xe.o(RESET) refers to stm32f1xx_it.o(i.DebugMon_Handler) for DebugMon_Handler
    startup_stm32f103xe.o(RESET) refers to stm32f1xx_it.o(i.PendSV_Handler) for PendSV_Handler
    startup_stm32f103xe.o(RESET) refers to stm32f1xx_it.o(i.SysTick_Handler) for SysTick_Handler
    startup_stm32f103xe.o(RESET) refers to stm32f1xx_it.o(i.TIM1_UP_IRQHandler) for TIM1_UP_IRQHandler
    startup_stm32f103xe.o(RESET) refers to stm32f1xx_it.o(i.TIM2_IRQHandler) for TIM2_IRQHandler
    startup_stm32f103xe.o(RESET) refers to stm32f1xx_it.o(i.TIM4_IRQHandler) for TIM4_IRQHandler
    startup_stm32f103xe.o(RESET) refers to stm32f1xx_it.o(i.USART1_IRQHandler) for USART1_IRQHandler
    startup_stm32f103xe.o(RESET) refers to stm32f1xx_it.o(i.USART2_IRQHandler) for USART2_IRQHandler
    startup_stm32f103xe.o(.text) refers to system_stm32f1xx.o(i.SystemInit) for SystemInit
    startup_stm32f103xe.o(.text) refers to entry.o(.ARM.Collect$$$$00000000) for __main
    24c16.o(i.Delay_ms) refers to stm32f1xx_hal_rcc.o(i.HAL_RCC_GetHCLKFreq) for HAL_RCC_GetHCLKFreq
    24c16.o(i.Delay_ms) refers to 24c16.o(i.SysTick_Config) for SysTick_Config
    24c16.o(i.Delay_ms) refers to 24c16.o(.data) for time_delay
    24c16.o(i.Delay_us) refers to stm32f1xx_hal_rcc.o(i.HAL_RCC_GetHCLKFreq) for HAL_RCC_GetHCLKFreq
    24c16.o(i.Delay_us) refers to 24c16.o(i.SysTick_Config) for SysTick_Config
    24c16.o(i.Delay_us) refers to 24c16.o(.data) for time_delay
    24c16.o(i.at24c16_read) refers to 24c16.o(i.at24c16_start) for at24c16_start
    24c16.o(i.at24c16_read) refers to 24c16.o(i.write_1byte) for write_1byte
    24c16.o(i.at24c16_read) refers to 24c16.o(i.clock) for clock
    24c16.o(i.at24c16_read) refers to 24c16.o(i.read_1byte) for read_1byte
    24c16.o(i.at24c16_read) refers to 24c16.o(i.at24c16_stop) for at24c16_stop
    24c16.o(i.at24c16_start) refers to stm32f1xx_hal_gpio.o(i.HAL_GPIO_WritePin) for HAL_GPIO_WritePin
    24c16.o(i.at24c16_start) refers to 24c16.o(i.Delay_us) for Delay_us
    24c16.o(i.at24c16_stop) refers to stm32f1xx_hal_gpio.o(i.HAL_GPIO_WritePin) for HAL_GPIO_WritePin
    24c16.o(i.at24c16_stop) refers to 24c16.o(i.Delay_us) for Delay_us
    24c16.o(i.at24c16_write) refers to 24c16.o(i.at24c16_start) for at24c16_start
    24c16.o(i.at24c16_write) refers to 24c16.o(i.write_1byte) for write_1byte
    24c16.o(i.at24c16_write) refers to 24c16.o(i.clock) for clock
    24c16.o(i.at24c16_write) refers to 24c16.o(i.at24c16_stop) for at24c16_stop
    24c16.o(i.at24c16_write) refers to 24c16.o(i.Delay_ms) for Delay_ms
    24c16.o(i.clock) refers to stm32f1xx_hal_gpio.o(i.HAL_GPIO_WritePin) for HAL_GPIO_WritePin
    24c16.o(i.clock) refers to 24c16.o(i.Delay_us) for Delay_us
    24c16.o(i.clock) refers to stm32f1xx_hal_gpio.o(i.HAL_GPIO_ReadPin) for HAL_GPIO_ReadPin
    24c16.o(i.eep_block_write) refers to 24c16.o(i.at24c16_write) for at24c16_write
    24c16.o(i.erase_eeprom) refers to 24c16.o(i.at24c16_write) for at24c16_write
    24c16.o(i.read_1byte) refers to stm32f1xx_hal_gpio.o(i.HAL_GPIO_WritePin) for HAL_GPIO_WritePin
    24c16.o(i.read_1byte) refers to 24c16.o(i.Delay_us) for Delay_us
    24c16.o(i.read_1byte) refers to stm32f1xx_hal_gpio.o(i.HAL_GPIO_ReadPin) for HAL_GPIO_ReadPin
    24c16.o(i.write_1byte) refers to stm32f1xx_hal_gpio.o(i.HAL_GPIO_WritePin) for HAL_GPIO_WritePin
    24c16.o(i.write_1byte) refers to 24c16.o(i.Delay_us) for Delay_us
    main.o(i.Auto_CleanOut) refers to stm32f1xx_hal_gpio.o(i.HAL_GPIO_ReadPin) for HAL_GPIO_ReadPin
    main.o(i.Auto_CleanOut) refers to printf1.o(i.__0printf$1) for __2printf
    main.o(i.Auto_CleanOut) refers to stm32f1xx_hal_gpio.o(i.HAL_GPIO_WritePin) for HAL_GPIO_WritePin
    main.o(i.Auto_CleanOut) refers to 24c16.o(i.Delay_ms) for Delay_ms
    main.o(i.Auto_CleanOut) refers to main.o(.data) for driver
    main.o(i.Auto_CleanOut) refers to main.o(.bss) for t2_count_ms
    main.o(i.Auto_CleanOut) refers to main.o(.conststring) for .conststring
    main.o(i.Auto_CleanOut) refers to 24c16.o(i.at24c16_write) for at24c16_write
[...]
    Removing stm32f1xx_hal.o(i.HAL_GetDEVID), (16 bytes).
    Removing stm32f1xx_hal.o(i.HAL_GetHalVersion), (8 bytes).
    Removing stm32f1xx_hal.o(i.HAL_GetREVID), (12 bytes).
    Removing stm32f1xx_hal.o(i.HAL_GetTickFreq), (12 bytes).
    Removing stm32f1xx_hal.o(i.HAL_GetTickPrio), (12 bytes).
    Removing stm32f1xx_hal.o(i.HAL_IncTick), (24 bytes).
    Removing stm32f1xx_hal.o(i.HAL_MspDeInit), (2 bytes).
    Removing stm32f1xx_hal.o(i.HAL_MspInit), (2 bytes).
    Removing stm32f1xx_hal.o(i.HAL_ResumeTick), (18 bytes).
    Removing stm32f1xx_hal.o(i.HAL_SetTickFreq), (44 bytes).
    Removing stm32f1xx_hal.o(i.HAL_SuspendTick), (18 bytes).
    Removing stm32f1xx_hal_rcc.o(.rev16_text), (4 bytes).
    Removing stm32f1xx_hal_rcc.o(.revsh_text), (4 bytes).
    Removing stm32f1xx_hal_rcc.o(.rrx_text), (6 bytes).
    Removing stm32f1xx_hal_rcc.o(i.HAL_RCC_CSSCallback), (2 bytes).
    Removing stm32f1xx_hal_rcc.o(i.HAL_RCC_DeInit), (272 bytes).
    Removing stm32f1xx_hal_rcc.o(i.HAL_RCC_DisableCSS), (12 bytes).
    Removing stm32f1xx_hal_rcc.o(i.HAL_RCC_EnableCSS), (12 bytes).
    Removing stm32f1xx_hal_rcc.o(i.HAL_RCC_GetClockConfig), (68 bytes).
    Removing stm32f1xx_hal_rcc.o(i.HAL_RCC_GetOscConfig), (200 bytes).
    Removing stm32f1xx_hal_rcc.o(i.HAL_RCC_MCOConfig), (100 bytes).
    Removing stm32f1xx_hal_rcc.o(i.HAL_RCC_NMI_IRQHandler), (32 bytes).
    Removing stm32f1xx_hal_rcc_ex.o(.rev16_text), (4 bytes).
    Removing stm32f1xx_hal_rcc_ex.o(.revsh_text), (4 bytes).
    Removing stm32f1xx_hal_rcc_ex.o(.rrx_text), (6 bytes).
    Removing stm32f1xx_hal_rcc_ex.o(i.HAL_RCCEx_GetPeriphCLKConfig), (84 bytes).
    Removing stm32f1xx_hal_rcc_ex.o(i.HAL_RCCEx_GetPeriphCLKFreq), (308 bytes).
    Removing stm32f1xx_hal_gpio.o(.rev16_text), (4 bytes).
    Removing stm32f1xx_hal_gpio.o(.revsh_text), (4 bytes).
    Removing stm32f1xx_hal_gpio.o(.rrx_text), (6 bytes).
    Removing stm32f1xx_hal_gpio.o(i.HAL_GPIO_DeInit), (340 bytes).
    Removing stm32f1xx_hal_gpio.o(i.HAL_GPIO_EXTI_Callback), (2 bytes).
    Removing stm32f1xx_hal_gpio.o(i.HAL_GPIO_EXTI_IRQHandler), (28 bytes).
    Removing stm32f1xx_hal_gpio.o(i.HAL_GPIO_LockPin), (46 bytes).
    Removing stm32f1xx_hal_gpio.o(i.HAL_GPIO_TogglePin), (14 bytes).
    Removing stm32f1xx_hal_dma.o(.rev16_text), (4 bytes).
    Removing stm32f1xx_hal_dma.o(.revsh_text), (4 bytes).
    Removing stm32f1xx_hal_dma.o(.rrx_text), (6 bytes).
    Removing stm32f1xx_hal_dma.o(i.DMA_SetConfig), (44 bytes).
    Removing stm32f1xx_hal_dma.o(i.HAL_DMA_Abort), (86 bytes).
    Removing stm32f1xx_hal_dma.o(i.HAL_DMA_DeInit), (140 bytes).
    Removing stm32f1xx_hal_dma.o(i.HAL_DMA_GetError), (6 bytes).
    Removing stm32f1xx_hal_dma.o(i.HAL_DMA_GetState), (8 bytes).
    Removing stm32f1xx_hal_dma.o(i.HAL_DMA_IRQHandler), (920 bytes).
    Removing stm32f1xx_hal_dma.o(i.HAL_DMA_Init), (140 bytes).
    Removing stm32f1xx_hal_dma.o(i.HAL_DMA_PollForTransfer), (1620 bytes).
    Removing stm32f1xx_hal_dma.o(i.HAL_DMA_RegisterCallback), (90 bytes).
    Removing stm32f1xx_hal_dma.o(i.HAL_DMA_Start), (114 bytes).
    Removing stm32f1xx_hal_dma.o(i.HAL_DMA_Start_IT), (156 bytes).
    Removing stm32f1xx_hal_dma.o(i.HAL_DMA_UnRegisterCallback), (106 bytes).
    Removing stm32f1xx_hal_cortex.o(.rev16_text), (4 bytes).
    Removing stm32f1xx_hal_cortex.o(.revsh_text), (4 bytes).
    Removing stm32f1xx_hal_cortex.o(.rrx_text), (6 bytes).
    Removing stm32f1xx_hal_cortex.o(i.HAL_NVIC_ClearPendingIRQ), (36 bytes).
    Removing stm32f1xx_hal_cortex.o(i.HAL_NVIC_DisableIRQ), (68 bytes).
    Removing stm32f1xx_hal_cortex.o(i.HAL_NVIC_GetActive), (48 bytes).
    Removing stm32f1xx_hal_cortex.o(i.HAL_NVIC_GetPendingIRQ), (48 bytes).
    Removing stm32f1xx_hal_cortex.o(i.HAL_NVIC_GetPriority), (148 bytes).
    Removing stm32f1xx_hal_cortex.o(i.HAL_NVIC_GetPriorityGrouping), (8 bytes).
    Removing stm32f1xx_hal_cortex.o(i.HAL_NVIC_SetPendingIRQ), (36 bytes).
    Removing stm32f1xx_hal_cortex.o(i.HAL_NVIC_SystemReset), (68 bytes).
    Removing stm32f1xx_hal_cortex.o(i.HAL_SYSTICK_CLKSourceConfig), (40 bytes).
    Removing stm32f1xx_hal_cortex.o(i.HAL_SYSTICK_Callback), (2 bytes).
    Removing stm32f1xx_hal_cortex.o(i.HAL_SYSTICK_IRQHandler), (8 bytes).
    Removing stm32f1xx_hal_pwr.o(.rev16_text), (4 bytes).
    Removing stm32f1xx_hal_pwr.o(.revsh_text), (4 bytes).
    Removing stm32f1xx_hal_pwr.o(.rrx_text), (6 bytes).
    Removing stm32f1xx_hal_pwr.o(i.HAL_PWR_ConfigPVD), (180 bytes).
    Removing stm32f1xx_hal_pwr.o(i.HAL_PWR_DeInit), (28 bytes).
    Removing stm32f1xx_hal_pwr.o(i.HAL_PWR_DisableBkUpAccess), (12 bytes).
    Removing stm32f1xx_hal_pwr.o(i.HAL_PWR_DisablePVD), (12 bytes).
    Removing stm32f1xx_hal_pwr.o(i.HAL_PWR_DisableSEVOnPend), (20 bytes).
    Removing stm32f1xx_hal_pwr.o(i.HAL_PWR_DisableSleepOnExit), (20 bytes).
    Removing stm32f1xx_hal_pwr.o(i.HAL_PWR_DisableWakeUpPin), (28 bytes).
    Removing stm32f1xx_hal_pwr.o(i.HAL_PWR_EnableBkUpAccess), (12 bytes).
    Removing stm32f1xx_hal_pwr.o(i.HAL_PWR_EnablePVD), (12 bytes).
    Removing stm32f1xx_hal_pwr.o(i.HAL_PWR_EnableSEVOnPend), (20 bytes).
    Removing stm32f1xx_hal_pwr.o(i.HAL_PWR_EnableSleepOnExit), (20 bytes).
    Removing stm32f1xx_hal_pwr.o(i.HAL_PWR_EnableWakeUpPin), (28 bytes).
    Removing stm32f1xx_hal_pwr.o(i.HAL_PWR_EnterSLEEPMode), (32 bytes).
    Removing stm32f1xx_hal_pwr.o(i.HAL_PWR_EnterSTANDBYMode), (40 bytes).
    Removing stm32f1xx_hal_pwr.o(i.HAL_PWR_EnterSTOPMode), (84 bytes).
    Removing stm32f1xx_hal_pwr.o(i.HAL_PWR_PVDCallback), (2 bytes).
    Removing stm32f1xx_hal_pwr.o(i.HAL_PWR_PVD_IRQHandler), (32 bytes).
    Removing stm32f1xx_hal_pwr.o(i.PWR_OverloadWfe), (6 bytes).
    Removing stm32f1xx_hal_flash.o(.rev16_text), (4 bytes).
    Removing stm32f1xx_hal_flash.o(.revsh_text), (4 bytes).
    Removing stm32f1xx_hal_flash.o(.rrx_text), (6 bytes).
    Removing stm32f1xx_hal_flash.o(i.FLASH_Program_HalfWord), (32 bytes).
    Removing stm32f1xx_hal_flash.o(i.FLASH_SetErrorCode), (132 bytes).
    Removing stm32f1xx_hal_flash.o(i.FLASH_WaitForLastOperation), (112 bytes).
    Removing stm32f1xx_hal_flash.o(i.HAL_FLASH_EndOfOperationCallback), (2 bytes).
    Removing stm32f1xx_hal_flash.o(i.HAL_FLASH_GetError), (12 bytes).
    Removing stm32f1xx_hal_flash.o(i.HAL_FLASH_IRQHandler), (384 bytes).
    Removing stm32f1xx_hal_flash.o(i.HAL_FLASH_Lock), (20 bytes).
    Removing stm32f1xx_hal_flash.o(i.HAL_FLASH_OB_Launch), (8 bytes).
    Removing stm32f1xx_hal_flash.o(i.HAL_FLASH_OB_Lock), (20 bytes).
    Removing stm32f1xx_hal_flash.o(i.HAL_FLASH_OB_Unlock), (44 bytes).
    Removing stm32f1xx_hal_flash.o(i.HAL_FLASH_OperationErrorCallback), (2 bytes).
    Removing stm32f1xx_hal_flash.o(i.HAL_FLASH_Program), (176 bytes).
    Removing stm32f1xx_hal_flash.o(i.HAL_FLASH_Program_IT), (124 bytes).
    Removing stm32f1xx_hal_flash.o(i.HAL_FLASH_Unlock), (48 bytes).
    Removing stm32f1xx_hal_flash.o(.bss), (32 bytes).
    Removing stm32f1xx_hal_flash_ex.o(.rev16_text), (4 bytes).
    Removing stm32f1xx_hal_flash_ex.o(.revsh_text), (4 bytes).
    Removing stm32f1xx_hal_flash_ex.o(.rrx_text), (6 bytes).
    Removing stm32f1xx_hal_flash_ex.o(i.FLASH_MassErase), (40 bytes).
    Removing stm32f1xx_hal_flash_ex.o(i.FLASH_OB_DisableWRP), (232 bytes).
    Removing stm32f1xx_hal_flash_ex.o(i.FLASH_OB_EnableWRP), (236 bytes).
    Removing stm32f1xx_hal_flash_ex.o(i.FLASH_OB_GetRDP), (28 bytes).
    Removing stm32f1xx_hal_flash_ex.o(i.FLASH_OB_GetUser), (16 bytes).
    Removing stm32f1xx_hal_flash_ex.o(i.FLASH_OB_GetWRP), (12 bytes).
    Removing stm32f1xx_hal_flash_ex.o(i.FLASH_OB_ProgramData), (76 bytes).
    Removing stm32f1xx_hal_flash_ex.o(i.FLASH_OB_RDP_LevelConfig), (124 bytes).
    Removing stm32f1xx_hal_flash_ex.o(i.FLASH_OB_UserConfig), (84 bytes).
    Removing stm32f1xx_hal_flash_ex.o(i.FLASH_PageErase), (40 bytes).
    Removing stm32f1xx_hal_flash_ex.o(i.HAL_FLASHEx_Erase), (176 bytes).
    Removing stm32f1xx_hal_flash_ex.o(i.HAL_FLASHEx_Erase_IT), (100 bytes).
    Removing stm32f1xx_hal_flash_ex.o(i.HAL_FLASHEx_OBErase), (96 bytes).
    Removing stm32f1xx_hal_flash_ex.o(i.HAL_FLASHEx_OBGetConfig), (28 bytes).
    Removing stm32f1xx_hal_flash_ex.o(i.HAL_FLASHEx_OBGetUserData), (40 bytes).
    Removing stm32f1xx_hal_flash_ex.o(i.HAL_FLASHEx_OBProgram), (200 bytes).
    Removing stm32f1xx_hal_exti.o(.rev16_text), (4 bytes).
    Removing stm32f1xx_hal_exti.o(.revsh_text), (4 bytes).
    Removing stm32f1xx_hal_exti.o(.rrx_text), (6 bytes).
    Removing stm32f1xx_hal_exti.o(i.HAL_EXTI_ClearConfigLine), (120 bytes).
    Removing stm32f1xx_hal_exti.o(i.HAL_EXTI_ClearPending), (28 bytes).
    Removing stm32f1xx_hal_exti.o(i.HAL_EXTI_GenerateSWI), (24 bytes).
    Removing stm32f1xx_hal_exti.o(i.HAL_EXTI_GetConfigLine), (176 bytes).
    Removing stm32f1xx_hal_exti.o(i.HAL_EXTI_GetHandle), (14 bytes).
    Removing stm32f1xx_hal_exti.o(i.HAL_EXTI_GetPending), (36 bytes).
    Removing stm32f1xx_hal_exti.o(i.HAL_EXTI_IRQHandler), (44 bytes).
    Removing stm32f1xx_hal_exti.o(i.HAL_EXTI_RegisterCallback), (20 bytes).
    Removing stm32f1xx_hal_exti.o(i.HAL_EXTI_SetConfigLine), (240 bytes).
    Removing system_stm32f1xx.o(.rev16_text), (4 bytes).
    Removing system_stm32f1xx.o(.revsh_text), (4 bytes).
    Removing system_stm32f1xx.o(.rrx_text), (6 bytes).
    Removing system_stm32f1xx.o(i.SystemCoreClockUpdate), (164 bytes).
    Removing dadd.o(.text), (334 bytes).
    Removing dmul.o(.text), (228 bytes).
    Removing ddiv.o(.text), (222 bytes).
    Removing dfixul.o(.text), (48 bytes).
    Removing cdrcmple.o(.text), (48 bytes).
    Removing depilogue.o(.text), (186 bytes).

413 unused section(s) (total 33392 bytes) removed from the image.

==============================================================================

Image Symbol Table

    Local Symbols

    Symbol Name                              Value     Ov Type        Size  Object(Section)

    ../Drivers/STM32F1xx_HAL_Driver/Src/stm32f1xx_hal.c 0x00000000   Number         0  stm32f1xx_hal.o ABSOLUTE
    ../Drivers/STM32F1xx_HAL_Driver/Src/stm32f1xx_hal_adc.c 0x00000000   Number         0  stm32f1xx_hal_adc.o ABSOLUTE
    ../Drivers/STM32F1xx_HAL_Driver/Src/stm32f1xx_hal_adc_ex.c 0x00000000   Number         0  stm32f1xx_hal_adc_ex.o ABSOLUTE
    ../Drivers/STM32F1xx_HAL_Driver/Src/stm32f1xx_hal_cortex.c 0x00000000   Number         0  stm32f1xx_hal_cortex.o ABSOLUTE
    ../Drivers/STM32F1xx_HAL_Driver/Src/stm32f1xx_hal_dma.c 0x00000000   Number         0  stm32f1xx_hal_dma.o ABSOLUTE
    ../Drivers/STM32F1xx_HAL_Driver/Src/stm32f1xx_hal_exti.c 0x00000000   Number         0  stm32f1xx_hal_exti.o ABSOLUTE
    ../Drivers/STM32F1xx_HAL_Driver/Src/stm32f1xx_hal_flash.c 0x00000000   Number         0  stm32f1xx_hal_flash.o ABSOLUTE
    ../Drivers/STM32F1xx_HAL_Driver/Src/stm32f1xx_hal_flash_ex.c 0x00000000   Number         0  stm32f1xx_hal_flash_ex.o ABSOLUTE
    ../Drivers/STM32F1xx_HAL_Driver/Src/stm32f1xx_hal_gpio.c 0x00000000   Number         0  stm32f1xx_hal_gpio.o ABSOLUTE
    ../Drivers/STM32F1xx_HAL_Driver/Src/stm32f1xx_hal_gpio_ex.c 0x00000000   Number         0  stm32f1xx_hal_gpio_ex.o ABSOLUTE
    ../Drivers/STM32F1xx_HAL_Driver/Src/stm32f1xx_hal_pwr.c 0x00000000   Number         0  stm32f1xx_hal_pwr.o ABSOLUTE
    ../Drivers/STM32F1xx_HAL_Driver/Src/stm32f1xx_hal_rcc.c 0x00000000   Number         0  stm32f1xx_hal_rcc.o ABSOLUTE
    ../Drivers/STM32F1xx_HAL_Driver/Src/stm32f1xx_hal_rcc_ex.c 0x00000000   Number         0  stm32f1xx_hal_rcc_ex.o ABSOLUTE
    ../Drivers/STM32F1xx_HAL_Driver/Src/stm32f1xx_hal_tim.c 0x00000000   Number         0  stm32f1xx_hal_tim.o ABSOLUTE
    ../Drivers/STM32F1xx_HAL_Driver/Src/stm32f1xx_hal_tim_ex.c 0x00000000   Number         0  stm32f1xx_hal_tim_ex.o ABSOLUTE
    ../Drivers/STM32F1xx_HAL_Driver/Src/stm32f1xx_hal_uart.c 0x00000000   Number         0  stm32f1xx_hal_uart.o ABSOLUTE
    ../Src/adc.c                             0x00000000   Number         0  adc.o ABSOLUTE
    ../Src/gpio.c                            0x00000000   Number         0  gpio.o ABSOLUTE
    ../Src/main.c                            0x00000000   Number         0  main.o ABSOLUTE
    ../Src/stm32f1xx_hal_msp.c               0x00000000   Number         0  stm32f1xx_hal_msp.o ABSOLUTE
    ../Src/stm32f1xx_it.c                    0x00000000   Number         0  stm32f1xx_it.o ABSOLUTE
    ../Src/system_stm32f1xx.c                0x00000000   Number         0  system_stm32f1xx.o ABSOLUTE
    ../Src/tim.c                             0x00000000   Number         0  tim.o ABSOLUTE
    ../Src/usart.c                           0x00000000   Number         0  usart.o ABSOLUTE
    ../clib/microlib/division.c              0x00000000   Number         0  uidiv.o ABSOLUTE
    ../clib/microlib/division.c              0x00000000   Number         0  uldiv.o ABSOLUTE
    ../clib/microlib/init/entry.s            0x00000000   Number         0  entry8a.o ABSOLUTE
    ../clib/microlib/init/entry.s            0x00000000   Number         0  entry2.o ABSOLUTE
    ../clib/microlib/init/entry.s            0x00000000   Number         0  entry.o ABSOLUTE
    ../clib/microlib/init/entry.s            0x00000000   Number         0  entry11b.o ABSOLUTE
    ../clib/microlib/init/entry.s            0x00000000   Number         0  entry11a.o ABSOLUTE
    ../clib/microlib/init/entry.s            0x00000000   Number         0  entry10b.o ABSOLUTE
    ../clib/microlib/init/entry.s            0x00000000   Number         0  entry7b.o ABSOLUTE
    ../clib/microlib/init/entry.s            0x00000000   Number         0  entry10a.o ABSOLUTE
    ../clib/microlib/init/entry.s            0x00000000   Number         0  entry5.o ABSOLUTE
    ../clib/microlib/init/entry.s            0x00000000   Number         0  entry9b.o ABSOLUTE
    ../clib/microlib/init/entry.s            0x00000000   Number         0  entry9a.o ABSOLUTE
    ../clib/microlib/init/entry.s            0x00000000   Number         0  entry7a.o ABSOLUTE
    ../clib/microlib/init/entry.s            0x00000000   Number         0  entry8b.o ABSOLUTE
    ../clib/microlib/longlong.c              0x00000000   Number         0  llushr.o ABSOLUTE
    ../clib/microlib/longlong.c              0x00000000   Number         0  llsshr.o ABSOLUTE
    ../clib/microlib/longlong.c              0x00000000   Number         0  llshl.o ABSOLUTE
    ../clib/microlib/printf/printf.c         0x00000000   Number         0  printf7.o ABSOLUTE
    ../clib/microlib/printf/printf.c         0x00000000   Number         0  printf6.o ABSOLUTE
    ../clib/microlib/printf/printf.c         0x00000000   Number         0  printf5.o ABSOLUTE
    ../clib/microlib/printf/printf.c         0x00000000   Number         0  printf3.o ABSOLUTE
    ../clib/microlib/printf/printf.c         0x00000000   Number         0  printf2.o ABSOLUTE
    ../clib/microlib/printf/printf.c         0x00000000   Number         0  printf1.o ABSOLUTE
    ../clib/microlib/printf/printf.c         0x00000000   Number         0  printf0.o ABSOLUTE
    ../clib/microlib/printf/printf.c         0x00000000   Number         0  printf4.o ABSOLUTE
    ../clib/microlib/printf/printf.c         0x00000000   Number         0  printfa.o ABSOLUTE
    ../clib/microlib/printf/printf.c         0x00000000   Number         0  printf8.o ABSOLUTE
    ../clib/microlib/printf/printf.c         0x00000000   Number         0  printfb.o ABSOLUTE
    ../clib/microlib/printf/stubs.s          0x00000000   Number         0  stubs.o ABSOLUTE
    ../clib/microlib/stdio/streams.c         0x00000000   Number         0  stdout.o ABSOLUTE
    ../clib/microlib/string/memset.c         0x00000000   Number         0  memseta.o ABSOLUTE
    ../clib/microlib/string/strlen.c         0x00000000   Number         0  strlen.o ABSOLUTE
    ../clib/microlib/stubs.s                 0x00000000   Number         0  iusefp.o ABSOLUTE
    ../fplib/microlib/fpadd.c                0x00000000   Number         0  dadd.o ABSOLUTE
    ../fplib/microlib/fpdiv.c                0x00000000   Number         0  ddiv.o ABSOLUTE
    ../fplib/microlib/fpepilogue.c           0x00000000   Number         0  depilogue.o ABSOLUTE
    ../fplib/microlib/fpfix.c                0x00000000   Number         0  dfixul.o ABSOLUTE
    ../fplib/microlib/fpmul.c                0x00000000   Number         0  dmul.o ABSOLUTE
    ..\Drivers\STM32F1xx_HAL_Driver\Src\stm32f1xx_hal.c 0x00000000   Number         0  stm32f1xx_hal.o ABSOLUTE
    ..\Drivers\STM32F1xx_HAL_Driver\Src\stm32f1xx_hal_adc.c 0x00000000   Number         0  stm32f1xx_hal_adc.o ABSOLUTE
    ..\Drivers\STM32F1xx_HAL_Driver\Src\stm32f1xx_hal_adc_ex.c 0x00000000   Number         0  stm32f1xx_hal_adc_ex.o ABSOLUTE
    ..\Drivers\STM32F1xx_HAL_Driver\Src\stm32f1xx_hal_cortex.c 0x00000000   Number         0  stm32f1xx_hal_cortex.o ABSOLUTE
    ..\Drivers\STM32F1xx_HAL_Driver\Src\stm32f1xx_hal_dma.c 0x00000000   Number         0  stm32f1xx_hal_dma.o ABSOLUTE
    ..\Drivers\STM32F1xx_HAL_Driver\Src\stm32f1xx_hal_exti.c 0x00000000   Number         0  stm32f1xx_hal_exti.o ABSOLUTE
    ..\Drivers\STM32F1xx_HAL_Driver\Src\stm32f1xx_hal_flash.c 0x00000000   Number         0  stm32f1xx_hal_flash.o ABSOLUTE
    ..\Drivers\STM32F1xx_HAL_Driver\Src\stm32f1xx_hal_flash_ex.c 0x00000000   Number         0  stm32f1xx_hal_flash_ex.o ABSOLUTE
    ..\Drivers\STM32F1xx_HAL_Driver\Src\stm32f1xx_hal_gpio.c 0x00000000   Number         0  stm32f1xx_hal_gpio.o ABSOLUTE
    ..\Drivers\STM32F1xx_HAL_Driver\Src\stm32f1xx_hal_gpio_ex.c 0x00000000   Number         0  stm32f1xx_hal_gpio_ex.o ABSOLUTE
    ..\Drivers\STM32F1xx_HAL_Driver\Src\stm32f1xx_hal_pwr.c 0x00000000   Number         0  stm32f1xx_hal_pwr.o ABSOLUTE
    ..\Drivers\STM32F1xx_HAL_Driver\Src\stm32f1xx_hal_rcc.c 0x00000000   Number         0  stm32f1xx_hal_rcc.o ABSOLUTE
    ..\Drivers\STM32F1xx_HAL_Driver\Src\stm32f1xx_hal_rcc_ex.c 0x00000000   Number         0  stm32f1xx_hal_rcc_ex.o ABSOLUTE
    ..\Drivers\STM32F1xx_HAL_Driver\Src\stm32f1xx_hal_tim.c 0x00000000   Number         0  stm32f1xx_hal_tim.o ABSOLUTE
    ..\Drivers\STM32F1xx_HAL_Driver\Src\stm32f1xx_hal_tim_ex.c 0x00000000   Number         0  stm32f1xx_hal_tim_ex.o ABSOLUTE
    ..\Drivers\STM32F1xx_HAL_Driver\Src\stm32f1xx_hal_uart.c 0x00000000   Number         0  stm32f1xx_hal_uart.o ABSOLUTE
    ..\Src\24c16.c                           0x00000000   Number         0  24c16.o ABSOLUTE
    ..\Src\adc.c                             0x00000000   Number         0  adc.o ABSOLUTE
    ..\Src\gpio.c                            0x00000000   Number         0  gpio.o ABSOLUTE
    ..\Src\main.c                            0x00000000   Number         0  main.o ABSOLUTE
    ..\Src\stm32f1xx_hal_msp.c               0x00000000   Number         0  stm32f1xx_hal_msp.o ABSOLUTE
    ..\Src\stm32f1xx_it.c                    0x00000000   Number         0  stm32f1xx_it.o ABSOLUTE
    ..\Src\system_stm32f1xx.c                0x00000000   Number         0  system_stm32f1xx.o ABSOLUTE
    ..\Src\tim.c                             0x00000000   Number         0  tim.o ABSOLUTE
    ..\Src\usart.c                           0x00000000   Number         0  usart.o ABSOLUTE
    ..\\Src\\24c16.c                         0x00000000   Number         0  24c16.o ABSOLUTE
    cdrcmple.s                               0x00000000   Number         0  cdrcmple.o ABSOLUTE
    dc.s                                     0x00000000   Number         0  dc.o ABSOLUTE
    handlers.s                               0x00000000   Number         0  handlers.o ABSOLUTE
    init.s                                   0x00000000   Number         0  init.o ABSOLUTE
    startup_stm32f103xe.s                    0x00000000   Number         0  startup_stm32f103xe.o ABSOLUTE
    RESET                                    0x08000000   Section      304  startup_stm32f103xe.o(RESET)
    .ARM.Collect$$$$00000000                 0x08000130   Section        0  entry.o(.ARM.Collect$$$$00000000)
    .ARM.Collect$$$$00000001                 0x08000130   Section        4  entry2.o(.ARM.Collect$$$$00000001)
    .ARM.Collect$$$$00000004                 0x08000134   Section        4  entry5.o(.ARM.Collect$$$$00000004)
    .ARM.Collect$$$$00000008                 0x08000138   Section        0  entry7b.o(.ARM.Collect$$$$00000008)
    .ARM.Collect$$$$0000000A                 0x08000138   Section        0  entry8b.o(.ARM.Collect$$$$0000000A)
    .ARM.Collect$$$$0000000B                 0x08000138   Section        8  entry9a.o(.ARM.Collect$$$$0000000B)
    .ARM.Collect$$$$0000000D                 0x08000140   Section        0  entry10a.o(.ARM.Collect$$$$0000000D)
    .ARM.Collect$$$$0000000F                 0x08000140   Section        0  entry11a.o(.ARM.Collect$$$$0000000F)
    .ARM.Collect$$$$00002712                 0x08000140   Section        4  entry2.o(.ARM.Collect$$$$00002712)
    __lit__00000000                          0x08000140   Data           4  entry2.o(.ARM.Collect$$$$00002712)
    .text                                    0x08000144   Section       36  startup_stm32f103xe.o(.text)
    .text                                    0x08000168   Section        0  memseta.o(.text)
    .text                                    0x0800018c   Section        0  strlen.o(.text)
    .text                                    0x0800019a   Section        0  uidiv.o(.text)
    .text                                    0x080001c8   Section       36  init.o(.text)
    i.ADC_ConversionStop_Disable             0x080001ec   Section        0  stm32f1xx_hal_adc.o(i.ADC_ConversionStop_Disable)
    i.Auto_CleanOut                          0x08000240   Section        0  main.o(i.Auto_CleanOut)
    i.BusFault_Handler                       0x08000d08   Section        0  stm32f1xx_it.o(i.BusFault_Handler)
    i.C322_CONFIG_Init                       0x08000d0c   Section        0  main.o(i.C322_CONFIG_Init)
    i.CHECK_STATUS                           0x08000e24   Section        0  main.o(i.CHECK_STATUS)
    i.Config_usr322                          0x08001074   Section        0  main.o(i.Config_usr322)
    i.DebugMon_Handler                       0x080012c0   Section        0  stm32f1xx_it.o(i.DebugMon_Handler)
    i.Delay_ms                               0x080012c4   Section        0  24c16.o(i.Delay_ms)
    i.Delay_us                               0x080012fc   Section        0  24c16.o(i.Delay_us)
    i.Error_Handler                          0x08001338   Section        0  main.o(i.Error_Handler)
    i.GetLockCode                            0x0800133c   Section        0  main.o(i.GetLockCode)
    i.HAL_ADC_ConfigChannel                  0x080013b8   Section        0  stm32f1xx_hal_adc.o(i.HAL_ADC_ConfigChannel)
    i.HAL_ADC_Init                           0x08001518   Section        0  stm32f1xx_hal_adc.o(i.HAL_ADC_Init)
    i.HAL_ADC_MspInit                        0x08001678   Section        0  adc.o(i.HAL_ADC_MspInit)
    i.HAL_DMA_Abort_IT                       0x080016e8   Section        0  stm32f1xx_hal_dma.o(i.HAL_DMA_Abort_IT)
    i.HAL_GPIO_Init                          0x08001890   Section        0  stm32f1xx_hal_gpio.o(i.HAL_GPIO_Init)
    i.HAL_GPIO_ReadPin                       0x08001bd0   Section        0  stm32f1xx_hal_gpio.o(i.HAL_GPIO_ReadPin)
    i.HAL_GPIO_WritePin                      0x08001be0   Section        0  stm32f1xx_hal_gpio.o(i.HAL_GPIO_WritePin)
    i.HAL_GetTick                            0x08001bec   Section        0  stm32f1xx_hal.o(i.HAL_GetTick)
    i.HAL_GetUIDw0                           0x08001bf8   Section        0  stm32f1xx_hal.o(i.HAL_GetUIDw0)
    i.HAL_GetUIDw1                           0x08001c04   Section        0  stm32f1xx_hal.o(i.HAL_GetUIDw1)
    i.HAL_GetUIDw2                           0x08001c10   Section        0  stm32f1xx_hal.o(i.HAL_GetUIDw2)
    i.HAL_IncTick                            0x08001c1c   Section        0  main.o(i.HAL_IncTick)
    i.HAL_Init                               0x08001c34   Section        0  stm32f1xx_hal.o(i.HAL_Init)
    i.HAL_InitTick                           0x08001c5c   Section        0  stm32f1xx_hal.o(i.HAL_InitTick)
    i.HAL_MspInit                            0x08001ca8   Section        0  stm32f1xx_hal_msp.o(i.HAL_MspInit)
    i.HAL_NVIC_EnableIRQ                     0x08001cfc   Section        0  stm32f1xx_hal_cortex.o(i.HAL_NVIC_EnableIRQ)
    i.HAL_NVIC_SetPriority                   0x08001d1c   Section        0  stm32f1xx_hal_cortex.o(i.HAL_NVIC_SetPriority)
    i.HAL_NVIC_SetPriorityGrouping           0x08001d98   Section        0  stm32f1xx_hal_cortex.o(i.HAL_NVIC_SetPriorityGrouping)
    i.HAL_RCCEx_PeriphCLKConfig              0x08001dc0   Section        0  stm32f1xx_hal_rcc_ex.o(i.HAL_RCCEx_PeriphCLKConfig)
    i.HAL_RCC_ClockConfig                    0x08001ef0   Section        0  stm32f1xx_hal_rcc.o(i.HAL_RCC_ClockConfig)
    i.HAL_RCC_GetHCLKFreq                    0x0800207c   Section        0  stm32f1xx_hal_rcc.o(i.HAL_RCC_GetHCLKFreq)
    i.HAL_RCC_GetPCLK1Freq                   0x08002088   Section        0  stm32f1xx_hal_rcc.o(i.HAL_RCC_GetPCLK1Freq)
    i.HAL_RCC_GetPCLK2Freq                   0x080020a8   Section        0  stm32f1xx_hal_rcc.o(i.HAL_RCC_GetPCLK2Freq)
    i.HAL_RCC_GetSysClockFreq                0x080020c8   Section        0  stm32f1xx_hal_rcc.o(i.HAL_RCC_GetSysClockFreq)
    i.HAL_RCC_OscConfig                      0x0800215c   Section        0  stm32f1xx_hal_rcc.o(i.HAL_RCC_OscConfig)
    i.HAL_SYSTICK_Config                     0x080025c0   Section        0  stm32f1xx_hal_cortex.o(i.HAL_SYSTICK_Config)
    i.HAL_TIMEx_BreakCallback                0x080025f4   Section        0  stm32f1xx_hal_tim_ex.o(i.HAL_TIMEx_BreakCallback)
    i.HAL_TIMEx_CommutCallback               0x080025f6   Section        0  stm32f1xx_hal_tim_ex.o(i.HAL_TIMEx_CommutCallback)
    i.HAL_TIMEx_MasterConfigSynchronization  0x080025f8   Section        0  stm32f1xx_hal_tim_ex.o(i.HAL_TIMEx_MasterConfigSynchronization)
    i.HAL_TIM_Base_Init                      0x0800264c   Section        0  stm32f1xx_hal_tim.o(i.HAL_TIM_Base_Init)
    i.HAL_TIM_Base_MspInit                   0x08002680   Section        0  tim.o(i.HAL_TIM_Base_MspInit)
    i.HAL_TIM_Base_Start_IT                  0x08002734   Section        0  stm32f1xx_hal_tim.o(i.HAL_TIM_Base_Start_IT)
    i.HAL_TIM_ConfigClockSource              0x0800275e   Section        0  stm32f1xx_hal_tim.o(i.HAL_TIM_ConfigClockSource)
    i.HAL_TIM_IC_CaptureCallback             0x08002866   Section        0  stm32f1xx_hal_tim.o(i.HAL_TIM_IC_CaptureCallback)
    i.HAL_TIM_IRQHandler                     0x08002868   Section        0  stm32f1xx_hal_tim.o(i.HAL_TIM_IRQHandler)
    i.HAL_TIM_MspPostInit                    0x08002a00   Section        0  tim.o(i.HAL_TIM_MspPostInit)
    i.HAL_TIM_OC_DelayElapsedCallback        0x08002a58   Section        0  stm32f1xx_hal_tim.o(i.HAL_TIM_OC_DelayElapsedCallback)
    i.HAL_TIM_PWM_ConfigChannel              0x08002a5a   Section        0  stm32f1xx_hal_tim.o(i.HAL_TIM_PWM_ConfigChannel)
    i.HAL_TIM_PWM_Init                       0x08002b62   Section        0  stm32f1xx_hal_tim.o(i.HAL_TIM_PWM_Init)
    i.HAL_TIM_PWM_MspInit                    0x08002b96   Section        0  stm32f1xx_hal_tim.o(i.HAL_TIM_PWM_MspInit)
    i.HAL_TIM_PWM_PulseFinishedCallback      0x08002b98   Section        0  stm32f1xx_hal_tim.o(i.HAL_TIM_PWM_PulseFinishedCallback)
    i.HAL_TIM_PWM_Start                      0x08002b9c   Section        0  stm32f1xx_hal_tim.o(i.HAL_TIM_PWM_Start)
    i.HAL_TIM_PWM_Stop                       0x08002bf4   Section        0  stm32f1xx_hal_tim.o(i.HAL_TIM_PWM_Stop)
    i.HAL_TIM_PeriodElapsedCallback          0x08002c7c   Section        0  main.o(i.HAL_TIM_PeriodElapsedCallback)
    i.HAL_TIM_TriggerCallback                0x08002cd8   Section        0  stm32f1xx_hal_tim.o(i.HAL_TIM_TriggerCallback)
    i.HAL_UART_ErrorCallback                 0x08002cda   Section        0  stm32f1xx_hal_uart.o(i.HAL_UART_ErrorCallback)
    i.HAL_UART_IRQHandler                    0x08002cdc   Section        0  stm32f1xx_hal_uart.o(i.HAL_UART_IRQHandler)
    i.HAL_UART_Init                          0x08002e28   Section        0  stm32f1xx_hal_uart.o(i.HAL_UART_Init)
    i.HAL_UART_MspInit                       0x08002e9c   Section        0  usart.o(i.HAL_UART_MspInit)
    i.HAL_UART_Receive_IT                    0x0800308c   Section        0  stm32f1xx_hal_uart.o(i.HAL_UART_Receive_IT)
    i.HAL_UART_RxCpltCallback                0x080030fc   Section        0  main.o(i.HAL_UART_RxCpltCallback)
    i.HAL_UART_Transmit                      0x08003658   Section        0  stm32f1xx_hal_uart.o(i.HAL_UART_Transmit)
    i.HAL_UART_TxCpltCallback                0x0800372e   Section        0  stm32f1xx_hal_uart.o(i.HAL_UART_TxCpltCallback)
    i.HC_SR505_Status                        0x08003730   Section        0  main.o(i.HC_SR505_Status)
    i.HardFault_Handler                      0x080039a8   Section        0  stm32f1xx_it.o(i.HardFault_Handler)
    i.Heart_Beat                             0x080039ac   Section        0  main.o(i.Heart_Beat)
    i.MEEP_SET                               0x08003a48   Section        0  main.o(i.MEEP_SET)
    i.MX_ADC1_Init                           0x08003aa0   Section        0  adc.o(i.MX_ADC1_Init)
    i.MX_GPIO_Init                           0x08003afc   Section        0  gpio.o(i.MX_GPIO_Init)
    i.MX_TIM1_Init                           0x08003cb4   Section        0  tim.o(i.MX_TIM1_Init)
    i.MX_TIM2_Init                           0x08003d24   Section        0  tim.o(i.MX_TIM2_Init)
    i.MX_TIM4_Init                           0x08003d90   Section        0  tim.o(i.MX_TIM4_Init)
    i.MX_UART4_Init                          0x08003e34   Section        0  usart.o(i.MX_UART4_Init)
    i.MX_USART1_UART_Init                    0x08003e6c   Section        0  usart.o(i.MX_USART1_UART_Init)
    i.MX_USART2_UART_Init                    0x08003ea4   Section        0  usart.o(i.MX_USART2_UART_Init)
    i.MX_USART3_UART_Init                    0x08003edc   Section        0  usart.o(i.MX_USART3_UART_Init)
    i.MemManage_Handler                      0x08003f14   Section        0  stm32f1xx_it.o(i.MemManage_Handler)
    i.ModbusCrc16_Receive                    0x08003f18   Section        0  main.o(i.ModbusCrc16_Receive)
    i.ModbusCrc16_Send                       0x08003f6c   Section        0  main.o(i.ModbusCrc16_Send)
    i.NMI_Handler                            0x08003fb4   Section        0  stm32f1xx_it.o(i.NMI_Handler)
    i.Noise_Status                           0x08003fb8   Section        0  main.o(i.Noise_Status)
    i.OPEN_DOOR                              0x080040ec   Section        0  main.o(i.OPEN_DOOR)
    i.PendSV_Handler                         0x08004130   Section        0  stm32f1xx_it.o(i.PendSV_Handler)
    i.RCC_Delay                              0x08004134   Section        0  stm32f1xx_hal_rcc.o(i.RCC_Delay)
    RCC_Delay                                0x08004135   Thumb Code    36  stm32f1xx_hal_rcc.o(i.RCC_Delay)
    i.READ_WORKSTATUS                        0x0800415c   Section        0  main.o(i.READ_WORKSTATUS)
    i.SVC_Handler                            0x0800441c   Section        0  stm32f1xx_it.o(i.SVC_Handler)
    i.SoftReset                              0x08004420   Section        0  main.o(i.SoftReset)
    i.SysTick_Config                         0x0800446c   Section        0  24c16.o(i.SysTick_Config)
    SysTick_Config                           0x0800446d   Thumb Code    74  24c16.o(i.SysTick_Config)
    i.SysTick_Handler                        0x080044c0   Section        0  stm32f1xx_it.o(i.SysTick_Handler)
    i.SystemClock_Config                     0x080044c8   Section        0  main.o(i.SystemClock_Config)
    i.SystemInit                             0x0800454c   Section        0  system_stm32f1xx.o(i.SystemInit)
    i.TIM1_UP_IRQHandler                     0x080045a4   Section        0  stm32f1xx_it.o(i.TIM1_UP_IRQHandler)
    i.TIM2_IRQHandler                        0x080045b4   Section        0  stm32f1xx_it.o(i.TIM2_IRQHandler)
    i.TIM4_IRQHandler                        0x080045c4   Section        0  stm32f1xx_it.o(i.TIM4_IRQHandler)
    i.TIM_Base_SetConfig                     0x080045d4   Section        0  stm32f1xx_hal_tim.o(i.TIM_Base_SetConfig)
    i.TIM_CCxChannelCmd                      0x08004670   Section        0  stm32f1xx_hal_tim.o(i.TIM_CCxChannelCmd)
    i.TIM_ETR_SetConfig                      0x08004692   Section        0  stm32f1xx_hal_tim.o(i.TIM_ETR_SetConfig)
    i.TIM_ITRx_SetConfig                     0x080046a8   Section        0  stm32f1xx_hal_tim.o(i.TIM_ITRx_SetConfig)
    TIM_ITRx_SetConfig                       0x080046a9   Thumb Code    18  stm32f1xx_hal_tim.o(i.TIM_ITRx_SetConfig)
    i.TIM_OC1_SetConfig                      0x080046bc   Section        0  stm32f1xx_hal_tim.o(i.TIM_OC1_SetConfig)
    TIM_OC1_SetConfig                        0x080046bd   Thumb Code   104  stm32f1xx_hal_tim.o(i.TIM_OC1_SetConfig)
    i.TIM_OC2_SetConfig                      0x0800472c   Section        0  stm32f1xx_hal_tim.o(i.TIM_OC2_SetConfig)
    i.TIM_OC3_SetConfig                      0x080047a8   Section        0  stm32f1xx_hal_tim.o(i.TIM_OC3_SetConfig)
    TIM_OC3_SetConfig                        0x080047a9   Thumb Code   112  stm32f1xx_hal_tim.o(i.TIM_OC3_SetConfig)
    i.TIM_OC4_SetConfig                      0x08004820   Section        0  stm32f1xx_hal_tim.o(i.TIM_OC4_SetConfig)
    TIM_OC4_SetConfig                        0x08004821   Thumb Code    74  stm32f1xx_hal_tim.o(i.TIM_OC4_SetConfig)
    i.TIM_TI1_ConfigInputStage               0x08004874   Section        0  stm32f1xx_hal_tim.o(i.TIM_TI1_ConfigInputStage)
    TIM_TI1_ConfigInputStage                 0x08004875   Thumb Code    38  stm32f1xx_hal_tim.o(i.TIM_TI1_ConfigInputStage)
    i.TIM_TI2_ConfigInputStage               0x0800489a   Section        0  stm32f1xx_hal_tim.o(i.TIM_TI2_ConfigInputStage)
    TIM_TI2_ConfigInputStage                 0x0800489b   Thumb Code    40  stm32f1xx_hal_tim.o(i.TIM_TI2_ConfigInputStage)
    i.UART_DMAAbortOnError                   0x080048c2   Section        0  stm32f1xx_hal_uart.o(i.UART_DMAAbortOnError)
    UART_DMAAbortOnError                     0x080048c3   Thumb Code    20  stm32f1xx_hal_uart.o(i.UART_DMAAbortOnError)
    i.UART_EndRxTransfer                     0x080048d6   Section        0  stm32f1xx_hal_uart.o(i.UART_EndRxTransfer)
    UART_EndRxTransfer                       0x080048d7   Thumb Code    32  stm32f1xx_hal_uart.o(i.UART_EndRxTransfer)
    i.UART_EndTransmit_IT                    0x080048f6   Section        0  stm32f1xx_hal_uart.o(i.UART_EndTransmit_IT)
    UART_EndTransmit_IT                      0x080048f7   Thumb Code    32  stm32f1xx_hal_uart.o(i.UART_EndTransmit_IT)
    i.UART_Receive_IT                        0x08004916   Section        0  stm32f1xx_hal_uart.o(i.UART_Receive_IT)
    UART_Receive_IT                          0x08004917   Thumb Code   166  stm32f1xx_hal_uart.o(i.UART_Receive_IT)
    i.UART_SetConfig                         0x080049bc   Section        0  stm32f1xx_hal_uart.o(i.UART_SetConfig)
    UART_SetConfig                           0x080049bd   Thumb Code   412  stm32f1xx_hal_uart.o(i.UART_SetConfig)
    i.UART_Transmit_IT                       0x08004b5c   Section        0  stm32f1xx_hal_uart.o(i.UART_Transmit_IT)
    UART_Transmit_IT                         0x08004b5d   Thumb Code   104  stm32f1xx_hal_uart.o(i.UART_Transmit_IT)
    i.UART_WaitOnFlagUntilTimeout            0x08004bc4   Section        0  stm32f1xx_hal_uart.o(i.UART_WaitOnFlagUntilTimeout)
    UART_WaitOnFlagUntilTimeout              0x08004bc5   Thumb Code   108  stm32f1xx_hal_uart.o(i.UART_WaitOnFlagUntilTimeout)
    i.USART1_IRQHandler                      0x08004c30   Section        0  stm32f1xx_it.o(i.USART1_IRQHandler)
    i.USART2_IRQHandler                      0x08004c40   Section        0  stm32f1xx_it.o(i.USART2_IRQHandler)
    i.USR_C322_ACTION                        0x08004c50   Section        0  main.o(i.USR_C322_ACTION)
    i.UsageFault_Handler                     0x08005d88   Section        0  stm32f1xx_it.o(i.UsageFault_Handler)
    i.WORK_DOOR                              0x08005d8c   Section        0  main.o(i.WORK_DOOR)
    i.WORK_LED                               0x08005dc8   Section        0  main.o(i.WORK_LED)
    i.__0printf$1                            0x08005ea8   Section        0  printf1.o(i.__0printf$1)
    i.__NVIC_GetPriorityGrouping             0x08005ec8   Section        0  stm32f1xx_hal_cortex.o(i.__NVIC_GetPriorityGrouping)
    __NVIC_GetPriorityGrouping               0x08005ec9   Thumb Code    10  stm32f1xx_hal_cortex.o(i.__NVIC_GetPriorityGrouping)
    i.__NVIC_SetPriority                     0x08005ed8   Section        0  stm32f1xx_hal_cortex.o(i.__NVIC_SetPriority)
    __NVIC_SetPriority                       0x08005ed9   Thumb Code    32  stm32f1xx_hal_cortex.o(i.__NVIC_SetPriority)
    i.__scatterload_copy                     0x08005f00   Section       14  handlers.o(i.__scatterload_copy)
    i.__scatterload_null                     0x08005f0e   Section        2  handlers.o(i.__scatterload_null)
    i.__scatterload_zeroinit                 0x08005f10   Section       14  handlers.o(i.__scatterload_zeroinit)
    i._printf_core                           0x08005f20   Section        0  printf1.o(i._printf_core)
    _printf_core                             0x08005f21   Thumb Code   336  printf1.o(i._printf_core)
    i.at24c16_read                           0x08006074   Section        0  24c16.o(i.at24c16_read)
    i.at24c16_start                          0x080060b8   Section        0  24c16.o(i.at24c16_start)
    i.at24c16_stop                           0x080060f4   Section        0  24c16.o(i.at24c16_stop)
    i.at24c16_write                          0x08006124   Section        0  24c16.o(i.at24c16_write)
    i.chuifengji                             0x08006170   Section        0  main.o(i.chuifengji)
    i.clock                                  0x080062f8   Section        0  24c16.o(i.clock)
    i.fputc                                  0x0800633c   Section        0  main.o(i.fputc)
    i.main                                   0x08006358   Section        0  main.o(i.main)
    i.read_1byte                             0x08006410   Section        0  24c16.o(i.read_1byte)
    i.write_1byte                            0x08006488   Section        0  24c16.o(i.write_1byte)
    .constdata                               0x08006510   Section       24  system_stm32f1xx.o(.constdata)
    .conststring                             0x08006528   Section      262  main.o(.conststring)
    .data                                    0x20000000   Section        4  24c16.o(.data)
    .data                                    0x20000004   Section      126  main.o(.data)
    para                                     0x20000004   Data          40  main.o(.data)
    .data                                    0x20000084   Section        9  stm32f1xx_hal.o(.data)
    .data                                    0x20000090   Section        4  system_stm32f1xx.o(.data)
    .data                                    0x20000094   Section        4  stdout.o(.data)
    .bss                                     0x20000098   Section      648  main.o(.bss)
    .bss                                     0x20000320   Section       48  adc.o(.bss)
    .bss                                     0x20000350   Section      192  tim.o(.bss)
    .bss                                     0x20000410   Section      256  usart.o(.bss)
    STACK                                    0x20000510   Section     1024  startup_stm32f103xe.o(STACK)

    Global Symbols

    Symbol Name                              Value     Ov Type        Size  Object(Section)

    BuildAttributes$$THM_ISAv4$P$D$K$B$S$PE$A:L22UL41UL21$X:L11$S22US41US21$IEEE1$IW$USESV6$~STKCKD$USESV7$~SHL$OSPACE$ROPI$EBA8$MICROLIB$REQ8$PRES8$EABIv2 0x00000000   Number         0  anon$$obj.o ABSOLUTE
    __ARM_use_no_argv                        0x00000000   Number         0  main.o ABSOLUTE
    _printf_a                                0x00000000   Number         0  stubs.o ABSOLUTE
    _printf_c                                0x00000000   Number         0  stubs.o ABSOLUTE
    _printf_charcount                        0x00000000   Number         0  stubs.o ABSOLUTE
    _printf_d                                0x00000000   Number         0  stubs.o ABSOLUTE
    _printf_e                                0x00000000   Number         0  stubs.o ABSOLUTE
    _printf_f                                0x00000000   Number         0  stubs.o ABSOLUTE
    _printf_flags                            0x00000000   Number         0  stubs.o ABSOLUTE
    _printf_fp_dec                           0x00000000   Number         0  stubs.o ABSOLUTE
    _printf_fp_hex                           0x00000000   Number         0  stubs.o ABSOLUTE
    _printf_g                                0x00000000   Number         0  stubs.o ABSOLUTE
    _printf_i                                0x00000000   Number         0  stubs.o ABSOLUTE
    _printf_int_dec                          0x00000000   Number         0  stubs.o ABSOLUTE
    _printf_l                                0x00000000   Number         0  stubs.o ABSOLUTE
    _printf_lc                               0x00000000   Number         0  stubs.o ABSOLUTE
    _printf_ll                               0x00000000   Number         0  stubs.o ABSOLUTE
    _printf_lld                              0x00000000   Number         0  stubs.o ABSOLUTE
    _printf_lli                              0x00000000   Number         0  stubs.o ABSOLUTE
    _printf_llo                              0x00000000   Number         0  stubs.o ABSOLUTE
    _printf_llu                              0x00000000   Number         0  stubs.o ABSOLUTE
    _printf_llx                              0x00000000   Number         0  stubs.o ABSOLUTE
    _printf_longlong_dec                     0x00000000   Number         0  stubs.o ABSOLUTE
    _printf_longlong_hex                     0x00000000   Number         0  stubs.o ABSOLUTE
    _printf_longlong_oct                     0x00000000   Number         0  stubs.o ABSOLUTE
    _printf_ls                               0x00000000   Number         0  stubs.o ABSOLUTE
    _printf_mbtowc                           0x00000000   Number         0  stubs.o ABSOLUTE
    _printf_n                                0x00000000   Number         0  stubs.o ABSOLUTE
    _printf_o                                0x00000000   Number         0  stubs.o ABSOLUTE
    _printf_p                                0x00000000   Number         0  stubs.o ABSOLUTE
    _printf_percent                          0x00000000   Number         0  stubs.o ABSOLUTE
    _printf_pre_padding                      0x00000000   Number         0  stubs.o ABSOLUTE
    _printf_return_value                     0x00000000   Number         0  stubs.o ABSOLUTE
    _printf_s                                0x00000000   Number         0  stubs.o ABSOLUTE
    _printf_sizespec                         0x00000000   Number         0  stubs.o ABSOLUTE
    _printf_str                              0x00000000   Number         0  stubs.o ABSOLUTE
    _printf_truncate_signed                  0x00000000   Number         0  stubs.o ABSOLUTE
    _printf_truncate_unsigned                0x00000000   Number         0  stubs.o ABSOLUTE
    _printf_u                                0x00000000   Number         0  stubs.o ABSOLUTE
    _printf_wc                               0x00000000   Number         0  stubs.o ABSOLUTE
    _printf_wctomb                           0x00000000   Number         0  stubs.o ABSOLUTE
    _printf_widthprec                        0x00000000   Number         0  stubs.o ABSOLUTE
    _printf_x                                0x00000000   Number         0  stubs.o ABSOLUTE
    __cpp_initialize__aeabi_                  - Undefined Weak Reference
    __cxa_finalize                            - Undefined Weak Reference
    __decompress                              - Undefined Weak Reference
    _clock_init                               - Undefined Weak Reference
    _microlib_exit                            - Undefined Weak Reference
    __Vectors_Size                           0x00000130   Number         0  startup_stm32f103xe.o ABSOLUTE
    __Vectors                                0x08000000   Data           4  startup_stm32f103xe.o(RESET)
    __Vectors_End                            0x08000130   Data           0  startup_stm32f103xe.o(RESET)
    __main                                   0x08000131   Thumb Code     0  entry.o(.ARM.Collect$$$$00000000)
    _main_stk                                0x08000131   Thumb Code     0  entry2.o(.ARM.Collect$$$$00000001)
    _main_scatterload                        0x08000135   Thumb Code     0  entry5.o(.ARM.Collect$$$$00000004)
    __main_after_scatterload                 0x08000139   Thumb Code     0  entry5.o(.ARM.Collect$$$$00000004)
    _main_clock                              0x08000139   Thumb Code     0  entry7b.o(.ARM.Collect$$$$00000008)
    _main_cpp_init                           0x08000139   Thumb Code     0  entry8b.o(.ARM.Collect$$$$0000000A)
    _main_init                               0x08000139   Thumb Code     0  entry9a.o(.ARM.Collect$$$$0000000B)
    __rt_final_cpp                           0x08000141   Thumb Code     0  entry10a.o(.ARM.Collect$$$$0000000D)
    __rt_final_exit                          0x08000141   Thumb Code     0  entry11a.o(.ARM.Collect$$$$0000000F)
    Reset_Handler                            0x08000145   Thumb Code     8  startup_stm32f103xe.o(.text)
    ADC1_2_IRQHandler                        0x0800015f   Thumb Code     0  startup_stm32f103xe.o(.text)
    ADC3_IRQHandler                          0x0800015f   Thumb Code     0  startup_stm32f103xe.o(.text)
    CAN1_RX1_IRQHandler                      0x0800015f   Thumb Code     0  startup_stm32f103xe.o(.text)
    CAN1_SCE_IRQHandler                      0x0800015f   Thumb Code     0  startup_stm32f103xe.o(.text)
    DMA1_Channel1_IRQHandler                 0x0800015f   Thumb Code     0  startup_stm32f103xe.o(.text)
    DMA1_Channel2_IRQHandler                 0x0800015f   Thumb Code     0  startup_stm32f103xe.o(.text)
    DMA1_Channel3_IRQHandler                 0x0800015f   Thumb Code     0  startup_stm32f103xe.o(.text)
    DMA1_Channel4_IRQHandler                 0x0800015f   Thumb Code     0  startup_stm32f103xe.o(.text)
    DMA1_Channel5_IRQHandler                 0x0800015f   Thumb Code     0  startup_stm32f103xe.o(.text)
    DMA1_Channel6_IRQHandler                 0x0800015f   Thumb Code     0  startup_stm32f103xe.o(.text)
    DMA1_Channel7_IRQHandler                 0x0800015f   Thumb Code     0  startup_stm32f103xe.o(.text)
    DMA2_Channel1_IRQHandler                 0x0800015f   Thumb Code     0  startup_stm32f103xe.o(.text)
    DMA2_Channel2_IRQHandler                 0x0800015f   Thumb Code     0  startup_stm32f103xe.o(.text)
    DMA2_Channel3_IRQHandler                 0x0800015f   Thumb Code     0  startup_stm32f103xe.o(.text)
    DMA2_Channel4_5_IRQHandler               0x0800015f   Thumb Code     0  startup_stm32f103xe.o(.text)
    EXTI0_IRQHandler                         0x0800015f   Thumb Code     0  startup_stm32f103xe.o(.text)
    EXTI15_10_IRQHandler                     0x0800015f   Thumb Code     0  startup_stm32f103xe.o(.text)
    EXTI1_IRQHandler                         0x0800015f   Thumb Code     0  startup_stm32f103xe.o(.text)
    EXTI2_IRQHandler                         0x0800015f   Thumb Code     0  startup_stm32f103xe.o(.text)
    EXTI3_IRQHandler                         0x0800015f   Thumb Code     0  startup_stm32f103xe.o(.text)
    EXTI4_IRQHandler                         0x0800015f   Thumb Code     0  startup_stm32f103xe.o(.text)
    EXTI9_5_IRQHandler                       0x0800015f   Thumb Code     0  startup_stm32f103xe.o(.text)
    FLASH_IRQHandler                         0x0800015f   Thumb Code     0  startup_stm32f103xe.o(.text)
    FSMC_IRQHandler                          0x0800015f   Thumb Code     0  startup_stm32f103xe.o(.text)
    I2C1_ER_IRQHandler                       0x0800015f   Thumb Code     0  startup_stm32f103xe.o(.text)
    I2C1_EV_IRQHandler                       0x0800015f   Thumb Code     0  startup_stm32f103xe.o(.text)
    I2C2_ER_IRQHandler                       0x0800015f   Thumb Code     0  startup_stm32f103xe.o(.text)
    I2C2_EV_IRQHandler                       0x0800015f   Thumb Code     0  startup_stm32f103xe.o(.text)
    PVD_IRQHandler                           0x0800015f   Thumb Code     0  startup_stm32f103xe.o(.text)
    RCC_IRQHandler                           0x0800015f   Thumb Code     0  startup_stm32f103xe.o(.text)
    RTC_Alarm_IRQHandler                     0x0800015f   Thumb Code     0  startup_stm32f103xe.o(.text)
    RTC_IRQHandler                           0x0800015f   Thumb Code     0  startup_stm32f103xe.o(.text)
    SDIO_IRQHandler                          0x0800015f   Thumb Code     0  startup_stm32f103xe.o(.text)
    SPI1_IRQHandler                          0x0800015f   Thumb Code     0  startup_stm32f103xe.o(.text)
    SPI2_IRQHandler                          0x0800015f   Thumb Code     0  startup_stm32f103xe.o(.text)
    SPI3_IRQHandler                          0x0800015f   Thumb Code     0  startup_stm32f103xe.o(.text)
    TAMPER_IRQHandler                        0x0800015f   Thumb Code     0  startup_stm32f103xe.o(.text)
    TIM1_BRK_IRQHandler                      0x0800015f   Thumb Code     0  startup_stm32f103xe.o(.text)
    TIM1_CC_IRQHandler                       0x0800015f   Thumb Code     0  startup_stm32f103xe.o(.text)
    TIM1_TRG_COM_IRQHandler                  0x0800015f   Thumb Code     0  startup_stm32f103xe.o(.text)
    TIM3_IRQHandler                          0x0800015f   Thumb Code     0  startup_stm32f103xe.o(.text)
    TIM5_IRQHandler                          0x0800015f   Thumb Code     0  startup_stm32f103xe.o(.text)
    TIM6_IRQHandler                          0x0800015f   Thumb Code     0  startup_stm32f103xe.o(.text)
    TIM7_IRQHandler                          0x0800015f   Thumb Code     0  startup_stm32f103xe.o(.text)
    TIM8_BRK_IRQHandler                      0x0800015f   Thumb Code     0  startup_stm32f103xe.o(.text)
    TIM8_CC_IRQHandler                       0x0800015f   Thumb Code     0  startup_stm32f103xe.o(.text)
    TIM8_TRG_COM_IRQHandler                  0x0800015f   Thumb Code     0  startup_stm32f103xe.o(.text)
    TIM8_UP_IRQHandler                       0x0800015f   Thumb Code     0  startup_stm32f103xe.o(.text)
    UART4_IRQHandler                         0x0800015f   Thumb Code     0  startup_stm32f103xe.o(.text)
    UART5_IRQHandler                         0x0800015f   Thumb Code     0  startup_stm32f103xe.o(.text)
    USART3_IRQHandler                        0x0800015f   Thumb Code     0  startup_stm32f103xe.o(.text)
    USBWakeUp_IRQHandler                     0x0800015f   Thumb Code     0  startup_stm32f103xe.o(.text)
    USB_HP_CAN1_TX_IRQHandler                0x0800015f   Thumb Code     0  startup_stm32f103xe.o(.text)
    USB_LP_CAN1_RX0_IRQHandler               0x0800015f   Thumb Code     0  startup_stm32f103xe.o(.text)
    WWDG_IRQHandler                          0x0800015f   Thumb Code     0  startup_stm32f103xe.o(.text)
    __aeabi_memset                           0x08000169   Thumb Code    14  memseta.o(.text)
    __aeabi_memset4                          0x08000169   Thumb Code     0  memseta.o(.text)
    __aeabi_memset8                          0x08000169   Thumb Code     0  memseta.o(.text)
    __aeabi_memclr                           0x08000177   Thumb Code     4  memseta.o(.text)
    __aeabi_memclr4                          0x08000177   Thumb Code     0  memseta.o(.text)
    __aeabi_memclr8                          0x08000177   Thumb Code     0  memseta.o(.text)
    _memset$wrapper                          0x0800017b   Thumb Code    18  memseta.o(.text)
    strlen                                   0x0800018d   Thumb Code    14  strlen.o(.text)
    __aeabi_uidiv                            0x0800019b   Thumb Code     0  uidiv.o(.text)
    __aeabi_uidivmod                         0x0800019b   Thumb Code    44  uidiv.o(.text)
    __scatterload                            0x080001c9   Thumb Code    28  init.o(.text)
    __scatterload_rt2                        0x080001c9   Thumb Code     0  init.o(.text)
    ADC_ConversionStop_Disable               0x080001ed   Thumb Code    82  stm32f1xx_hal_adc.o(i.ADC_ConversionStop_Disable)
    Auto_CleanOut                            0x08000241   Thumb Code  2290  main.o(i.Auto_CleanOut)
    BusFault_Handler                         0x08000d09   Thumb Code     4  stm32f1xx_it.o(i.BusFault_Handler)
    C322_CONFIG_Init                         0x08000d0d   Thumb Code   174  main.o(i.C322_CONFIG_Init)
    CHECK_STATUS                             0x08000e25   Thumb Code   446  main.o(i.CHECK_STATUS)
    Config_usr322                            0x08001075   Thumb Code   540  main.o(i.Config_usr322)
    DebugMon_Handler                         0x080012c1   Thumb Code     2  stm32f1xx_it.o(i.DebugMon_Handler)
    Delay_ms                                 0x080012c5   Thumb Code    52  24c16.o(i.Delay_ms)
    Delay_us                                 0x080012fd   Thumb Code    50  24c16.o(i.Delay_us)
    Error_Handler                            0x08001339   Thumb Code     2  main.o(i.Error_Handler)
    GetLockCode                              0x0800133d   Thumb Code    94  main.o(i.GetLockCode)
    HAL_ADC_ConfigChannel                    0x080013b9   Thumb Code   338  stm32f1xx_hal_adc.o(i.HAL_ADC_ConfigChannel)
    HAL_ADC_Init                             0x08001519   Thumb Code   340  stm32f1xx_hal_adc.o(i.HAL_ADC_Init)
    HAL_ADC_MspInit                          0x08001679   Thumb Code    98  adc.o(i.HAL_ADC_MspInit)
    HAL_DMA_Abort_IT                         0x080016e9   Thumb Code   414  stm32f1xx_hal_dma.o(i.HAL_DMA_Abort_IT)
    HAL_GPIO_Init                            0x08001891   Thumb Code   792  stm32f1xx_hal_gpio.o(i.HAL_GPIO_Init)
    HAL_GPIO_ReadPin                         0x08001bd1   Thumb Code    16  stm32f1xx_hal_gpio.o(i.HAL_GPIO_ReadPin)
    HAL_GPIO_WritePin                        0x08001be1   Thumb Code    12  stm32f1xx_hal_gpio.o(i.HAL_GPIO_WritePin)
    HAL_GetTick                              0x08001bed   Thumb Code     6  stm32f1xx_hal.o(i.HAL_GetTick)
    HAL_GetUIDw0                             0x08001bf9   Thumb Code     6  stm32f1xx_hal.o(i.HAL_GetUIDw0)
    HAL_GetUIDw1                             0x08001c05   Thumb Code     6  stm32f1xx_hal.o(i.HAL_GetUIDw1)
    HAL_GetUIDw2                             0x08001c11   Thumb Code     6  stm32f1xx_hal.o(i.HAL_GetUIDw2)
    HAL_IncTick                              0x08001c1d   Thumb Code    18  main.o(i.HAL_IncTick)
    HAL_Init                                 0x08001c35   Thumb Code    34  stm32f1xx_hal.o(i.HAL_Init)
    HAL_InitTick                             0x08001c5d   Thumb Code    64  stm32f1xx_hal.o(i.HAL_InitTick)
    HAL_MspInit                              0x08001ca9   Thumb Code    76  stm32f1xx_hal_msp.o(i.HAL_MspInit)
    HAL_NVIC_EnableIRQ                       0x08001cfd   Thumb Code    32  stm32f1xx_hal_cortex.o(i.HAL_NVIC_EnableIRQ)
    HAL_NVIC_SetPriority                     0x08001d1d   Thumb Code   124  stm32f1xx_hal_cortex.o(i.HAL_NVIC_SetPriority)
    HAL_NVIC_SetPriorityGrouping             0x08001d99   Thumb Code    32  stm32f1xx_hal_cortex.o(i.HAL_NVIC_SetPriorityGrouping)
    HAL_RCCEx_PeriphCLKConfig                0x08001dc1   Thumb Code   290  stm32f1xx_hal_rcc_ex.o(i.HAL_RCCEx_PeriphCLKConfig)
    HAL_RCC_ClockConfig                      0x08001ef1   Thumb Code   376  stm32f1xx_hal_rcc.o(i.HAL_RCC_ClockConfig)
    HAL_RCC_GetHCLKFreq                      0x0800207d   Thumb Code     6  stm32f1xx_hal_rcc.o(i.HAL_RCC_GetHCLKFreq)
    HAL_RCC_GetPCLK1Freq                     0x08002089   Thumb Code    22  stm32f1xx_hal_rcc.o(i.HAL_RCC_GetPCLK1Freq)
    HAL_RCC_GetPCLK2Freq                     0x080020a9   Thumb Code    22  stm32f1xx_hal_rcc.o(i.HAL_RCC_GetPCLK2Freq)
    HAL_RCC_GetSysClockFreq                  0x080020c9   Thumb Code   116  stm32f1xx_hal_rcc.o(i.HAL_RCC_GetSysClockFreq)
    HAL_RCC_OscConfig                        0x0800215d   Thumb Code  1114  stm32f1xx_hal_rcc.o(i.HAL_RCC_OscConfig)
    HAL_SYSTICK_Config                       0x080025c1   Thumb Code    52  stm32f1xx_hal_cortex.o(i.HAL_SYSTICK_Config)
    HAL_TIMEx_BreakCallback                  0x080025f5   Thumb Code     2  stm32f1xx_hal_tim_ex.o(i.HAL_TIMEx_BreakCallback)
    HAL_TIMEx_CommutCallback                 0x080025f7   Thumb Code     2  stm32f1xx_hal_tim_ex.o(i.HAL_TIMEx_CommutCallback)
    HAL_TIMEx_MasterConfigSynchronization    0x080025f9   Thumb Code    84  stm32f1xx_hal_tim_ex.o(i.HAL_TIMEx_MasterConfigSynchronization)
    HAL_TIM_Base_Init                        0x0800264d   Thumb Code    52  stm32f1xx_hal_tim.o(i.HAL_TIM_Base_Init)
    HAL_TIM_Base_MspInit                     0x08002681   Thumb Code   166  tim.o(i.HAL_TIM_Base_MspInit)
    HAL_TIM_Base_Start_IT                    0x08002735   Thumb Code    42  stm32f1xx_hal_tim.o(i.HAL_TIM_Base_Start_IT)
    HAL_TIM_ConfigClockSource                0x0800275f   Thumb Code   264  stm32f1xx_hal_tim.o(i.HAL_TIM_ConfigClockSource)
    HAL_TIM_IC_CaptureCallback               0x08002867   Thumb Code     2  stm32f1xx_hal_tim.o(i.HAL_TIM_IC_CaptureCallback)
    HAL_TIM_IRQHandler                       0x08002869   Thumb Code   406  stm32f1xx_hal_tim.o(i.HAL_TIM_IRQHandler)
    HAL_TIM_MspPostInit                      0x08002a01   Thumb Code    74  tim.o(i.HAL_TIM_MspPostInit)
    HAL_TIM_OC_DelayElapsedCallback          0x08002a59   Thumb Code     2  stm32f1xx_hal_tim.o(i.HAL_TIM_OC_DelayElapsedCallback)
    HAL_TIM_PWM_ConfigChannel                0x08002a5b   Thumb Code   264  stm32f1xx_hal_tim.o(i.HAL_TIM_PWM_ConfigChannel)
    HAL_TIM_PWM_Init                         0x08002b63   Thumb Code    52  stm32f1xx_hal_tim.o(i.HAL_TIM_PWM_Init)
    HAL_TIM_PWM_MspInit                      0x08002b97   Thumb Code     2  stm32f1xx_hal_tim.o(i.HAL_TIM_PWM_MspInit)
    HAL_TIM_PWM_PulseFinishedCallback        0x08002b99   Thumb Code     2  stm32f1xx_hal_tim.o(i.HAL_TIM_PWM_PulseFinishedCallback)
    HAL_TIM_PWM_Start                        0x08002b9d   Thumb Code    80  stm32f1xx_hal_tim.o(i.HAL_TIM_PWM_Start)
    HAL_TIM_PWM_Stop                         0x08002bf5   Thumb Code   126  stm32f1xx_hal_tim.o(i.HAL_TIM_PWM_Stop)
    HAL_TIM_PeriodElapsedCallback            0x08002c7d   Thumb Code    74  main.o(i.HAL_TIM_PeriodElapsedCallback)
    HAL_TIM_TriggerCallback                  0x08002cd9   Thumb Code     2  stm32f1xx_hal_tim.o(i.HAL_TIM_TriggerCallback)
    HAL_UART_ErrorCallback                   0x08002cdb   Thumb Code     2  stm32f1xx_hal_uart.o(i.HAL_UART_ErrorCallback)
    HAL_UART_IRQHandler                      0x08002cdd   Thumb Code   326  stm32f1xx_hal_uart.o(i.HAL_UART_IRQHandler)
    HAL_UART_Init                            0x08002e29   Thumb Code   114  stm32f1xx_hal_uart.o(i.HAL_UART_Init)
    HAL_UART_MspInit                         0x08002e9d   Thumb Code   464  usart.o(i.HAL_UART_MspInit)
    HAL_UART_Receive_IT                      0x0800308d   Thumb Code   112  stm32f1xx_hal_uart.o(i.HAL_UART_Receive_IT)
    HAL_UART_RxCpltCallback                  0x080030fd   Thumb Code  1342  main.o(i.HAL_UART_RxCpltCallback)
    HAL_UART_Transmit                        0x08003659   Thumb Code   214  stm32f1xx_hal_uart.o(i.HAL_UART_Transmit)
    HAL_UART_TxCpltCallback                  0x0800372f   Thumb Code     2  stm32f1xx_hal_uart.o(i.HAL_UART_TxCpltCallback)
    HC_SR505_Status                          0x08003731   Thumb Code   390  main.o(i.HC_SR505_Status)
    HardFault_Handler                        0x080039a9   Thumb Code     4  stm32f1xx_it.o(i.HardFault_Handler)
    Heart_Beat                               0x080039ad   Thumb Code   110  main.o(i.Heart_Beat)
    MEEP_SET                                 0x08003a49   Thumb Code    76  main.o(i.MEEP_SET)
    MX_ADC1_Init                             0x08003aa1   Thumb Code    82  adc.o(i.MX_ADC1_Init)
    MX_GPIO_Init                             0x08003afd   Thumb Code   418  gpio.o(i.MX_GPIO_Init)
    MX_TIM1_Init                             0x08003cb5   Thumb Code   102  tim.o(i.MX_TIM1_Init)
    MX_TIM2_Init                             0x08003d25   Thumb Code   102  tim.o(i.MX_TIM2_Init)
    MX_TIM4_Init                             0x08003d91   Thumb Code   156  tim.o(i.MX_TIM4_Init)
    MX_UART4_Init                            0x08003e35   Thumb Code    46  usart.o(i.MX_UART4_Init)
    MX_USART1_UART_Init                      0x08003e6d   Thumb Code    46  usart.o(i.MX_USART1_UART_Init)
    MX_USART2_UART_Init                      0x08003ea5   Thumb Code    46  usart.o(i.MX_USART2_UART_Init)
    MX_USART3_UART_Init                      0x08003edd   Thumb Code    46  usart.o(i.MX_USART3_UART_Init)
    MemManage_Handler                        0x08003f15   Thumb Code     4  stm32f1xx_it.o(i.MemManage_Handler)
    ModbusCrc16_Receive                      0x08003f19   Thumb Code    84  main.o(i.ModbusCrc16_Receive)
    ModbusCrc16_Send                         0x08003f6d   Thumb Code    72  main.o(i.ModbusCrc16_Send)
    NMI_Handler                              0x08003fb5   Thumb Code     2  stm32f1xx_it.o(i.NMI_Handler)
    Noise_Status                             0x08003fb9   Thumb Code   244  main.o(i.Noise_Status)
    OPEN_DOOR                                0x080040ed   Thumb Code    54  main.o(i.OPEN_DOOR)
    PendSV_Handler                           0x08004131   Thumb Code     2  stm32f1xx_it.o(i.PendSV_Handler)
    READ_WORKSTATUS                          0x0800415d   Thumb Code   384  main.o(i.READ_WORKSTATUS)
    SVC_Handler                              0x0800441d   Thumb Code     2  stm32f1xx_it.o(i.SVC_Handler)
    SoftReset                                0x08004421   Thumb Code    68  main.o(i.SoftReset)
    SysTick_Handler                          0x080044c1   Thumb Code     8  stm32f1xx_it.o(i.SysTick_Handler)
    SystemClock_Config                       0x080044c9   Thumb Code   130  main.o(i.SystemClock_Config)
    SystemInit                               0x0800454d   Thumb Code    70  system_stm32f1xx.o(i.SystemInit)
    TIM1_UP_IRQHandler                       0x080045a5   Thumb Code    10  stm32f1xx_it.o(i.TIM1_UP_IRQHandler)
    TIM2_IRQHandler                          0x080045b5   Thumb Code    10  stm32f1xx_it.o(i.TIM2_IRQHandler)
    TIM4_IRQHandler                          0x080045c5   Thumb Code    10  stm32f1xx_it.o(i.TIM4_IRQHandler)
    TIM_Base_SetConfig                       0x080045d5   Thumb Code   134  stm32f1xx_hal_tim.o(i.TIM_Base_SetConfig)
    TIM_CCxChannelCmd                        0x08004671   Thumb Code    34  stm32f1xx_hal_tim.o(i.TIM_CCxChannelCmd)
    TIM_ETR_SetConfig                        0x08004693   Thumb Code    22  stm32f1xx_hal_tim.o(i.TIM_ETR_SetConfig)
    TIM_OC2_SetConfig                        0x0800472d   Thumb Code   114  stm32f1xx_hal_tim.o(i.TIM_OC2_SetConfig)
    USART1_IRQHandler                        0x08004c31   Thumb Code    10  stm32f1xx_it.o(i.USART1_IRQHandler)
    USART2_IRQHandler                        0x08004c41   Thumb Code    10  stm32f1xx_it.o(i.USART2_IRQHandler)
    USR_C322_ACTION                          0x08004c51   Thumb Code  4392  main.o(i.USR_C322_ACTION)
    UsageFault_Handler                       0x08005d89   Thumb Code     4  stm32f1xx_it.o(i.UsageFault_Handler)
    WORK_DOOR                                0x08005d8d   Thumb Code    56  main.o(i.WORK_DOOR)
    WORK_LED                                 0x08005dc9   Thumb Code   210  main.o(i.WORK_LED)
    __0printf$1                              0x08005ea9   Thumb Code    22  printf1.o(i.__0printf$1)
    __1printf$1                              0x08005ea9   Thumb Code     0  printf1.o(i.__0printf$1)
    __2printf                                0x08005ea9   Thumb Code     0  printf1.o(i.__0printf$1)
    __scatterload_copy                       0x08005f01   Thumb Code    14  handlers.o(i.__scatterload_copy)
    __scatterload_null                       0x08005f0f   Thumb Code     2  handlers.o(i.__scatterload_null)
    __scatterload_zeroinit                   0x08005f11   Thumb Code    14  handlers.o(i.__scatterload_zeroinit)
    at24c16_read                             0x08006075   Thumb Code    66  24c16.o(i.at24c16_read)
    at24c16_start                            0x080060b9   Thumb Code    54  24c16.o(i.at24c16_start)
    at24c16_stop                             0x080060f5   Thumb Code    42  24c16.o(i.at24c16_stop)
    at24c16_write                            0x08006125   Thumb Code    76  24c16.o(i.at24c16_write)
    chuifengji                               0x08006171   Thumb Code   292  main.o(i.chuifengji)
    clock                                    0x080062f9   Thumb Code    64  24c16.o(i.clock)
    fputc                                    0x0800633d   Thumb Code    22  main.o(i.fputc)
    main                                     0x08006359   Thumb Code   148  main.o(i.main)
    read_1byte                               0x08006411   Thumb Code   114  24c16.o(i.read_1byte)
    write_1byte                              0x08006489   Thumb Code   130  24c16.o(i.write_1byte)
    AHBPrescTable                            0x08006510   Data          16  system_stm32f1xx.o(.constdata)
    APBPrescTable                            0x08006520   Data           8  system_stm32f1xx.o(.constdata)
    Region$$Table$$Base                      0x08006630   Number         0  anon$$obj.o(Region$$Table)
    Region$$Table$$Limit                     0x08006650   Number         0  anon$$obj.o(Region$$Table)
    time_delay                               0x20000000   Data           4  24c16.o(.data)
    driver                                   0x2000002c   Data           3  main.o(.data)
    test_value                               0x2000002f   Data           1  main.o(.data)
    test_c322_value                          0x20000030   Data           1  main.o(.data)
    C322_Config_Success                      0x20000031   Data           1  main.o(.data)
    usr_c322                                 0x20000032   Data           1  main.o(.data)
    Noise_SendData                           0x20000033   Data           8  main.o(.data)
    Heart_beat                               0x2000003b   Data          10  main.o(.data)
    Alarm_Data                               0x20000045   Data          10  main.o(.data)
    Heart_Rev                                0x2000004f   Data          10  main.o(.data)
    work_status                              0x20000059   Data           1  main.o(.data)
    id_name                                  0x2000005a   Data           4  main.o(.data)
    work_fault                               0x2000005e   Data           1  main.o(.data)
    noise_num                                0x2000005f   Data           1  main.o(.data)
    alarm_start                              0x20000060   Data           1  main.o(.data)
    net_work                                 0x20000061   Data           1  main.o(.data)
    alarm_times                              0x20000062   Data           1  main.o(.data)
    auto_fooh                                0x20000063   Data           1  main.o(.data)
    auto_water                               0x20000064   Data           1  main.o(.data)
    net_check                                0x20000065   Data           1  main.o(.data)
    heart_check                              0x20000066   Data           1  main.o(.data)
    chui_value                               0x20000067   Data           1  main.o(.data)
    chui_step                                0x20000068   Data           1  main.o(.data)
    chui_times                               0x20000069   Data           1  main.o(.data)
    noise_alarm                              0x2000006a   Data           1  main.o(.data)
    meep_status                              0x2000006b   Data           1  main.o(.data)
    led_status                               0x2000006c   Data           1  main.o(.data)
    led_set_work                             0x2000006d   Data           1  main.o(.data)
    door_status                              0x2000006e   Data           1  main.o(.data)
    Lock_Code                                0x20000070   Data           4  main.o(.data)
    Buff_test                                0x20000074   Data           4  main.o(.data)
    Noise_db                                 0x20000078   Data           2  main.o(.data)
    auto_clean                               0x2000007a   Data           1  main.o(.data)
    auto_clean_step                          0x2000007b   Data           1  main.o(.data)
    t1_count_ms                              0x2000007c   Data           4  main.o(.data)
    aa                                       0x20000080   Data           1  main.o(.data)
    bb                                       0x20000081   Data           1  main.o(.data)
    uwTick                                   0x20000084   Data           4  stm32f1xx_hal.o(.data)
    uwTickPrio                               0x20000088   Data           4  stm32f1xx_hal.o(.data)
    uwTickFreq                               0x2000008c   Data           1  stm32f1xx_hal.o(.data)
    SystemCoreClock                          0x20000090   Data           4  system_stm32f1xx.o(.data)
    __stdout                                 0x20000094   Data           4  stdout.o(.data)
    Uart1                                    0x20000098   Data         279  main.o(.bss)
    Uart2                                    0x200001af   Data         279  main.o(.bss)
    CpuID                                    0x200002c8   Data          12  main.o(.bss)
    t2_count_ms                              0x200002d4   Data          76  main.o(.bss)
    hadc1                                    0x20000320   Data          48  adc.o(.bss)
    htim1                                    0x20000350   Data          64  tim.o(.bss)
    htim2                                    0x20000390   Data          64  tim.o(.bss)
    htim4                                    0x200003d0   Data          64  tim.o(.bss)
    huart4                                   0x20000410   Data          64  usart.o(.bss)
    huart1                                   0x20000450   Data          64  usart.o(.bss)
    huart2                                   0x20000490   Data          64  usart.o(.bss)
    huart3                                   0x200004d0   Data          64  usart.o(.bss)
    __initial_sp                             0x20000910   Data           0  startup_stm32f103xe.o(STACK)



==============================================================================

Memory Map of the image

  Image Entry point : 0x08000131

  Load Region LR_IROM1 (Base: 0x08000000, Size: 0x000066e8, Max: 0x00040000, ABSOLUTE)

    Execution Region ER_IROM1 (Exec base: 0x08000000, Load base: 0x08000000, Size: 0x00006650, Max: 0x00040000, ABSOLUTE)

    Exec Addr    Load Addr    Size         Type   Attr      Idx    E Section Name        Object

    0x08000000   0x08000000   0x00000130   Data   RO            3    RESET               startup_stm32f103xe.o
    0x08000130   0x08000130   0x00000000   Code   RO         3360  * .ARM.Collect$$$$00000000  mc_w.l(entry.o)
    0x08000130   0x08000130   0x00000004   Code   RO         3630    .ARM.Collect$$$$00000001  mc_w.l(entry2.o)
    0x08000134   0x08000134   0x00000004   Code   RO         3633    .ARM.Collect$$$$00000004  mc_w.l(entry5.o)
    0x08000138   0x08000138   0x00000000   Code   RO         3635    .ARM.Collect$$$$00000008  mc_w.l(entry7b.o)
    0x08000138   0x08000138   0x00000000   Code   RO         3637    .ARM.Collect$$$$0000000A  mc_w.l(entry8b.o)
    0x08000138   0x08000138   0x00000008   Code   RO         3638    .ARM.Collect$$$$0000000B  mc_w.l(entry9a.o)
    0x08000140   0x08000140   0x00000000   Code   RO         3640    .ARM.Collect$$$$0000000D  mc_w.l(entry10a.o)
    0x08000140   0x08000140   0x00000000   Code   RO         3642    .ARM.Collect$$$$0000000F  mc_w.l(entry11a.o)
    0x08000140   0x08000140   0x00000004   Code   RO         3631    .ARM.Collect$$$$00002712  mc_w.l(entry2.o)
    0x08000144   0x08000144   0x00000024   Code   RO            4    .text               startup_stm32f103xe.o
    0x08000168   0x08000168   0x00000024   Code   RO         3365    .text               mc_w.l(memseta.o)
    0x0800018c   0x0800018c   0x0000000e   Code   RO         3367    .text               mc_w.l(strlen.o)
    0x0800019a   0x0800019a   0x0000002c   Code   RO         3645    .text               mc_w.l(uidiv.o)
    0x080001c6   0x080001c6   0x00000002   PAD
    0x080001c8   0x080001c8   0x00000024   Code   RO         3660    .text               mc_w.l(init.o)
    0x080001ec   0x080001ec   0x00000052   Code   RO          774    i.ADC_ConversionStop_Disable  stm32f1xx_hal_adc.o
    0x0800023e   0x0800023e   0x00000002   PAD
    0x08000240   0x08000240   0x00000ac8   Code   RO          203    i.Auto_CleanOut     main.o
    0x08000d08   0x08000d08   0x00000004   Code   RO          608    i.BusFault_Handler  stm32f1xx_it.o
    0x08000d0c   0x08000d0c   0x00000118   Code   RO          204    i.C322_CONFIG_Init  main.o
    0x08000e24   0x08000e24   0x00000250   Code   RO          205    i.CHECK_STATUS      main.o
    0x08001074   0x08001074   0x0000024c   Code   RO          206    i.Config_usr322     main.o
    0x080012c0   0x080012c0   0x00000002   Code   RO          609    i.DebugMon_Handler  stm32f1xx_it.o
    0x080012c2   0x080012c2   0x00000002   PAD
    0x080012c4   0x080012c4   0x00000038   Code   RO           13    i.Delay_ms          24c16.o
    0x080012fc   0x080012fc   0x0000003c   Code   RO           14    i.Delay_us          24c16.o
    0x08001338   0x08001338   0x00000002   Code   RO          207    i.Error_Handler     main.o
    0x0800133a   0x0800133a   0x00000002   PAD
    0x0800133c   0x0800133c   0x0000007c   Code   RO          208    i.GetLockCode       main.o
    0x080013b8   0x080013b8   0x00000160   Code   RO          780    i.HAL_ADC_ConfigChannel  stm32f1xx_hal_adc.o
    0x08001518   0x08001518   0x00000160   Code   RO          789    i.HAL_ADC_Init      stm32f1xx_hal_adc.o
    0x08001678   0x08001678   0x00000070   Code   RO          447    i.HAL_ADC_MspInit   adc.o
    0x080016e8   0x080016e8   0x000001a8   Code   RO         2705    i.HAL_DMA_Abort_IT  stm32f1xx_hal_dma.o
    0x08001890   0x08001890   0x00000340   Code   RO         2640    i.HAL_GPIO_Init     stm32f1xx_hal_gpio.o
    0x08001bd0   0x08001bd0   0x00000010   Code   RO         2642    i.HAL_GPIO_ReadPin  stm32f1xx_hal_gpio.o
    0x08001be0   0x08001be0   0x0000000c   Code   RO         2644    i.HAL_GPIO_WritePin  stm32f1xx_hal_gpio.o
    0x08001bec   0x08001bec   0x0000000c   Code   RO         2331    i.HAL_GetTick       stm32f1xx_hal.o
    0x08001bf8   0x08001bf8   0x0000000c   Code   RO         2334    i.HAL_GetUIDw0      stm32f1xx_hal.o
    0x08001c04   0x08001c04   0x0000000c   Code   RO         2335    i.HAL_GetUIDw1      stm32f1xx_hal.o
    0x08001c10   0x08001c10   0x0000000c   Code   RO         2336    i.HAL_GetUIDw2      stm32f1xx_hal.o
    0x08001c1c   0x08001c1c   0x00000018   Code   RO          209    i.HAL_IncTick       main.o
    0x08001c34   0x08001c34   0x00000028   Code   RO         2338    i.HAL_Init          stm32f1xx_hal.o
    0x08001c5c   0x08001c5c   0x0000004c   Code   RO         2339    i.HAL_InitTick      stm32f1xx_hal.o
    0x08001ca8   0x08001ca8   0x00000054   Code   RO          714    i.HAL_MspInit       stm32f1xx_hal_msp.o
    0x08001cfc   0x08001cfc   0x00000020   Code   RO         2800    i.HAL_NVIC_EnableIRQ  stm32f1xx_hal_cortex.o
    0x08001d1c   0x08001d1c   0x0000007c   Code   RO         2806    i.HAL_NVIC_SetPriority  stm32f1xx_hal_cortex.o
    0x08001d98   0x08001d98   0x00000028   Code   RO         2807    i.HAL_NVIC_SetPriorityGrouping  stm32f1xx_hal_cortex.o
    0x08001dc0   0x08001dc0   0x00000130   Code   RO         2603    i.HAL_RCCEx_PeriphCLKConfig  stm32f1xx_hal_rcc_ex.o
    0x08001ef0   0x08001ef0   0x0000018c   Code   RO         2495    i.HAL_RCC_ClockConfig  stm32f1xx_hal_rcc.o
    0x0800207c   0x0800207c   0x0000000c   Code   RO         2500    i.HAL_RCC_GetHCLKFreq  stm32f1xx_hal_rcc.o
    0x08002088   0x08002088   0x00000020   Code   RO         2502    i.HAL_RCC_GetPCLK1Freq  stm32f1xx_hal_rcc.o
    0x080020a8   0x080020a8   0x00000020   Code   RO         2503    i.HAL_RCC_GetPCLK2Freq  stm32f1xx_hal_rcc.o
    0x080020c8   0x080020c8   0x00000094   Code   RO         2504    i.HAL_RCC_GetSysClockFreq  stm32f1xx_hal_rcc.o
    0x0800215c   0x0800215c   0x00000464   Code   RO         2507    i.HAL_RCC_OscConfig  stm32f1xx_hal_rcc.o
    0x080025c0   0x080025c0   0x00000034   Code   RO         2811    i.HAL_SYSTICK_Config  stm32f1xx_hal_cortex.o
    0x080025f4   0x080025f4   0x00000002   Code   RO         1738    i.HAL_TIMEx_BreakCallback  stm32f1xx_hal_tim_ex.o
    0x080025f6   0x080025f6   0x00000002   Code   RO         1739    i.HAL_TIMEx_CommutCallback  stm32f1xx_hal_tim_ex.o
    0x080025f8   0x080025f8   0x00000054   Code   RO         1756    i.HAL_TIMEx_MasterConfigSynchronization  stm32f1xx_hal_tim_ex.o
    0x0800264c   0x0800264c   0x00000034   Code   RO         1052    i.HAL_TIM_Base_Init  stm32f1xx_hal_tim.o
    0x08002680   0x08002680   0x000000b4   Code   RO          489    i.HAL_TIM_Base_MspInit  tim.o
    0x08002734   0x08002734   0x0000002a   Code   RO         1057    i.HAL_TIM_Base_Start_IT  stm32f1xx_hal_tim.o
    0x0800275e   0x0800275e   0x00000108   Code   RO         1061    i.HAL_TIM_ConfigClockSource  stm32f1xx_hal_tim.o
    0x08002866   0x08002866   0x00000002   Code   RO         1081    i.HAL_TIM_IC_CaptureCallback  stm32f1xx_hal_tim.o
    0x08002868   0x08002868   0x00000196   Code   RO         1095    i.HAL_TIM_IRQHandler  stm32f1xx_hal_tim.o
    0x080029fe   0x080029fe   0x00000002   PAD
    0x08002a00   0x08002a00   0x00000058   Code   RO          490    i.HAL_TIM_MspPostInit  tim.o
    0x08002a58   0x08002a58   0x00000002   Code   RO         1098    i.HAL_TIM_OC_DelayElapsedCallback  stm32f1xx_hal_tim.o
    0x08002a5a   0x08002a5a   0x00000108   Code   RO         1119    i.HAL_TIM_PWM_ConfigChannel  stm32f1xx_hal_tim.o
    0x08002b62   0x08002b62   0x00000034   Code   RO         1122    i.HAL_TIM_PWM_Init  stm32f1xx_hal_tim.o
    0x08002b96   0x08002b96   0x00000002   Code   RO         1124    i.HAL_TIM_PWM_MspInit  stm32f1xx_hal_tim.o
    0x08002b98   0x08002b98   0x00000002   Code   RO         1125    i.HAL_TIM_PWM_PulseFinishedCallback  stm32f1xx_hal_tim.o
    0x08002b9a   0x08002b9a   0x00000002   PAD
    0x08002b9c   0x08002b9c   0x00000058   Code   RO         1127    i.HAL_TIM_PWM_Start  stm32f1xx_hal_tim.o
    0x08002bf4   0x08002bf4   0x00000088   Code   RO         1130    i.HAL_TIM_PWM_Stop  stm32f1xx_hal_tim.o
    0x08002c7c   0x08002c7c   0x0000005c   Code   RO          210    i.HAL_TIM_PeriodElapsedCallback  main.o
    0x08002cd8   0x08002cd8   0x00000002   Code   RO         1138    i.HAL_TIM_TriggerCallback  stm32f1xx_hal_tim.o
    0x08002cda   0x08002cda   0x00000002   Code   RO         2010    i.HAL_UART_ErrorCallback  stm32f1xx_hal_uart.o
    0x08002cdc   0x08002cdc   0x0000014c   Code   RO         2013    i.HAL_UART_IRQHandler  stm32f1xx_hal_uart.o
    0x08002e28   0x08002e28   0x00000072   Code   RO         2014    i.HAL_UART_Init     stm32f1xx_hal_uart.o
    0x08002e9a   0x08002e9a   0x00000002   PAD
    0x08002e9c   0x08002e9c   0x000001f0   Code   RO          549    i.HAL_UART_MspInit  usart.o
    0x0800308c   0x0800308c   0x00000070   Code   RO         2019    i.HAL_UART_Receive_IT  stm32f1xx_hal_uart.o
    0x080030fc   0x080030fc   0x0000055c   Code   RO          211    i.HAL_UART_RxCpltCallback  main.o
    0x08003658   0x08003658   0x000000d6   Code   RO         2022    i.HAL_UART_Transmit  stm32f1xx_hal_uart.o
    0x0800372e   0x0800372e   0x00000002   Code   RO         2025    i.HAL_UART_TxCpltCallback  stm32f1xx_hal_uart.o
    0x08003730   0x08003730   0x00000278   Code   RO          212    i.HC_SR505_Status   main.o
    0x080039a8   0x080039a8   0x00000004   Code   RO          610    i.HardFault_Handler  stm32f1xx_it.o
    0x080039ac   0x080039ac   0x0000009c   Code   RO          213    i.Heart_Beat        main.o
    0x08003a48   0x08003a48   0x00000058   Code   RO          214    i.MEEP_SET          main.o
    0x08003aa0   0x08003aa0   0x0000005c   Code   RO          448    i.MX_ADC1_Init      adc.o
    0x08003afc   0x08003afc   0x000001b8   Code   RO          418    i.MX_GPIO_Init      gpio.o
    0x08003cb4   0x08003cb4   0x00000070   Code   RO          491    i.MX_TIM1_Init      tim.o
    0x08003d24   0x08003d24   0x0000006c   Code   RO          492    i.MX_TIM2_Init      tim.o
    0x08003d90   0x08003d90   0x000000a4   Code   RO          493    i.MX_TIM4_Init      tim.o
    0x08003e34   0x08003e34   0x00000038   Code   RO          550    i.MX_UART4_Init     usart.o
    0x08003e6c   0x08003e6c   0x00000038   Code   RO          551    i.MX_USART1_UART_Init  usart.o
    0x08003ea4   0x08003ea4   0x00000038   Code   RO          552    i.MX_USART2_UART_Init  usart.o
    0x08003edc   0x08003edc   0x00000038   Code   RO          553    i.MX_USART3_UART_Init  usart.o
    0x08003f14   0x08003f14   0x00000004   Code   RO          611    i.MemManage_Handler  stm32f1xx_it.o
    0x08003f18   0x08003f18   0x00000054   Code   RO          215    i.ModbusCrc16_Receive  main.o
    0x08003f6c   0x08003f6c   0x00000048   Code   RO          216    i.ModbusCrc16_Send  main.o
    0x08003fb4   0x08003fb4   0x00000002   Code   RO          612    i.NMI_Handler       stm32f1xx_it.o
    0x08003fb6   0x08003fb6   0x00000002   PAD
    0x08003fb8   0x08003fb8   0x00000134   Code   RO          217    i.Noise_Status      main.o
    0x080040ec   0x080040ec   0x00000044   Code   RO          218    i.OPEN_DOOR         main.o
    0x08004130   0x08004130   0x00000002   Code   RO          613    i.PendSV_Handler    stm32f1xx_it.o
    0x08004132   0x08004132   0x00000002   PAD
    0x08004134   0x08004134   0x00000028   Code   RO         2508    i.RCC_Delay         stm32f1xx_hal_rcc.o
    0x0800415c   0x0800415c   0x000002c0   Code   RO          219    i.READ_WORKSTATUS   main.o
    0x0800441c   0x0800441c   0x00000002   Code   RO          614    i.SVC_Handler       stm32f1xx_it.o
    0x0800441e   0x0800441e   0x00000002   PAD
    0x08004420   0x08004420   0x0000004c   Code   RO          220    i.SoftReset         main.o
    0x0800446c   0x0800446c   0x00000054   Code   RO           15    i.SysTick_Config    24c16.o
    0x080044c0   0x080044c0   0x00000008   Code   RO          615    i.SysTick_Handler   stm32f1xx_it.o
    0x080044c8   0x080044c8   0x00000082   Code   RO          221    i.SystemClock_Config  main.o
    0x0800454a   0x0800454a   0x00000002   PAD
    0x0800454c   0x0800454c   0x00000058   Code   RO         3327    i.SystemInit        system_stm32f1xx.o
    0x080045a4   0x080045a4   0x00000010   Code   RO          616    i.TIM1_UP_IRQHandler  stm32f1xx_it.o
    0x080045b4   0x080045b4   0x00000010   Code   RO          617    i.TIM2_IRQHandler   stm32f1xx_it.o
    0x080045c4   0x080045c4   0x00000010   Code   RO          618    i.TIM4_IRQHandler   stm32f1xx_it.o
    0x080045d4   0x080045d4   0x0000009c   Code   RO         1140    i.TIM_Base_SetConfig  stm32f1xx_hal_tim.o
    0x08004670   0x08004670   0x00000022   Code   RO         1141    i.TIM_CCxChannelCmd  stm32f1xx_hal_tim.o
    0x08004692   0x08004692   0x00000016   Code   RO         1151    i.TIM_ETR_SetConfig  stm32f1xx_hal_tim.o
    0x080046a8   0x080046a8   0x00000012   Code   RO         1152    i.TIM_ITRx_SetConfig  stm32f1xx_hal_tim.o
    0x080046ba   0x080046ba   0x00000002   PAD
    0x080046bc   0x080046bc   0x00000070   Code   RO         1153    i.TIM_OC1_SetConfig  stm32f1xx_hal_tim.o
    0x0800472c   0x0800472c   0x0000007c   Code   RO         1154    i.TIM_OC2_SetConfig  stm32f1xx_hal_tim.o
    0x080047a8   0x080047a8   0x00000078   Code   RO         1155    i.TIM_OC3_SetConfig  stm32f1xx_hal_tim.o
    0x08004820   0x08004820   0x00000054   Code   RO         1156    i.TIM_OC4_SetConfig  stm32f1xx_hal_tim.o
    0x08004874   0x08004874   0x00000026   Code   RO         1158    i.TIM_TI1_ConfigInputStage  stm32f1xx_hal_tim.o
    0x0800489a   0x0800489a   0x00000028   Code   RO         1160    i.TIM_TI2_ConfigInputStage  stm32f1xx_hal_tim.o
    0x080048c2   0x080048c2   0x00000014   Code   RO         2027    i.UART_DMAAbortOnError  stm32f1xx_hal_uart.o
    0x080048d6   0x080048d6   0x00000020   Code   RO         2037    i.UART_EndRxTransfer  stm32f1xx_hal_uart.o
    0x080048f6   0x080048f6   0x00000020   Code   RO         2038    i.UART_EndTransmit_IT  stm32f1xx_hal_uart.o
    0x08004916   0x08004916   0x000000a6   Code   RO         2040    i.UART_Receive_IT   stm32f1xx_hal_uart.o
    0x080049bc   0x080049bc   0x000001a0   Code   RO         2041    i.UART_SetConfig    stm32f1xx_hal_uart.o
    0x08004b5c   0x08004b5c   0x00000068   Code   RO         2042    i.UART_Transmit_IT  stm32f1xx_hal_uart.o
    0x08004bc4   0x08004bc4   0x0000006c   Code   RO         2043    i.UART_WaitOnFlagUntilTimeout  stm32f1xx_hal_uart.o
    0x08004c30   0x08004c30   0x00000010   Code   RO          619    i.USART1_IRQHandler  stm32f1xx_it.o
    0x08004c40   0x08004c40   0x00000010   Code   RO          620    i.USART2_IRQHandler  stm32f1xx_it.o
    0x08004c50   0x08004c50   0x00001138   Code   RO          222    i.USR_C322_ACTION   main.o
    0x08005d88   0x08005d88   0x00000004   Code   RO          621    i.UsageFault_Handler  stm32f1xx_it.o
    0x08005d8c   0x08005d8c   0x0000003c   Code   RO          223    i.WORK_DOOR         main.o
    0x08005dc8   0x08005dc8   0x000000e0   Code   RO          224    i.WORK_LED          main.o
    0x08005ea8   0x08005ea8   0x00000020   Code   RO         3414    i.__0printf$1       mc_w.l(printf1.o)
    0x08005ec8   0x08005ec8   0x00000010   Code   RO         2813    i.__NVIC_GetPriorityGrouping  stm32f1xx_hal_cortex.o
    0x08005ed8   0x08005ed8   0x00000028   Code   RO         2814    i.__NVIC_SetPriority  stm32f1xx_hal_cortex.o
    0x08005f00   0x08005f00   0x0000000e   Code   RO         3670    i.__scatterload_copy  mc_w.l(handlers.o)
    0x08005f0e   0x08005f0e   0x00000002   Code   RO         3671    i.__scatterload_null  mc_w.l(handlers.o)
    0x08005f10   0x08005f10   0x0000000e   Code   RO         3672    i.__scatterload_zeroinit  mc_w.l(handlers.o)
    0x08005f1e   0x08005f1e   0x00000002   PAD
    0x08005f20   0x08005f20   0x00000154   Code   RO         3421    i._printf_core      mc_w.l(printf1.o)
    0x08006074   0x08006074   0x00000042   Code   RO           16    i.at24c16_read      24c16.o
    0x080060b6   0x080060b6   0x00000002   PAD
    0x080060b8   0x080060b8   0x0000003c   Code   RO           17    i.at24c16_start     24c16.o
    0x080060f4   0x080060f4   0x00000030   Code   RO           18    i.at24c16_stop      24c16.o
    0x08006124   0x08006124   0x0000004c   Code   RO           19    i.at24c16_write     24c16.o
    0x08006170   0x08006170   0x00000188   Code   RO          225    i.chuifengji        main.o
    0x080062f8   0x080062f8   0x00000044   Code   RO           20    i.clock             24c16.o
    0x0800633c   0x0800633c   0x0000001c   Code   RO          226    i.fputc             main.o
    0x08006358   0x08006358   0x000000b8   Code   RO          227    i.main              main.o
    0x08006410   0x08006410   0x00000078   Code   RO           23    i.read_1byte        24c16.o
    0x08006488   0x08006488   0x00000088   Code   RO           24    i.write_1byte       24c16.o
    0x08006510   0x08006510   0x00000018   Data   RO         3328    .constdata          system_stm32f1xx.o
    0x08006528   0x08006528   0x00000106   Data   RO          230    .conststring        main.o
    0x0800662e   0x0800662e   0x00000002   PAD
    0x08006630   0x08006630   0x00000020   Data   RO         3668    Region$$Table       anon$$obj.o


    Execution Region RW_IRAM1 (Exec base: 0x20000000, Load base: 0x08006650, Size: 0x00000910, Max: 0x0000c000, ABSOLUTE)

    Exec Addr    Load Addr    Size         Type   Attr      Idx    E Section Name        Object

    0x20000000   0x08006650   0x00000004   Data   RW           25    .data               24c16.o
    0x20000004   0x08006654   0x0000007e   Data   RW          231    .data               main.o
    0x20000082   0x080066d2   0x00000002   PAD
    0x20000084   0x080066d4   0x00000009   Data   RW         2345    .data               stm32f1xx_hal.o
    0x2000008d   0x080066dd   0x00000003   PAD
    0x20000090   0x080066e0   0x00000004   Data   RW         3329    .data               system_stm32f1xx.o
    0x20000094   0x080066e4   0x00000004   Data   RW         3644    .data               mc_w.l(stdout.o)
    0x20000098        -       0x00000288   Zero   RW          229    .bss                main.o
    0x20000320        -       0x00000030   Zero   RW          449    .bss                adc.o
    0x20000350        -       0x000000c0   Zero   RW          494    .bss                tim.o
    0x20000410        -       0x00000100   Zero   RW          554    .bss                usart.o
    0x20000510        -       0x00000400   Zero   RW            1    STACK               startup_stm32f103xe.o


==============================================================================

Image component sizes


      Code (inc. data)   RO Data    RW Data    ZI Data      Debug   Object Name

       774         52          0          4          0     531623   24c16.o
       204         24          0          0         48       1529   adc.o
       440         22          0          0          0       1047   gpio.o
     13448       4174        262        126        648      48798   main.o
        36          8        304          0       1024        784   startup_stm32f103xe.o
       164         42          0          9          0       6740   stm32f1xx_hal.o
       786         26          0          0          0       3048   stm32f1xx_hal_adc.o
       304         22          0          0          0      29267   stm32f1xx_hal_cortex.o
       424         10          0          0          0       1187   stm32f1xx_hal_dma.o
       860         40          0          0          0       3247   stm32f1xx_hal_gpio.o
        84          8          0          0          0        822   stm32f1xx_hal_msp.o
      1784        110          0          0          0       5840   stm32f1xx_hal_rcc.o
       304         14          0          0          0       1352   stm32f1xx_hal_rcc_ex.o
      2062         76          0          0          0      15475   stm32f1xx_hal_tim.o
        88          0          0          0          0       2269   stm32f1xx_hal_tim_ex.o
      1654         10          0          0          0       9175   stm32f1xx_hal_uart.o
       112         30          0          0          0       5803   stm32f1xx_it.o
        88         18         24          4          0       1099   system_stm32f1xx.o
       652         52          0          0        192       3462   tim.o
       720         72          0          0        256       3323   usart.o

    ----------------------------------------------------------------------
     25012       4810        624        148       2168     675890   Object Totals
         0          0         32          0          0          0   (incl. Generated)
        24          0          2          5          0          0   (incl. Padding)

    ----------------------------------------------------------------------

      Code (inc. data)   RO Data    RW Data    ZI Data      Debug   Library Member Name

         0          0          0          0          0          0   entry.o
         0          0          0          0          0          0   entry10a.o
         0          0          0          0          0          0   entry11a.o
         8          4          0          0          0          0   entry2.o
         4          0          0          0          0          0   entry5.o
         0          0          0          0          0          0   entry7b.o
         0          0          0          0          0          0   entry8b.o
         8          4          0          0          0          0   entry9a.o
        30          0          0          0          0          0   handlers.o
        36          8          0          0          0         68   init.o
        36          0          0          0          0        108   memseta.o
       372         14          0          0          0        184   printf1.o
         0          0          0          4          0          0   stdout.o
        14          0          0          0          0         68   strlen.o
        44          0          0          0          0         80   uidiv.o

    ----------------------------------------------------------------------
       556         30          0          4          0        508   Library Totals
         4          0          0          0          0          0   (incl. Padding)

    ----------------------------------------------------------------------

      Code (inc. data)   RO Data    RW Data    ZI Data      Debug   Library Name

       552         30          0          4          0        508   mc_w.l

    ----------------------------------------------------------------------
       556         30          0          4          0        508   Library Totals

    ----------------------------------------------------------------------

==============================================================================


      Code (inc. data)   RO Data    RW Data    ZI Data      Debug   

     25568       4840        624        152       2168     669946   Grand Totals
     25568       4840        624        152       2168     669946   ELF Image Totals
     25568       4840        624        152          0          0   ROM Totals

==============================================================================

    Total RO  Size (Code + RO Data)                26192 (  25.58kB)
    Total RW  Size (RW Data + ZI Data)              2320 (   2.27kB)
    Total ROM Size (Code + RO Data + RW Data)      26344 (  25.73kB)

==============================================================================

